<html>
<body>
<pre>
<h1>µVision Build Log</h1>
<h2>Tool Versions:</h2>
IDE-Version: ¦ÌVision V5.41.0.0
Copyright (C) 2024 ARM Ltd and ARM Germany GmbH. All rights reserved.
License Information: t lth, kth, LIC=47GU5-GWTDG-TGB7T-RN9BB-XIRF5-VJ5TW
 
Tool Versions:
Toolchain:       MDK-ARM Plus  Version: 5.41.0.0
Toolchain Path:  C:\Users\lth\AppData\Local\Keil_v5\ARM\ARMCLANG\Bin
C Compiler:      ArmClang.exe V6.22
Assembler:       Armasm.exe V6.22
Linker/Locator:  ArmLink.exe V6.22
Library Manager: ArmAr.exe V6.22
Hex Converter:   FromElf.exe V6.22
CPU DLL:         SARMCM3.DLL V5.41.0.0
Dialog DLL:      DCM.DLL V1.17.5.0
Target DLL:      STLink\ST-LINKIII-KEIL_SWO.dll V3.3.0.0
Dialog DLL:      TCM.DLL V1.56.4.0
 
<h2>Project:</h2>
E:\stm32\555\stm32_h7_bsp\MDK-ARM\stm32_h7_bsp.uvprojx
Project File Date:  07/04/2025

<h2>Output:</h2>
*** Using Compiler 'V6.22', folder: 'C:\Users\lth\AppData\Local\Keil_v5\ARM\ARMCLANG\Bin'
Build target 'stm32_h7_bsp'
compiling main.c...
linking...
stm32_h7_bsp\stm32_h7_bsp.sct(16): warning: L6314W: No section matches pattern *(.RAM_D1).
stm32_h7_bsp\stm32_h7_bsp.sct(20): warning: L6314W: No section matches pattern *(.RAM_D2).
stm32_h7_bsp\stm32_h7_bsp.sct(24): warning: L6314W: No section matches pattern *(.RAM_D3).
Program Size: Code=32680 RO-data=796 RW-data=65588 ZI-data=2708  
Finished: 0 information, 3 warning and 0 error messages.
FromELF: creating hex file...
"stm32_h7_bsp\stm32_h7_bsp.axf" - 0 Error(s), 3 Warning(s).

<h2>Software Packages used:</h2>

Package Vendor: ARM
                https://www.keil.com/pack/ARM.CMSIS.6.1.0.pack
                ARM::CMSIS@6.1.0
                CMSIS (Common Microcontroller Software Interface Standard)
   * Component: CORE Version: 6.1.0

Package Vendor: Keil
                http://www.keil.com/pack/Keil.STM32H7xx_DFP.3.0.0.pack
                Keil::STM32H7xx_DFP@3.0.0
                STMicroelectronics STM32H7 Series Device Support and Examples

<h2>Collection of Component include folders:</h2>
  ./RTE/_stm32_h7_bsp
  C:/Users/lth/AppData/Local/Arm/Packs/ARM/CMSIS/6.1.0/CMSIS/Core/Include
  C:/Users/lth/AppData/Local/Arm/Packs/Keil/STM32H7xx_DFP/3.0.0/Drivers/CMSIS/Device/ST/STM32H7xx/Include

<h2>Collection of Component Files used:</h2>

   * Component: ARM::CMSIS:CORE@6.1.0
      Include file:  CMSIS/Core/Include/tz_context.h
Build Time Elapsed:  00:00:06
</pre>
</body>
</html>
