Component: Arm Compiler for Embedded 6.22 Tool: armlink [5ee90200]

==============================================================================

Section Cross References

    startup_stm32h750xx.o(RESET) refers to startup_stm32h750xx.o(STACK) for __initial_sp
    startup_stm32h750xx.o(RESET) refers to startup_stm32h750xx.o(.text) for Reset_Handler
    startup_stm32h750xx.o(RESET) refers to stm32h7xx_it.o(.text.NMI_Handler) for NMI_Handler
    startup_stm32h750xx.o(RESET) refers to stm32h7xx_it.o(.text.HardFault_Handler) for HardFault_Handler
    startup_stm32h750xx.o(RESET) refers to stm32h7xx_it.o(.text.MemManage_Handler) for MemManage_Handler
    startup_stm32h750xx.o(RESET) refers to stm32h7xx_it.o(.text.BusFault_Handler) for BusFault_Handler
    startup_stm32h750xx.o(RESET) refers to stm32h7xx_it.o(.text.UsageFault_Handler) for UsageFault_Handler
    startup_stm32h750xx.o(RESET) refers to stm32h7xx_it.o(.text.SVC_Handler) for SVC_Handler
    startup_stm32h750xx.o(RESET) refers to stm32h7xx_it.o(.text.DebugMon_Handler) for DebugMon_Handler
    startup_stm32h750xx.o(RESET) refers to stm32h7xx_it.o(.text.PendSV_Handler) for PendSV_Handler
    startup_stm32h750xx.o(RESET) refers to stm32h7xx_it.o(.text.SysTick_Handler) for SysTick_Handler
    startup_stm32h750xx.o(RESET) refers to stm32h7xx_it.o(.text.DMA1_Stream0_IRQHandler) for DMA1_Stream0_IRQHandler
    startup_stm32h750xx.o(RESET) refers to stm32h7xx_it.o(.text.DMA1_Stream1_IRQHandler) for DMA1_Stream1_IRQHandler
    startup_stm32h750xx.o(RESET) refers to stm32h7xx_it.o(.text.DMA1_Stream2_IRQHandler) for DMA1_Stream2_IRQHandler
    startup_stm32h750xx.o(RESET) refers to stm32h7xx_it.o(.text.DMA1_Stream3_IRQHandler) for DMA1_Stream3_IRQHandler
    startup_stm32h750xx.o(RESET) refers to stm32h7xx_it.o(.text.USART1_IRQHandler) for USART1_IRQHandler
    startup_stm32h750xx.o(RESET) refers to stm32h7xx_it.o(.text.BDMA_Channel0_IRQHandler) for BDMA_Channel0_IRQHandler
    startup_stm32h750xx.o(.text) refers to system_stm32h7xx.o(.text.SystemInit) for SystemInit
    startup_stm32h750xx.o(.text) refers to entry.o(.ARM.Collect$$$$00000000) for __main
    filters.o(.text.createMovingAverageFilter) refers to malloc.o(i.malloc) for malloc
    filters.o(.text.createMovingAverageFilter) refers to memseta.o(.text) for __aeabi_memclr4
    filters.o(.ARM.exidx.text.createMovingAverageFilter) refers to filters.o(.text.createMovingAverageFilter) for [Anonymous Symbol]
    filters.o(.ARM.exidx.text.AverageFilter) refers to filters.o(.text.AverageFilter) for [Anonymous Symbol]
    filters.o(.ARM.exidx.text.updateMovingAverage) refers to filters.o(.text.updateMovingAverage) for [Anonymous Symbol]
    filters.o(.ARM.exidx.text.compareFloat) refers to filters.o(.text.compareFloat) for [Anonymous Symbol]
    filters.o(.text.createMedianFilter) refers to malloc.o(i.malloc) for malloc
    filters.o(.text.createMedianFilter) refers to memseta.o(.text) for __aeabi_memclr4
    filters.o(.ARM.exidx.text.createMedianFilter) refers to filters.o(.text.createMedianFilter) for [Anonymous Symbol]
    filters.o(.text.updateMedianFilter) refers to memmovea.o(.text) for __aeabi_memmove4
    filters.o(.text.updateMedianFilter) refers to filters.o(.text.compareFloat) for compareFloat
    filters.o(.text.updateMedianFilter) refers to qsort.o(.text) for qsort
    filters.o(.ARM.exidx.text.updateMedianFilter) refers to filters.o(.text.updateMedianFilter) for [Anonymous Symbol]
    filters.o(.ARM.exidx.text.initKalmanFilter) refers to filters.o(.text.initKalmanFilter) for [Anonymous Symbol]
    filters.o(.ARM.exidx.text.updateKalmanFilter) refers to filters.o(.text.updateKalmanFilter) for [Anonymous Symbol]
    filters.o(.ARM.exidx.text.initLowPassFilter) refers to filters.o(.text.initLowPassFilter) for [Anonymous Symbol]
    filters.o(.ARM.exidx.text.updateLowPassFilter) refers to filters.o(.text.updateLowPassFilter) for [Anonymous Symbol]
    filters.o(.ARM.exidx.text.initHighPassFilter) refers to filters.o(.text.initHighPassFilter) for [Anonymous Symbol]
    filters.o(.ARM.exidx.text.updateHighPassFilter) refers to filters.o(.text.updateHighPassFilter) for [Anonymous Symbol]
    filters.o(.text.create_volt_ratio_filter) refers to malloc.o(i.malloc) for malloc
    filters.o(.text.create_volt_ratio_filter) refers to calloc.o(.text) for calloc
    filters.o(.ARM.exidx.text.create_volt_ratio_filter) refers to filters.o(.text.create_volt_ratio_filter) for [Anonymous Symbol]
    filters.o(.text.update_volt_ratio) refers to filters.o(.bss.update_volt_ratio.hist_idx) for update_volt_ratio.hist_idx
    filters.o(.text.update_volt_ratio) refers to filters.o(.bss.update_volt_ratio.history) for update_volt_ratio.history
    filters.o(.text.update_volt_ratio) refers to filters.o(.text.compare_float) for compare_float
    filters.o(.text.update_volt_ratio) refers to qsort.o(.text) for qsort
[...]
    __lit__00000000                          0x080002a8   Data           4  entry2.o(.ARM.Collect$$$$00002712)
    .ARM.Collect$$$$0000000D                 0x080002a8   Section        0  entry10a.o(.ARM.Collect$$$$0000000D)
    .ARM.Collect$$$$0000000F                 0x080002a8   Section        0  entry11a.o(.ARM.Collect$$$$0000000F)
    .ARM.Collect$$$$00002712                 0x080002a8   Section        4  entry2.o(.ARM.Collect$$$$00002712)
    $v0                                      0x080002ac   Number         0  startup_stm32h750xx.o(.text)
    .text                                    0x080002ac   Section       36  startup_stm32h750xx.o(.text)
    .text                                    0x080002d0   Section        0  uldiv.o(.text)
    .text                                    0x08000332   Section        0  memseta.o(.text)
    .text                                    0x08000356   Section        0  strlen.o(.text)
    .text                                    0x08000364   Section        0  llshl.o(.text)
    .text                                    0x08000382   Section        0  llushr.o(.text)
    .text                                    0x080003a4   Section       48  init.o(.text)
    .text                                    0x080003d4   Section        0  __dczerorl.o(.text)
    [Anonymous Symbol]                       0x08000410   Section        0  stm32h7xx_hal_adc.o(.text.ADC_ConfigureBoostMode)
    [Anonymous Symbol]                       0x08000528   Section        0  stm32h7xx_hal_adc.o(.text.ADC_DMAConvCplt)
    [Anonymous Symbol]                       0x08000588   Section        0  stm32h7xx_hal_adc.o(.text.ADC_DMAError)
    [Anonymous Symbol]                       0x080005a0   Section        0  stm32h7xx_hal_adc.o(.text.ADC_DMAHalfConvCplt)
    [Anonymous Symbol]                       0x080005a8   Section        0  stm32h7xx_hal_adc.o(.text.ADC_Disable)
    [Anonymous Symbol]                       0x08000628   Section        0  stm32h7xx_hal_adc.o(.text.ADC_Enable)
    [Anonymous Symbol]                       0x080006d8   Section        0  stm32h7xx_it.o(.text.BDMA_Channel0_IRQHandler)
    [Anonymous Symbol]                       0x08000788   Section        0  stm32h7xx_it.o(.text.BusFault_Handler)
    [Anonymous Symbol]                       0x08000790   Section        0  stm32h7xx_it.o(.text.DMA1_Stream0_IRQHandler)
    [Anonymous Symbol]                       0x080007a0   Section        0  stm32h7xx_it.o(.text.DMA1_Stream1_IRQHandler)
    [Anonymous Symbol]                       0x080007b0   Section        0  stm32h7xx_it.o(.text.DMA1_Stream2_IRQHandler)
    [Anonymous Symbol]                       0x080007c0   Section        0  stm32h7xx_it.o(.text.DMA1_Stream3_IRQHandler)
    DMA_CalcBaseAndBitshift                  0x080007d1   Thumb Code   272  stm32h7xx_hal_dma.o(.text.DMA_CalcBaseAndBitshift)
    [Anonymous Symbol]                       0x080007d0   Section        0  stm32h7xx_hal_dma.o(.text.DMA_CalcBaseAndBitshift)
    DMA_CalcBaseAndBitshift.flagBitshiftOffset 0x080008e0   Number         0  stm32h7xx_hal_dma.o(.text.DMA_CalcBaseAndBitshift)
    DMA_SetConfig                            0x080008e9   Thumb Code   756  stm32h7xx_hal_dma.o(.text.DMA_SetConfig)
    [Anonymous Symbol]                       0x080008e8   Section        0  stm32h7xx_hal_dma.o(.text.DMA_SetConfig)
    [Anonymous Symbol]                       0x08000be0   Section        0  i2c_hal.o(.text.DWT_Init)
    [Anonymous Symbol]                       0x08000c10   Section        0  stm32h7xx_it.o(.text.DebugMon_Handler)
    [Anonymous Symbol]                       0x08000c18   Section        0  main.o(.text.Error_Handler)
    [Anonymous Symbol]                       0x08000c28   Section        0  stm32h7xx_hal_adc_ex.o(.text.HAL_ADCEx_Calibration_Start)
    [Anonymous Symbol]                       0x08000cc8   Section        0  stm32h7xx_hal_adc_ex.o(.text.HAL_ADCEx_MultiModeConfigChannel)
    [Anonymous Symbol]                       0x08000dd0   Section        0  stm32h7xx_hal_adc_ex.o(.text.HAL_ADCEx_MultiModeStart_DMA)
    [Anonymous Symbol]                       0x08000ee8   Section        0  stm32h7xx_hal_adc.o(.text.HAL_ADC_ConfigChannel)
    [Anonymous Symbol]                       0x08001340   Section        0  main.o(.text.HAL_ADC_ConvCpltCallback)
    [Anonymous Symbol]                       0x080013b8   Section        0  main.o(.text.HAL_ADC_ConvHalfCpltCallback)
    [Anonymous Symbol]                       0x08001430   Section        0  stm32h7xx_hal_adc.o(.text.HAL_ADC_ErrorCallback)
    [Anonymous Symbol]                       0x08001438   Section        0  stm32h7xx_hal_adc.o(.text.HAL_ADC_Init)
    [Anonymous Symbol]                       0x08001660   Section        0  adc.o(.text.HAL_ADC_MspInit)
    [Anonymous Symbol]                       0x08001858   Section        0  stm32h7xx_hal_adc.o(.text.HAL_ADC_Start)
    [Anonymous Symbol]                       0x08001958   Section        0  stm32h7xx_hal_dac.o(.text.HAL_DAC_ConfigChannel)
    [Anonymous Symbol]                       0x08001ac8   Section        0  stm32h7xx_hal_dac.o(.text.HAL_DAC_Init)
    [Anonymous Symbol]                       0x08001af8   Section        0  dac.o(.text.HAL_DAC_MspInit)
    [Anonymous Symbol]                       0x08001b60   Section        0  stm32h7xx_hal_dma.o(.text.HAL_DMA_Abort)
    [Anonymous Symbol]                       0x08002040   Section        0  stm32h7xx_hal_dma.o(.text.HAL_DMA_Abort_IT)
    [Anonymous Symbol]                       0x080022d8   Section        0  stm32h7xx_hal_dma.o(.text.HAL_DMA_IRQHandler)
    [Anonymous Symbol]                       0x08002d58   Section        0  stm32h7xx_hal_dma.o(.text.HAL_DMA_Init)
    [Anonymous Symbol]                       0x08003378   Section        0  stm32h7xx_hal_dma.o(.text.HAL_DMA_Start_IT)
    [Anonymous Symbol]                       0x08003700   Section        0  stm32h7xx_hal.o(.text.HAL_Delay)
    [Anonymous Symbol]                       0x08003728   Section        0  stm32h7xx_hal_gpio.o(.text.HAL_GPIO_Init)
    [Anonymous Symbol]                       0x080038d0   Section        0  stm32h7xx_hal_gpio.o(.text.HAL_GPIO_ReadPin)
    [Anonymous Symbol]                       0x080038e0   Section        0  stm32h7xx_hal_gpio.o(.text.HAL_GPIO_WritePin)
    [Anonymous Symbol]                       0x080038f0   Section        0  stm32h7xx_hal.o(.text.HAL_GetREVID)
    [Anonymous Symbol]                       0x08003900   Section        0  stm32h7xx_hal.o(.text.HAL_GetTick)
    [Anonymous Symbol]                       0x08003910   Section        0  stm32h7xx_hal_i2c_ex.o(.text.HAL_I2CEx_ConfigAnalogFilter)
    [Anonymous Symbol]                       0x08003960   Section        0  stm32h7xx_hal_i2c_ex.o(.text.HAL_I2CEx_ConfigDigitalFilter)
    [Anonymous Symbol]                       0x080039a8   Section        0  stm32h7xx_hal_i2c.o(.text.HAL_I2C_Init)
    [Anonymous Symbol]                       0x08003a50   Section        0  i2c.o(.text.HAL_I2C_MspInit)
    [Anonymous Symbol]                       0x08003ae0   Section        0  stm32h7xx_hal.o(.text.HAL_IncTick)
    [Anonymous Symbol]                       0x08003b00   Section        0  stm32h7xx_hal.o(.text.HAL_Init)
    [Anonymous Symbol]                       0x08003b68   Section        0  stm32h7xx_hal.o(.text.HAL_InitTick)
    [Anonymous Symbol]                       0x08003bc0   Section        0  stm32h7xx_hal_msp.o(.text.HAL_MspInit)
    [Anonymous Symbol]                       0x08003be0   Section        0  stm32h7xx_hal_cortex.o(.text.HAL_NVIC_EnableIRQ)
    [Anonymous Symbol]                       0x08003c08   Section        0  stm32h7xx_hal_cortex.o(.text.HAL_NVIC_SetPriority)
    [Anonymous Symbol]                       0x08003c68   Section        0  stm32h7xx_hal_cortex.o(.text.HAL_NVIC_SetPriorityGrouping)
    [Anonymous Symbol]                       0x08003c88   Section        0  stm32h7xx_hal_pwr_ex.o(.text.HAL_PWREx_ConfigSupply)
    [Anonymous Symbol]                       0x08003cd0   Section        0  stm32h7xx_hal_rcc_ex.o(.text.HAL_RCCEx_GetD3PCLK1Freq)
    [Anonymous Symbol]                       0x08003cf8   Section        0  stm32h7xx_hal_rcc_ex.o(.text.HAL_RCCEx_GetPLL1ClockFreq)
    [Anonymous Symbol]                       0x08003e28   Section        0  stm32h7xx_hal_rcc_ex.o(.text.HAL_RCCEx_GetPLL2ClockFreq)
    [Anonymous Symbol]                       0x08003f50   Section        0  stm32h7xx_hal_rcc_ex.o(.text.HAL_RCCEx_GetPLL3ClockFreq)
    [Anonymous Symbol]                       0x08004078   Section        0  stm32h7xx_hal_rcc_ex.o(.text.HAL_RCCEx_GetPeriphCLKFreq)
    [Anonymous Symbol]                       0x08004448   Section        0  stm32h7xx_hal_rcc_ex.o(.text.HAL_RCCEx_PeriphCLKConfig)
    [Anonymous Symbol]                       0x08004e80   Section        0  stm32h7xx_hal_rcc.o(.text.HAL_RCC_ClockConfig)
    [Anonymous Symbol]                       0x080050d0   Section        0  stm32h7xx_hal_rcc.o(.text.HAL_RCC_GetHCLKFreq)
    [Anonymous Symbol]                       0x08005120   Section        0  stm32h7xx_hal_rcc.o(.text.HAL_RCC_GetPCLK1Freq)
    [Anonymous Symbol]                       0x08005180   Section        0  stm32h7xx_hal_rcc.o(.text.HAL_RCC_GetPCLK2Freq)
    [Anonymous Symbol]                       0x080051e0   Section        0  stm32h7xx_hal_rcc.o(.text.HAL_RCC_GetSysClockFreq)
    [Anonymous Symbol]                       0x080052f0   Section        0  stm32h7xx_hal_rcc.o(.text.HAL_RCC_OscConfig)
    [Anonymous Symbol]                       0x08005920   Section        0  stm32h7xx_hal_cortex.o(.text.HAL_SYSTICK_Config)
    [Anonymous Symbol]                       0x08005950   Section        0  stm32h7xx_hal_tim_ex.o(.text.HAL_TIMEx_MasterConfigSynchronization)
    [Anonymous Symbol]                       0x08005a20   Section        0  stm32h7xx_hal_tim.o(.text.HAL_TIM_Base_Init)
    [Anonymous Symbol]                       0x08005a80   Section        0  tim.o(.text.HAL_TIM_Base_MspInit)
    [Anonymous Symbol]                       0x08005ab0   Section        0  stm32h7xx_hal_tim.o(.text.HAL_TIM_Base_Start)
    [Anonymous Symbol]                       0x08005b60   Section        0  stm32h7xx_hal_tim.o(.text.HAL_TIM_SlaveConfigSynchro)
    [Anonymous Symbol]                       0x08005bb0   Section        0  stm32h7xx_hal_uart_ex.o(.text.HAL_UARTEx_DisableFifoMode)
    [Anonymous Symbol]                       0x08005be8   Section        0  stm32h7xx_hal_uart_ex.o(.text.HAL_UARTEx_ReceiveToIdle_DMA)
    [Anonymous Symbol]                       0x08005c48   Section        0  usart.o(.text.HAL_UARTEx_RxEventCallback)
    [Anonymous Symbol]                       0x08005c70   Section        0  stm32h7xx_hal_uart_ex.o(.text.HAL_UARTEx_RxFifoFullCallback)
    [Anonymous Symbol]                       0x08005c78   Section        0  stm32h7xx_hal_uart_ex.o(.text.HAL_UARTEx_SetRxFifoThreshold)
    [Anonymous Symbol]                       0x08005d10   Section        0  stm32h7xx_hal_uart_ex.o(.text.HAL_UARTEx_SetTxFifoThreshold)
    [Anonymous Symbol]                       0x08005da8   Section        0  stm32h7xx_hal_uart_ex.o(.text.HAL_UARTEx_TxFifoEmptyCallback)
    [Anonymous Symbol]                       0x08005db0   Section        0  stm32h7xx_hal_uart_ex.o(.text.HAL_UARTEx_WakeupCallback)
    [Anonymous Symbol]                       0x08005db8   Section        0  stm32h7xx_hal_uart.o(.text.HAL_UART_ErrorCallback)
    [Anonymous Symbol]                       0x08005dc0   Section        0  stm32h7xx_hal_uart.o(.text.HAL_UART_IRQHandler)
    [Anonymous Symbol]                       0x08006170   Section        0  stm32h7xx_hal_uart.o(.text.HAL_UART_Init)
    [Anonymous Symbol]                       0x080061d8   Section        0  usart.o(.text.HAL_UART_MspInit)
    [Anonymous Symbol]                       0x080062f0   Section        0  stm32h7xx_hal_uart.o(.text.HAL_UART_Receive_IT)
    [Anonymous Symbol]                       0x08006350   Section        0  main.o(.text.HAL_UART_RxCpltCallback)
    [Anonymous Symbol]                       0x08006388   Section        0  stm32h7xx_hal_uart.o(.text.HAL_UART_RxHalfCpltCallback)
    [Anonymous Symbol]                       0x08006390   Section        0  stm32h7xx_hal_uart.o(.text.HAL_UART_Transmit)
    [Anonymous Symbol]                       0x08006490   Section        0  stm32h7xx_hal_uart.o(.text.HAL_UART_Transmit_DMA)
    [Anonymous Symbol]                       0x08006538   Section        0  stm32h7xx_hal_uart.o(.text.HAL_UART_TxCpltCallback)
    [Anonymous Symbol]                       0x08006540   Section        0  stm32h7xx_hal_uart.o(.text.HAL_UART_TxHalfCpltCallback)
    [Anonymous Symbol]                       0x08006548   Section        0  stm32h7xx_it.o(.text.HardFault_Handler)
    [Anonymous Symbol]                       0x08006550   Section        0  i2c_hal.o(.text.I2CInit)
    [Anonymous Symbol]                       0x08006578   Section        0  i2c_hal.o(.text.I2CReceiveByte)
    [Anonymous Symbol]                       0x08006638   Section        0  i2c_hal.o(.text.I2CSendByte)
    [Anonymous Symbol]                       0x080066d0   Section        0  i2c_hal.o(.text.I2CStart)
    [Anonymous Symbol]                       0x08006748   Section        0  i2c_hal.o(.text.I2CStop)
    [Anonymous Symbol]                       0x080067c0   Section        0  i2c_hal.o(.text.I2CWaitAck)
    [Anonymous Symbol]                       0x08006890   Section        0  i2c_hal.o(.text.I2C_FDC_Read)
    [Anonymous Symbol]                       0x080069b0   Section        0  adc.o(.text.MX_ADC1_Init)
    [Anonymous Symbol]                       0x08006a70   Section        0  adc.o(.text.MX_ADC2_Init)
    [Anonymous Symbol]                       0x08006b00   Section        0  adc.o(.text.MX_ADC3_Init)
    [Anonymous Symbol]                       0x08006b98   Section        0  bdma.o(.text.MX_BDMA_Init)
    [Anonymous Symbol]                       0x08006bd0   Section        0  dac.o(.text.MX_DAC1_Init)
    [Anonymous Symbol]                       0x08006c28   Section        0  dma.o(.text.MX_DMA_Init)
    [Anonymous Symbol]                       0x08006c90   Section        0  gpio.o(.text.MX_GPIO_Init)
    [Anonymous Symbol]                       0x08006ce8   Section        0  i2c.o(.text.MX_I2C1_Init)
    [Anonymous Symbol]                       0x08006d50   Section        0  tim.o(.text.MX_TIM8_Init)
    [Anonymous Symbol]                       0x08006dd0   Section        0  usart.o(.text.MX_USART1_UART_Init)
    [Anonymous Symbol]                       0x08006e50   Section        0  stm32h7xx_it.o(.text.MemManage_Handler)
    [Anonymous Symbol]                       0x08006e58   Section        0  stm32h7xx_it.o(.text.NMI_Handler)
    [Anonymous Symbol]                       0x08006e60   Section        0  stm32h7xx_it.o(.text.PendSV_Handler)
    RCCEx_PLL2_Config                        0x08006e69   Thumb Code   286  stm32h7xx_hal_rcc_ex.o(.text.RCCEx_PLL2_Config)
    [Anonymous Symbol]                       0x08006e68   Section        0  stm32h7xx_hal_rcc_ex.o(.text.RCCEx_PLL2_Config)
    RCCEx_PLL3_Config                        0x08006f89   Thumb Code   286  stm32h7xx_hal_rcc_ex.o(.text.RCCEx_PLL3_Config)
    [Anonymous Symbol]                       0x08006f88   Section        0  stm32h7xx_hal_rcc_ex.o(.text.RCCEx_PLL3_Config)
    [Anonymous Symbol]                       0x080070a8   Section        0  stm32h7xx_it.o(.text.SVC_Handler)
    [Anonymous Symbol]                       0x080070b0   Section        0  stm32h7xx_it.o(.text.SysTick_Handler)
    [Anonymous Symbol]                       0x080070b8   Section        0  main.o(.text.SystemClock_Config)
    [Anonymous Symbol]                       0x08007180   Section        0  system_stm32h7xx.o(.text.SystemInit)
    [Anonymous Symbol]                       0x08007250   Section        0  stm32h7xx_hal_tim.o(.text.TIM_Base_SetConfig)
    TIM_SlaveTimer_SetConfig                 0x08007391   Thumb Code   374  stm32h7xx_hal_tim.o(.text.TIM_SlaveTimer_SetConfig)
    [Anonymous Symbol]                       0x08007390   Section        0  stm32h7xx_hal_tim.o(.text.TIM_SlaveTimer_SetConfig)
    [Anonymous Symbol]                       0x08007508   Section        0  stm32h7xx_hal_uart.o(.text.UART_AdvFeatureConfig)
    [Anonymous Symbol]                       0x080075e8   Section        0  stm32h7xx_hal_uart.o(.text.UART_CheckIdleState)
    UART_DMAAbortOnError                     0x080076a9   Thumb Code    12  stm32h7xx_hal_uart.o(.text.UART_DMAAbortOnError)
    [Anonymous Symbol]                       0x080076a8   Section        0  stm32h7xx_hal_uart.o(.text.UART_DMAAbortOnError)
    UART_DMAError                            0x080076b9   Thumb Code   200  stm32h7xx_hal_uart.o(.text.UART_DMAError)
    [Anonymous Symbol]                       0x080076b8   Section        0  stm32h7xx_hal_uart.o(.text.UART_DMAError)
    UART_DMAReceiveCplt                      0x08007781   Thumb Code   130  stm32h7xx_hal_uart.o(.text.UART_DMAReceiveCplt)
    [Anonymous Symbol]                       0x08007780   Section        0  stm32h7xx_hal_uart.o(.text.UART_DMAReceiveCplt)
    UART_DMARxHalfCplt                       0x08007809   Thumb Code    26  stm32h7xx_hal_uart.o(.text.UART_DMARxHalfCplt)
    [Anonymous Symbol]                       0x08007808   Section        0  stm32h7xx_hal_uart.o(.text.UART_DMARxHalfCplt)
    UART_DMATransmitCplt                     0x08007829   Thumb Code    62  stm32h7xx_hal_uart.o(.text.UART_DMATransmitCplt)
    [Anonymous Symbol]                       0x08007828   Section        0  stm32h7xx_hal_uart.o(.text.UART_DMATransmitCplt)
    UART_DMATxHalfCplt                       0x08007869   Thumb Code     6  stm32h7xx_hal_uart.o(.text.UART_DMATxHalfCplt)
    [Anonymous Symbol]                       0x08007868   Section        0  stm32h7xx_hal_uart.o(.text.UART_DMATxHalfCplt)
    UART_RxISR_16BIT                         0x08007871   Thumb Code   206  stm32h7xx_hal_uart.o(.text.UART_RxISR_16BIT)
    [Anonymous Symbol]                       0x08007870   Section        0  stm32h7xx_hal_uart.o(.text.UART_RxISR_16BIT)
    UART_RxISR_16BIT_FIFOEN                  0x08007941   Thumb Code   454  stm32h7xx_hal_uart.o(.text.UART_RxISR_16BIT_FIFOEN)
    [Anonymous Symbol]                       0x08007940   Section        0  stm32h7xx_hal_uart.o(.text.UART_RxISR_16BIT_FIFOEN)
    UART_RxISR_8BIT                          0x08007b09   Thumb Code   206  stm32h7xx_hal_uart.o(.text.UART_RxISR_8BIT)
    [Anonymous Symbol]                       0x08007b08   Section        0  stm32h7xx_hal_uart.o(.text.UART_RxISR_8BIT)
    UART_RxISR_8BIT_FIFOEN                   0x08007bd9   Thumb Code   458  stm32h7xx_hal_uart.o(.text.UART_RxISR_8BIT_FIFOEN)
    [Anonymous Symbol]                       0x08007bd8   Section        0  stm32h7xx_hal_uart.o(.text.UART_RxISR_8BIT_FIFOEN)
    [Anonymous Symbol]                       0x08007da8   Section        0  stm32h7xx_hal_uart.o(.text.UART_SetConfig)
    [Anonymous Symbol]                       0x080081f0   Section        0  stm32h7xx_hal_uart.o(.text.UART_Start_Receive_DMA)
    [Anonymous Symbol]                       0x08008290   Section        0  stm32h7xx_hal_uart.o(.text.UART_Start_Receive_IT)
    [Anonymous Symbol]                       0x080083b0   Section        0  stm32h7xx_hal_uart.o(.text.UART_WaitOnFlagUntilTimeout)
    [Anonymous Symbol]                       0x080084f0   Section        0  stm32h7xx_it.o(.text.USART1_IRQHandler)
    [Anonymous Symbol]                       0x08008500   Section        0  stm32h7xx_it.o(.text.UsageFault_Handler)
    [Anonymous Symbol]                       0x08008508   Section        0  filters.o(.text.createMovingAverageFilter)
    [Anonymous Symbol]                       0x08008538   Section        0  main.o(.text.main)
    [Anonymous Symbol]                       0x080087b0   Section        0  filters.o(.text.updateMovingAverage)
    i.__scatterload_copy                     0x0800881c   Section       14  handlers.o(i.__scatterload_copy)
    i.__scatterload_null                     0x0800882a   Section        2  handlers.o(i.__scatterload_null)
    i.__scatterload_zeroinit                 0x0800882c   Section       14  handlers.o(i.__scatterload_zeroinit)
    i.malloc                                 0x0800883c   Section        0  malloc.o(i.malloc)
    .Lswitch.table.UART_SetConfig.5          0x080088a8   Data           6  stm32h7xx_hal_uart.o(.rodata..Lswitch.table.UART_SetConfig.5)
    .Lswitch.table.UART_SetConfig.7          0x080088ae   Data           6  stm32h7xx_hal_uart.o(.rodata..Lswitch.table.UART_SetConfig.7)
    UARTEx_SetNbDataToProcess.numerator      0x080088dc   Data           8  stm32h7xx_hal_uart_ex.o(.rodata.cst8)
    [Anonymous Symbol]                       0x080088dc   Section        0  stm32h7xx_hal_uart_ex.o(.rodata.cst8)
    UARTEx_SetNbDataToProcess.denominator    0x080088e4   Data           8  stm32h7xx_hal_uart_ex.o(.rodata.cst8)
    .data                                    0x20000000   Section        4  mvars.o(.data)
    .data                                    0x20000004   Section        4  mvars.o(.data)
    HAL_RCC_ADC12_CLK_ENABLED                0x20000020   Data           4  adc.o(.bss.HAL_RCC_ADC12_CLK_ENABLED)
    [Anonymous Symbol]                       0x20000020   Section        0  adc.o(.bss.HAL_RCC_ADC12_CLK_ENABLED)
    HEAP                                     0x20000540   Section      512  startup_stm32h750xx.o(HEAP)
    STACK                                    0x20000740   Section     1024  startup_stm32h750xx.o(STACK)

    Global Symbols

    Symbol Name                              Value     Ov Type        Size  Object(Section)

    BuildAttributes$$THM_ISAv4$E$P$D$K$B$S$7EM$VFPv5_D16$PE$PLD8$A:L22UL41UL21$X:L11$S22US41US21$IEEE1$IW$~IW$USESV6$~STKCKD$USESV7$~SHL$OTIME$EBA8$MICROLIB$REQ8$PRES8$EABIv2 0x00000000   Number         0  anon$$obj.o ABSOLUTE
    __cpp_initialize__aeabi_                  - Undefined Weak Reference
    __cxa_finalize                            - Undefined Weak Reference
    _clock_init                               - Undefined Weak Reference
    _microlib_exit                            - Undefined Weak Reference
    __Vectors_Size                           0x00000298   Number         0  startup_stm32h750xx.o ABSOLUTE
    __Vectors                                0x08000000   Data           4  startup_stm32h750xx.o(RESET)
    __Vectors_End                            0x08000298   Data           0  startup_stm32h750xx.o(RESET)
    __main                                   0x08000299   Thumb Code     0  entry.o(.ARM.Collect$$$$00000000)
    _main_stk                                0x08000299   Thumb Code     0  entry2.o(.ARM.Collect$$$$00000001)
    _main_scatterload                        0x0800029d   Thumb Code     0  entry5.o(.ARM.Collect$$$$00000004)
    __main_after_scatterload                 0x080002a1   Thumb Code     0  entry5.o(.ARM.Collect$$$$00000004)
    _main_clock                              0x080002a1   Thumb Code     0  entry7b.o(.ARM.Collect$$$$00000008)
    _main_cpp_init                           0x080002a1   Thumb Code     0  entry8b.o(.ARM.Collect$$$$0000000A)
    _main_init                               0x080002a1   Thumb Code     0  entry9a.o(.ARM.Collect$$$$0000000B)
    __rt_final_cpp                           0x080002a9   Thumb Code     0  entry10a.o(.ARM.Collect$$$$0000000D)
    __rt_final_exit                          0x080002a9   Thumb Code     0  entry11a.o(.ARM.Collect$$$$0000000F)
    Reset_Handler                            0x080002ad   Thumb Code     8  startup_stm32h750xx.o(.text)
    ADC3_IRQHandler                          0x080002c7   Thumb Code     0  startup_stm32h750xx.o(.text)
    ADC_IRQHandler                           0x080002c7   Thumb Code     0  startup_stm32h750xx.o(.text)
    BDMA_Channel1_IRQHandler                 0x080002c7   Thumb Code     0  startup_stm32h750xx.o(.text)
    BDMA_Channel2_IRQHandler                 0x080002c7   Thumb Code     0  startup_stm32h750xx.o(.text)
    BDMA_Channel3_IRQHandler                 0x080002c7   Thumb Code     0  startup_stm32h750xx.o(.text)
    BDMA_Channel4_IRQHandler                 0x080002c7   Thumb Code     0  startup_stm32h750xx.o(.text)
    BDMA_Channel5_IRQHandler                 0x080002c7   Thumb Code     0  startup_stm32h750xx.o(.text)
    BDMA_Channel6_IRQHandler                 0x080002c7   Thumb Code     0  startup_stm32h750xx.o(.text)
    BDMA_Channel7_IRQHandler                 0x080002c7   Thumb Code     0  startup_stm32h750xx.o(.text)
    CEC_IRQHandler                           0x080002c7   Thumb Code     0  startup_stm32h750xx.o(.text)
    COMP1_IRQHandler                         0x080002c7   Thumb Code     0  startup_stm32h750xx.o(.text)
    CRS_IRQHandler                           0x080002c7   Thumb Code     0  startup_stm32h750xx.o(.text)
    CRYP_IRQHandler                          0x080002c7   Thumb Code     0  startup_stm32h750xx.o(.text)
    DCMI_IRQHandler                          0x080002c7   Thumb Code     0  startup_stm32h750xx.o(.text)
    DFSDM1_FLT0_IRQHandler                   0x080002c7   Thumb Code     0  startup_stm32h750xx.o(.text)
    DFSDM1_FLT1_IRQHandler                   0x080002c7   Thumb Code     0  startup_stm32h750xx.o(.text)
    DFSDM1_FLT2_IRQHandler                   0x080002c7   Thumb Code     0  startup_stm32h750xx.o(.text)
    DFSDM1_FLT3_IRQHandler                   0x080002c7   Thumb Code     0  startup_stm32h750xx.o(.text)
    DMA1_Stream4_IRQHandler                  0x080002c7   Thumb Code     0  startup_stm32h750xx.o(.text)
    DMA1_Stream5_IRQHandler                  0x080002c7   Thumb Code     0  startup_stm32h750xx.o(.text)
    DMA1_Stream6_IRQHandler                  0x080002c7   Thumb Code     0  startup_stm32h750xx.o(.text)
    DMA1_Stream7_IRQHandler                  0x080002c7   Thumb Code     0  startup_stm32h750xx.o(.text)
    DMA2D_IRQHandler                         0x080002c7   Thumb Code     0  startup_stm32h750xx.o(.text)
    DMA2_Stream0_IRQHandler                  0x080002c7   Thumb Code     0  startup_stm32h750xx.o(.text)
    DMA2_Stream1_IRQHandler                  0x080002c7   Thumb Code     0  startup_stm32h750xx.o(.text)
    DMA2_Stream2_IRQHandler                  0x080002c7   Thumb Code     0  startup_stm32h750xx.o(.text)
    DMA2_Stream3_IRQHandler                  0x080002c7   Thumb Code     0  startup_stm32h750xx.o(.text)
    DMA2_Stream4_IRQHandler                  0x080002c7   Thumb Code     0  startup_stm32h750xx.o(.text)
    DMA2_Stream5_IRQHandler                  0x080002c7   Thumb Code     0  startup_stm32h750xx.o(.text)
    DMA2_Stream6_IRQHandler                  0x080002c7   Thumb Code     0  startup_stm32h750xx.o(.text)
    DMA2_Stream7_IRQHandler                  0x080002c7   Thumb Code     0  startup_stm32h750xx.o(.text)
    DMAMUX1_OVR_IRQHandler                   0x080002c7   Thumb Code     0  startup_stm32h750xx.o(.text)
    DMAMUX2_OVR_IRQHandler                   0x080002c7   Thumb Code     0  startup_stm32h750xx.o(.text)
    ECC_IRQHandler                           0x080002c7   Thumb Code     0  startup_stm32h750xx.o(.text)
    ETH_IRQHandler                           0x080002c7   Thumb Code     0  startup_stm32h750xx.o(.text)
    ETH_WKUP_IRQHandler                      0x080002c7   Thumb Code     0  startup_stm32h750xx.o(.text)
    EXTI0_IRQHandler                         0x080002c7   Thumb Code     0  startup_stm32h750xx.o(.text)
    EXTI15_10_IRQHandler                     0x080002c7   Thumb Code     0  startup_stm32h750xx.o(.text)
    EXTI1_IRQHandler                         0x080002c7   Thumb Code     0  startup_stm32h750xx.o(.text)
    EXTI2_IRQHandler                         0x080002c7   Thumb Code     0  startup_stm32h750xx.o(.text)
    EXTI3_IRQHandler                         0x080002c7   Thumb Code     0  startup_stm32h750xx.o(.text)
    EXTI4_IRQHandler                         0x080002c7   Thumb Code     0  startup_stm32h750xx.o(.text)
    EXTI9_5_IRQHandler                       0x080002c7   Thumb Code     0  startup_stm32h750xx.o(.text)
    FDCAN1_IT0_IRQHandler                    0x080002c7   Thumb Code     0  startup_stm32h750xx.o(.text)
    FDCAN1_IT1_IRQHandler                    0x080002c7   Thumb Code     0  startup_stm32h750xx.o(.text)
    FDCAN2_IT0_IRQHandler                    0x080002c7   Thumb Code     0  startup_stm32h750xx.o(.text)
    FDCAN2_IT1_IRQHandler                    0x080002c7   Thumb Code     0  startup_stm32h750xx.o(.text)
    FDCAN_CAL_IRQHandler                     0x080002c7   Thumb Code     0  startup_stm32h750xx.o(.text)
    FLASH_IRQHandler                         0x080002c7   Thumb Code     0  startup_stm32h750xx.o(.text)
    FMC_IRQHandler                           0x080002c7   Thumb Code     0  startup_stm32h750xx.o(.text)
    FPU_IRQHandler                           0x080002c7   Thumb Code     0  startup_stm32h750xx.o(.text)
    HASH_RNG_IRQHandler                      0x080002c7   Thumb Code     0  startup_stm32h750xx.o(.text)
    HRTIM1_FLT_IRQHandler                    0x080002c7   Thumb Code     0  startup_stm32h750xx.o(.text)
    HRTIM1_Master_IRQHandler                 0x080002c7   Thumb Code     0  startup_stm32h750xx.o(.text)
    HRTIM1_TIMA_IRQHandler                   0x080002c7   Thumb Code     0  startup_stm32h750xx.o(.text)
    HRTIM1_TIMB_IRQHandler                   0x080002c7   Thumb Code     0  startup_stm32h750xx.o(.text)
    HRTIM1_TIMC_IRQHandler                   0x080002c7   Thumb Code     0  startup_stm32h750xx.o(.text)
    HRTIM1_TIMD_IRQHandler                   0x080002c7   Thumb Code     0  startup_stm32h750xx.o(.text)
    HRTIM1_TIME_IRQHandler                   0x080002c7   Thumb Code     0  startup_stm32h750xx.o(.text)
    HSEM1_IRQHandler                         0x080002c7   Thumb Code     0  startup_stm32h750xx.o(.text)
    I2C1_ER_IRQHandler                       0x080002c7   Thumb Code     0  startup_stm32h750xx.o(.text)
    I2C1_EV_IRQHandler                       0x080002c7   Thumb Code     0  startup_stm32h750xx.o(.text)
    I2C2_ER_IRQHandler                       0x080002c7   Thumb Code     0  startup_stm32h750xx.o(.text)
    I2C2_EV_IRQHandler                       0x080002c7   Thumb Code     0  startup_stm32h750xx.o(.text)
    I2C3_ER_IRQHandler                       0x080002c7   Thumb Code     0  startup_stm32h750xx.o(.text)
    I2C3_EV_IRQHandler                       0x080002c7   Thumb Code     0  startup_stm32h750xx.o(.text)
    I2C4_ER_IRQHandler                       0x080002c7   Thumb Code     0  startup_stm32h750xx.o(.text)
    I2C4_EV_IRQHandler                       0x080002c7   Thumb Code     0  startup_stm32h750xx.o(.text)
    JPEG_IRQHandler                          0x080002c7   Thumb Code     0  startup_stm32h750xx.o(.text)
    LPTIM1_IRQHandler                        0x080002c7   Thumb Code     0  startup_stm32h750xx.o(.text)
    LPTIM2_IRQHandler                        0x080002c7   Thumb Code     0  startup_stm32h750xx.o(.text)
    LPTIM3_IRQHandler                        0x080002c7   Thumb Code     0  startup_stm32h750xx.o(.text)
    LPTIM4_IRQHandler                        0x080002c7   Thumb Code     0  startup_stm32h750xx.o(.text)
    LPTIM5_IRQHandler                        0x080002c7   Thumb Code     0  startup_stm32h750xx.o(.text)
    LPUART1_IRQHandler                       0x080002c7   Thumb Code     0  startup_stm32h750xx.o(.text)
    LTDC_ER_IRQHandler                       0x080002c7   Thumb Code     0  startup_stm32h750xx.o(.text)
    LTDC_IRQHandler                          0x080002c7   Thumb Code     0  startup_stm32h750xx.o(.text)
    MDIOS_IRQHandler                         0x080002c7   Thumb Code     0  startup_stm32h750xx.o(.text)
    MDIOS_WKUP_IRQHandler                    0x080002c7   Thumb Code     0  startup_stm32h750xx.o(.text)
    MDMA_IRQHandler                          0x080002c7   Thumb Code     0  startup_stm32h750xx.o(.text)
    OTG_FS_EP1_IN_IRQHandler                 0x080002c7   Thumb Code     0  startup_stm32h750xx.o(.text)
    OTG_FS_EP1_OUT_IRQHandler                0x080002c7   Thumb Code     0  startup_stm32h750xx.o(.text)
    OTG_FS_IRQHandler                        0x080002c7   Thumb Code     0  startup_stm32h750xx.o(.text)
    OTG_FS_WKUP_IRQHandler                   0x080002c7   Thumb Code     0  startup_stm32h750xx.o(.text)
    OTG_HS_EP1_IN_IRQHandler                 0x080002c7   Thumb Code     0  startup_stm32h750xx.o(.text)
    OTG_HS_EP1_OUT_IRQHandler                0x080002c7   Thumb Code     0  startup_stm32h750xx.o(.text)
    OTG_HS_IRQHandler                        0x080002c7   Thumb Code     0  startup_stm32h750xx.o(.text)
    OTG_HS_WKUP_IRQHandler                   0x080002c7   Thumb Code     0  startup_stm32h750xx.o(.text)
    PVD_AVD_IRQHandler                       0x080002c7   Thumb Code     0  startup_stm32h750xx.o(.text)
    QUADSPI_IRQHandler                       0x080002c7   Thumb Code     0  startup_stm32h750xx.o(.text)
    RCC_IRQHandler                           0x080002c7   Thumb Code     0  startup_stm32h750xx.o(.text)
    RTC_Alarm_IRQHandler                     0x080002c7   Thumb Code     0  startup_stm32h750xx.o(.text)
    RTC_WKUP_IRQHandler                      0x080002c7   Thumb Code     0  startup_stm32h750xx.o(.text)
    SAI1_IRQHandler                          0x080002c7   Thumb Code     0  startup_stm32h750xx.o(.text)
    SAI2_IRQHandler                          0x080002c7   Thumb Code     0  startup_stm32h750xx.o(.text)
    SAI3_IRQHandler                          0x080002c7   Thumb Code     0  startup_stm32h750xx.o(.text)
    SAI4_IRQHandler                          0x080002c7   Thumb Code     0  startup_stm32h750xx.o(.text)
    SDMMC1_IRQHandler                        0x080002c7   Thumb Code     0  startup_stm32h750xx.o(.text)
    SDMMC2_IRQHandler                        0x080002c7   Thumb Code     0  startup_stm32h750xx.o(.text)
    SPDIF_RX_IRQHandler                      0x080002c7   Thumb Code     0  startup_stm32h750xx.o(.text)
    SPI1_IRQHandler                          0x080002c7   Thumb Code     0  startup_stm32h750xx.o(.text)
    SPI2_IRQHandler                          0x080002c7   Thumb Code     0  startup_stm32h750xx.o(.text)
    SPI3_IRQHandler                          0x080002c7   Thumb Code     0  startup_stm32h750xx.o(.text)
    SPI4_IRQHandler                          0x080002c7   Thumb Code     0  startup_stm32h750xx.o(.text)
    SPI5_IRQHandler                          0x080002c7   Thumb Code     0  startup_stm32h750xx.o(.text)
    SPI6_IRQHandler                          0x080002c7   Thumb Code     0  startup_stm32h750xx.o(.text)
    SWPMI1_IRQHandler                        0x080002c7   Thumb Code     0  startup_stm32h750xx.o(.text)
    TAMP_STAMP_IRQHandler                    0x080002c7   Thumb Code     0  startup_stm32h750xx.o(.text)
    TIM15_IRQHandler                         0x080002c7   Thumb Code     0  startup_stm32h750xx.o(.text)
    TIM16_IRQHandler                         0x080002c7   Thumb Code     0  startup_stm32h750xx.o(.text)
    TIM17_IRQHandler                         0x080002c7   Thumb Code     0  startup_stm32h750xx.o(.text)
    TIM1_BRK_IRQHandler                      0x080002c7   Thumb Code     0  startup_stm32h750xx.o(.text)
    TIM1_CC_IRQHandler                       0x080002c7   Thumb Code     0  startup_stm32h750xx.o(.text)
    TIM1_TRG_COM_IRQHandler                  0x080002c7   Thumb Code     0  startup_stm32h750xx.o(.text)
    TIM1_UP_IRQHandler                       0x080002c7   Thumb Code     0  startup_stm32h750xx.o(.text)
    TIM2_IRQHandler                          0x080002c7   Thumb Code     0  startup_stm32h750xx.o(.text)
    TIM3_IRQHandler                          0x080002c7   Thumb Code     0  startup_stm32h750xx.o(.text)
    TIM4_IRQHandler                          0x080002c7   Thumb Code     0  startup_stm32h750xx.o(.text)
    TIM5_IRQHandler                          0x080002c7   Thumb Code     0  startup_stm32h750xx.o(.text)
    TIM6_DAC_IRQHandler                      0x080002c7   Thumb Code     0  startup_stm32h750xx.o(.text)
    TIM7_IRQHandler                          0x080002c7   Thumb Code     0  startup_stm32h750xx.o(.text)
    TIM8_BRK_TIM12_IRQHandler                0x080002c7   Thumb Code     0  startup_stm32h750xx.o(.text)
    TIM8_CC_IRQHandler                       0x080002c7   Thumb Code     0  startup_stm32h750xx.o(.text)
    TIM8_TRG_COM_TIM14_IRQHandler            0x080002c7   Thumb Code     0  startup_stm32h750xx.o(.text)
    TIM8_UP_TIM13_IRQHandler                 0x080002c7   Thumb Code     0  startup_stm32h750xx.o(.text)
    UART4_IRQHandler                         0x080002c7   Thumb Code     0  startup_stm32h750xx.o(.text)
    UART5_IRQHandler                         0x080002c7   Thumb Code     0  startup_stm32h750xx.o(.text)
    UART7_IRQHandler                         0x080002c7   Thumb Code     0  startup_stm32h750xx.o(.text)
    UART8_IRQHandler                         0x080002c7   Thumb Code     0  startup_stm32h750xx.o(.text)
    USART2_IRQHandler                        0x080002c7   Thumb Code     0  startup_stm32h750xx.o(.text)
    USART3_IRQHandler                        0x080002c7   Thumb Code     0  startup_stm32h750xx.o(.text)
    USART6_IRQHandler                        0x080002c7   Thumb Code     0  startup_stm32h750xx.o(.text)
    WAKEUP_PIN_IRQHandler                    0x080002c7   Thumb Code     0  startup_stm32h750xx.o(.text)
    WWDG_IRQHandler                          0x080002c7   Thumb Code     0  startup_stm32h750xx.o(.text)
    __aeabi_uldivmod                         0x080002d1   Thumb Code    98  uldiv.o(.text)
    __aeabi_memset                           0x08000333   Thumb Code    14  memseta.o(.text)
    __aeabi_memset4                          0x08000333   Thumb Code     0  memseta.o(.text)
    __aeabi_memset8                          0x08000333   Thumb Code     0  memseta.o(.text)
    __aeabi_memclr                           0x08000341   Thumb Code     4  memseta.o(.text)
    __aeabi_memclr4                          0x08000341   Thumb Code     0  memseta.o(.text)
    __aeabi_memclr8                          0x08000341   Thumb Code     0  memseta.o(.text)
    _memset$wrapper                          0x08000345   Thumb Code    18  memseta.o(.text)
    strlen                                   0x08000357   Thumb Code    14  strlen.o(.text)
    __aeabi_llsl                             0x08000365   Thumb Code    30  llshl.o(.text)
    _ll_shift_l                              0x08000365   Thumb Code     0  llshl.o(.text)
    __aeabi_llsr                             0x08000383   Thumb Code    32  llushr.o(.text)
    _ll_ushift_r                             0x08000383   Thumb Code     0  llushr.o(.text)
    __scatterload                            0x080003a5   Thumb Code    38  init.o(.text)
    __scatterload_rt2                        0x080003a5   Thumb Code     0  init.o(.text)
    __decompress                             0x080003d5   Thumb Code     0  __dczerorl.o(.text)
    __decompress0                            0x080003d5   Thumb Code    58  __dczerorl.o(.text)
    ADC_ConfigureBoostMode                   0x08000411   Thumb Code   278  stm32h7xx_hal_adc.o(.text.ADC_ConfigureBoostMode)
    ADC_DMAConvCplt                          0x08000529   Thumb Code    92  stm32h7xx_hal_adc.o(.text.ADC_DMAConvCplt)
    ADC_DMAError                             0x08000589   Thumb Code    22  stm32h7xx_hal_adc.o(.text.ADC_DMAError)
    ADC_DMAHalfConvCplt                      0x080005a1   Thumb Code     6  stm32h7xx_hal_adc.o(.text.ADC_DMAHalfConvCplt)
    ADC_Disable                              0x080005a9   Thumb Code   122  stm32h7xx_hal_adc.o(.text.ADC_Disable)
    ADC_Enable                               0x08000629   Thumb Code   172  stm32h7xx_hal_adc.o(.text.ADC_Enable)
    BDMA_Channel0_IRQHandler                 0x080006d9   Thumb Code   172  stm32h7xx_it.o(.text.BDMA_Channel0_IRQHandler)
    BusFault_Handler                         0x08000789   Thumb Code     2  stm32h7xx_it.o(.text.BusFault_Handler)
    DMA1_Stream0_IRQHandler                  0x08000791   Thumb Code    12  stm32h7xx_it.o(.text.DMA1_Stream0_IRQHandler)
    DMA1_Stream1_IRQHandler                  0x080007a1   Thumb Code    12  stm32h7xx_it.o(.text.DMA1_Stream1_IRQHandler)
    DMA1_Stream2_IRQHandler                  0x080007b1   Thumb Code    12  stm32h7xx_it.o(.text.DMA1_Stream2_IRQHandler)
    DMA1_Stream3_IRQHandler                  0x080007c1   Thumb Code    12  stm32h7xx_it.o(.text.DMA1_Stream3_IRQHandler)
    DWT_Init                                 0x08000be1   Thumb Code    46  i2c_hal.o(.text.DWT_Init)
    DebugMon_Handler                         0x08000c11   Thumb Code     2  stm32h7xx_it.o(.text.DebugMon_Handler)
    Error_Handler                            0x08000c19   Thumb Code    10  main.o(.text.Error_Handler)
    HAL_ADCEx_Calibration_Start              0x08000c29   Thumb Code   154  stm32h7xx_hal_adc_ex.o(.text.HAL_ADCEx_Calibration_Start)
    HAL_ADCEx_MultiModeConfigChannel         0x08000cc9   Thumb Code   258  stm32h7xx_hal_adc_ex.o(.text.HAL_ADCEx_MultiModeConfigChannel)
    HAL_ADCEx_MultiModeStart_DMA             0x08000dd1   Thumb Code   276  stm32h7xx_hal_adc_ex.o(.text.HAL_ADCEx_MultiModeStart_DMA)
    HAL_ADC_ConfigChannel                    0x08000ee9   Thumb Code  1112  stm32h7xx_hal_adc.o(.text.HAL_ADC_ConfigChannel)
    HAL_ADC_ConvCpltCallback                 0x08001341   Thumb Code   104  main.o(.text.HAL_ADC_ConvCpltCallback)
    HAL_ADC_ConvHalfCpltCallback             0x080013b9   Thumb Code   104  main.o(.text.HAL_ADC_ConvHalfCpltCallback)
    HAL_ADC_ErrorCallback                    0x08001431   Thumb Code     2  stm32h7xx_hal_adc.o(.text.HAL_ADC_ErrorCallback)
    HAL_ADC_Init                             0x08001439   Thumb Code   552  stm32h7xx_hal_adc.o(.text.HAL_ADC_Init)
    HAL_ADC_MspInit                          0x08001661   Thumb Code   502  adc.o(.text.HAL_ADC_MspInit)
    HAL_ADC_Start                            0x08001859   Thumb Code   252  stm32h7xx_hal_adc.o(.text.HAL_ADC_Start)
    HAL_DAC_ConfigChannel                    0x08001959   Thumb Code   366  stm32h7xx_hal_dac.o(.text.HAL_DAC_ConfigChannel)
    HAL_DAC_Init                             0x08001ac9   Thumb Code    44  stm32h7xx_hal_dac.o(.text.HAL_DAC_Init)
    HAL_DAC_MspInit                          0x08001af9   Thumb Code   104  dac.o(.text.HAL_DAC_MspInit)
    HAL_DMA_Abort                            0x08001b61   Thumb Code  1248  stm32h7xx_hal_dma.o(.text.HAL_DMA_Abort)
    HAL_DMA_Abort_IT                         0x08002041   Thumb Code   664  stm32h7xx_hal_dma.o(.text.HAL_DMA_Abort_IT)
    HAL_DMA_IRQHandler                       0x080022d9   Thumb Code  2684  stm32h7xx_hal_dma.o(.text.HAL_DMA_IRQHandler)
    HAL_DMA_Init                             0x08002d59   Thumb Code  1566  stm32h7xx_hal_dma.o(.text.HAL_DMA_Init)
    HAL_DMA_Start_IT                         0x08003379   Thumb Code   902  stm32h7xx_hal_dma.o(.text.HAL_DMA_Start_IT)
    HAL_Delay                                0x08003701   Thumb Code    40  stm32h7xx_hal.o(.text.HAL_Delay)
    HAL_GPIO_Init                            0x08003729   Thumb Code   418  stm32h7xx_hal_gpio.o(.text.HAL_GPIO_Init)
    HAL_GPIO_ReadPin                         0x080038d1   Thumb Code    10  stm32h7xx_hal_gpio.o(.text.HAL_GPIO_ReadPin)
    HAL_GPIO_WritePin                        0x080038e1   Thumb Code    10  stm32h7xx_hal_gpio.o(.text.HAL_GPIO_WritePin)
    HAL_GetREVID                             0x080038f1   Thumb Code    14  stm32h7xx_hal.o(.text.HAL_GetREVID)
    HAL_GetTick                              0x08003901   Thumb Code    12  stm32h7xx_hal.o(.text.HAL_GetTick)
    HAL_I2CEx_ConfigAnalogFilter             0x08003911   Thumb Code    74  stm32h7xx_hal_i2c_ex.o(.text.HAL_I2CEx_ConfigAnalogFilter)
    HAL_I2CEx_ConfigDigitalFilter            0x08003961   Thumb Code    72  stm32h7xx_hal_i2c_ex.o(.text.HAL_I2CEx_ConfigDigitalFilter)
    HAL_I2C_Init                             0x080039a9   Thumb Code   168  stm32h7xx_hal_i2c.o(.text.HAL_I2C_Init)
    HAL_I2C_MspInit                          0x08003a51   Thumb Code   144  i2c.o(.text.HAL_I2C_MspInit)
    HAL_IncTick                              0x08003ae1   Thumb Code    26  stm32h7xx_hal.o(.text.HAL_IncTick)
    HAL_Init                                 0x08003b01   Thumb Code   100  stm32h7xx_hal.o(.text.HAL_Init)
    HAL_InitTick                             0x08003b69   Thumb Code    88  stm32h7xx_hal.o(.text.HAL_InitTick)
    HAL_MspInit                              0x08003bc1   Thumb Code    32  stm32h7xx_hal_msp.o(.text.HAL_MspInit)
    HAL_NVIC_EnableIRQ                       0x08003be1   Thumb Code    34  stm32h7xx_hal_cortex.o(.text.HAL_NVIC_EnableIRQ)
    HAL_NVIC_SetPriority                     0x08003c09   Thumb Code    90  stm32h7xx_hal_cortex.o(.text.HAL_NVIC_SetPriority)
    HAL_NVIC_SetPriorityGrouping             0x08003c69   Thumb Code    32  stm32h7xx_hal_cortex.o(.text.HAL_NVIC_SetPriorityGrouping)
    HAL_PWREx_ConfigSupply                   0x08003c89   Thumb Code    72  stm32h7xx_hal_pwr_ex.o(.text.HAL_PWREx_ConfigSupply)
    HAL_RCCEx_GetD3PCLK1Freq                 0x08003cd1   Thumb Code    38  stm32h7xx_hal_rcc_ex.o(.text.HAL_RCCEx_GetD3PCLK1Freq)
    HAL_RCCEx_GetPLL1ClockFreq               0x08003cf9   Thumb Code   284  stm32h7xx_hal_rcc_ex.o(.text.HAL_RCCEx_GetPLL1ClockFreq)
    HAL_RCCEx_GetPLL2ClockFreq               0x08003e29   Thumb Code   280  stm32h7xx_hal_rcc_ex.o(.text.HAL_RCCEx_GetPLL2ClockFreq)
    HAL_RCCEx_GetPLL3ClockFreq               0x08003f51   Thumb Code   280  stm32h7xx_hal_rcc_ex.o(.text.HAL_RCCEx_GetPLL3ClockFreq)
    HAL_RCCEx_GetPeriphCLKFreq               0x08004079   Thumb Code   974  stm32h7xx_hal_rcc_ex.o(.text.HAL_RCCEx_GetPeriphCLKFreq)
    HAL_RCCEx_PeriphCLKConfig                0x08004449   Thumb Code  2610  stm32h7xx_hal_rcc_ex.o(.text.HAL_RCCEx_PeriphCLKConfig)
    HAL_RCC_ClockConfig                      0x08004e81   Thumb Code   586  stm32h7xx_hal_rcc.o(.text.HAL_RCC_ClockConfig)
    HAL_RCC_GetHCLKFreq                      0x080050d1   Thumb Code    76  stm32h7xx_hal_rcc.o(.text.HAL_RCC_GetHCLKFreq)
    HAL_RCC_GetPCLK1Freq                     0x08005121   Thumb Code    96  stm32h7xx_hal_rcc.o(.text.HAL_RCC_GetPCLK1Freq)
    HAL_RCC_GetPCLK2Freq                     0x08005181   Thumb Code    96  stm32h7xx_hal_rcc.o(.text.HAL_RCC_GetPCLK2Freq)
    HAL_RCC_GetSysClockFreq                  0x080051e1   Thumb Code   252  stm32h7xx_hal_rcc.o(.text.HAL_RCC_GetSysClockFreq)
    HAL_RCC_OscConfig                        0x080052f1   Thumb Code  1582  stm32h7xx_hal_rcc.o(.text.HAL_RCC_OscConfig)
    HAL_SYSTICK_Config                       0x08005921   Thumb Code    44  stm32h7xx_hal_cortex.o(.text.HAL_SYSTICK_Config)
    HAL_TIMEx_MasterConfigSynchronization    0x08005951   Thumb Code   208  stm32h7xx_hal_tim_ex.o(.text.HAL_TIMEx_MasterConfigSynchronization)
    HAL_TIM_Base_Init                        0x08005a21   Thumb Code    96  stm32h7xx_hal_tim.o(.text.HAL_TIM_Base_Init)
    HAL_TIM_Base_MspInit                     0x08005a81   Thumb Code    48  tim.o(.text.HAL_TIM_Base_MspInit)
    HAL_TIM_Base_Start                       0x08005ab1   Thumb Code   170  stm32h7xx_hal_tim.o(.text.HAL_TIM_Base_Start)
    HAL_TIM_SlaveConfigSynchro               0x08005b61   Thumb Code    74  stm32h7xx_hal_tim.o(.text.HAL_TIM_SlaveConfigSynchro)
    HAL_UARTEx_DisableFifoMode               0x08005bb1   Thumb Code    54  stm32h7xx_hal_uart_ex.o(.text.HAL_UARTEx_DisableFifoMode)
    HAL_UARTEx_ReceiveToIdle_DMA             0x08005be9   Thumb Code    90  stm32h7xx_hal_uart_ex.o(.text.HAL_UARTEx_ReceiveToIdle_DMA)
    HAL_UARTEx_RxEventCallback               0x08005c49   Thumb Code    38  usart.o(.text.HAL_UARTEx_RxEventCallback)
    HAL_UARTEx_RxFifoFullCallback            0x08005c71   Thumb Code     2  stm32h7xx_hal_uart_ex.o(.text.HAL_UARTEx_RxFifoFullCallback)
    HAL_UARTEx_SetRxFifoThreshold            0x08005c79   Thumb Code   146  stm32h7xx_hal_uart_ex.o(.text.HAL_UARTEx_SetRxFifoThreshold)
    HAL_UARTEx_SetTxFifoThreshold            0x08005d11   Thumb Code   146  stm32h7xx_hal_uart_ex.o(.text.HAL_UARTEx_SetTxFifoThreshold)
    HAL_UARTEx_TxFifoEmptyCallback           0x08005da9   Thumb Code     2  stm32h7xx_hal_uart_ex.o(.text.HAL_UARTEx_TxFifoEmptyCallback)
    HAL_UARTEx_WakeupCallback                0x08005db1   Thumb Code     2  stm32h7xx_hal_uart_ex.o(.text.HAL_UARTEx_WakeupCallback)
    HAL_UART_ErrorCallback                   0x08005db9   Thumb Code     2  stm32h7xx_hal_uart.o(.text.HAL_UART_ErrorCallback)
    HAL_UART_IRQHandler                      0x08005dc1   Thumb Code   942  stm32h7xx_hal_uart.o(.text.HAL_UART_IRQHandler)
    HAL_UART_Init                            0x08006171   Thumb Code   100  stm32h7xx_hal_uart.o(.text.HAL_UART_Init)
    HAL_UART_MspInit                         0x080061d9   Thumb Code   280  usart.o(.text.HAL_UART_MspInit)
    HAL_UART_Receive_IT                      0x080062f1   Thumb Code    94  stm32h7xx_hal_uart.o(.text.HAL_UART_Receive_IT)
    HAL_UART_RxCpltCallback                  0x08006351   Thumb Code    52  main.o(.text.HAL_UART_RxCpltCallback)
    HAL_UART_RxHalfCpltCallback              0x08006389   Thumb Code     2  stm32h7xx_hal_uart.o(.text.HAL_UART_RxHalfCpltCallback)
    HAL_UART_Transmit                        0x08006391   Thumb Code   256  stm32h7xx_hal_uart.o(.text.HAL_UART_Transmit)
    HAL_UART_Transmit_DMA                    0x08006491   Thumb Code   166  stm32h7xx_hal_uart.o(.text.HAL_UART_Transmit_DMA)
    HAL_UART_TxCpltCallback                  0x08006539   Thumb Code     2  stm32h7xx_hal_uart.o(.text.HAL_UART_TxCpltCallback)
    HAL_UART_TxHalfCpltCallback              0x08006541   Thumb Code     2  stm32h7xx_hal_uart.o(.text.HAL_UART_TxHalfCpltCallback)
    HardFault_Handler                        0x08006549   Thumb Code     2  stm32h7xx_it.o(.text.HardFault_Handler)
    I2CInit                                  0x08006551   Thumb Code    40  i2c_hal.o(.text.I2CInit)
    I2CReceiveByte                           0x08006579   Thumb Code   190  i2c_hal.o(.text.I2CReceiveByte)
    I2CSendByte                              0x08006639   Thumb Code   146  i2c_hal.o(.text.I2CSendByte)
    I2CStart                                 0x080066d1   Thumb Code   116  i2c_hal.o(.text.I2CStart)
    I2CStop                                  0x08006749   Thumb Code   116  i2c_hal.o(.text.I2CStop)
    I2CWaitAck                               0x080067c1   Thumb Code   208  i2c_hal.o(.text.I2CWaitAck)
    I2C_FDC_Read                             0x08006891   Thumb Code   286  i2c_hal.o(.text.I2C_FDC_Read)
    MX_ADC1_Init                             0x080069b1   Thumb Code   190  adc.o(.text.MX_ADC1_Init)
    MX_ADC2_Init                             0x08006a71   Thumb Code   138  adc.o(.text.MX_ADC2_Init)
    MX_ADC3_Init                             0x08006b01   Thumb Code   148  adc.o(.text.MX_ADC3_Init)
    MX_BDMA_Init                             0x08006b99   Thumb Code    52  bdma.o(.text.MX_BDMA_Init)
    MX_DAC1_Init                             0x08006bd1   Thumb Code    82  dac.o(.text.MX_DAC1_Init)
    MX_DMA_Init                              0x08006c29   Thumb Code   100  dma.o(.text.MX_DMA_Init)
    MX_GPIO_Init                             0x08006c91   Thumb Code    86  gpio.o(.text.MX_GPIO_Init)
    MX_I2C1_Init                             0x08006ce9   Thumb Code    98  i2c.o(.text.MX_I2C1_Init)
    MX_TIM8_Init                             0x08006d51   Thumb Code   126  tim.o(.text.MX_TIM8_Init)
    MX_USART1_UART_Init                      0x08006dd1   Thumb Code   124  usart.o(.text.MX_USART1_UART_Init)
    MemManage_Handler                        0x08006e51   Thumb Code     2  stm32h7xx_it.o(.text.MemManage_Handler)
    NMI_Handler                              0x08006e59   Thumb Code     2  stm32h7xx_it.o(.text.NMI_Handler)
    PendSV_Handler                           0x08006e61   Thumb Code     2  stm32h7xx_it.o(.text.PendSV_Handler)
    SVC_Handler                              0x080070a9   Thumb Code     2  stm32h7xx_it.o(.text.SVC_Handler)
    SysTick_Handler                          0x080070b1   Thumb Code     4  stm32h7xx_it.o(.text.SysTick_Handler)
    SystemClock_Config                       0x080070b9   Thumb Code   198  main.o(.text.SystemClock_Config)
    SystemInit                               0x08007181   Thumb Code   204  system_stm32h7xx.o(.text.SystemInit)
    TIM_Base_SetConfig                       0x08007251   Thumb Code   320  stm32h7xx_hal_tim.o(.text.TIM_Base_SetConfig)
    UART_AdvFeatureConfig                    0x08007509   Thumb Code   224  stm32h7xx_hal_uart.o(.text.UART_AdvFeatureConfig)
    UART_CheckIdleState                      0x080075e9   Thumb Code   186  stm32h7xx_hal_uart.o(.text.UART_CheckIdleState)
    UART_SetConfig                           0x08007da9   Thumb Code  1088  stm32h7xx_hal_uart.o(.text.UART_SetConfig)
    UART_Start_Receive_DMA                   0x080081f1   Thumb Code   160  stm32h7xx_hal_uart.o(.text.UART_Start_Receive_DMA)
    UART_Start_Receive_IT                    0x08008291   Thumb Code   284  stm32h7xx_hal_uart.o(.text.UART_Start_Receive_IT)
    UART_WaitOnFlagUntilTimeout              0x080083b1   Thumb Code   318  stm32h7xx_hal_uart.o(.text.UART_WaitOnFlagUntilTimeout)
    USART1_IRQHandler                        0x080084f1   Thumb Code    12  stm32h7xx_it.o(.text.USART1_IRQHandler)
    UsageFault_Handler                       0x08008501   Thumb Code     2  stm32h7xx_it.o(.text.UsageFault_Handler)
    createMovingAverageFilter                0x08008509   Thumb Code    44  filters.o(.text.createMovingAverageFilter)
    main                                     0x08008539   Thumb Code   628  main.o(.text.main)
    updateMovingAverage                      0x080087b1   Thumb Code   108  filters.o(.text.updateMovingAverage)
    __scatterload_copy                       0x0800881d   Thumb Code    14  handlers.o(i.__scatterload_copy)
    __scatterload_null                       0x0800882b   Thumb Code     2  handlers.o(i.__scatterload_null)
    __scatterload_zeroinit                   0x0800882d   Thumb Code    14  handlers.o(i.__scatterload_zeroinit)
    malloc                                   0x0800883d   Thumb Code    92  malloc.o(i.malloc)
    D1CorePrescTable                         0x080088b4   Data          16  system_stm32h7xx.o(.rodata.D1CorePrescTable)
    UARTPrescTable                           0x080088c4   Data          24  stm32h7xx_hal_uart.o(.rodata.UARTPrescTable)
    Region$$Table$$Base                      0x080088ec   Number         0  anon$$obj.o(Region$$Table)
    Region$$Table$$Limit                     0x0800892c   Number         0  anon$$obj.o(Region$$Table)
    __microlib_freelist                      0x20000000   Data           4  mvars.o(.data)
    __microlib_freelist_initialised          0x20000004   Data           4  mvars.o(.data)
    Psd_Lx                                   0x20000008   Data           4  main.o(.data.Psd_Lx)
    SystemCoreClock                          0x2000000c   Data           4  system_stm32h7xx.o(.data.SystemCoreClock)
    SystemD2Clock                            0x20000010   Data           4  system_stm32h7xx.o(.data.SystemD2Clock)
    adc3_ave                                 0x20000014   Data           4  main.o(.data.adc3_ave)
    uwTickFreq                               0x20000018   Data           1  stm32h7xx_hal.o(.data.uwTickFreq)
    uwTickPrio                               0x2000001c   Data           4  stm32h7xx_hal.o(.data.uwTickPrio)
    adc1_ave                                 0x20000024   Data           4  main.o(.bss.adc1_ave)
    adc2_ave                                 0x20000028   Data           4  main.o(.bss.adc2_ave)
    adc3flag                                 0x2000002c   Data           1  main.o(.bss.adc3flag)
    add                                      0x2000002d   Data           2  main.o(.bss.add)
    hadc1                                    0x20000030   Data         100  adc.o(.bss.hadc1)
    hadc2                                    0x20000094   Data         100  adc.o(.bss.hadc2)
    hadc3                                    0x200000f8   Data         100  adc.o(.bss.hadc3)
    hdac1                                    0x2000015c   Data          20  dac.o(.bss.hdac1)
    hdma_adc1                                0x20000170   Data         120  adc.o(.bss.hdma_adc1)
    hdma_adc2                                0x200001e8   Data         120  adc.o(.bss.hdma_adc2)
    hdma_adc3                                0x20000260   Data         120  adc.o(.bss.hdma_adc3)
    hdma_usart1_rx                           0x200002d8   Data         120  usart.o(.bss.hdma_usart1_rx)
    hdma_usart1_tx                           0x20000350   Data         120  usart.o(.bss.hdma_usart1_tx)
    hi2c1                                    0x200003c8   Data          84  i2c.o(.bss.hi2c1)
    htim8                                    0x2000041c   Data          76  tim.o(.bss.htim8)
    huart1                                   0x20000468   Data         148  usart.o(.bss.huart1)
    i                                        0x200004fc   Data           4  main.o(.bss.i)
    myid                                     0x20000500   Data           2  main.o(.bss.myid)
    postion_x                                0x20000504   Data           4  main.o(.bss.postion_x)
    rx_buf                                   0x20000508   Data          20  main.o(.bss.rx_buf)
    rx_count                                 0x2000051c   Data           1  main.o(.bss.rx_count)
    rx_data                                  0x2000051d   Data           1  main.o(.bss.rx_data)
    tx_buf                                   0x20000520   Data          20  main.o(.bss.tx_buf)
    uwTick                                   0x20000534   Data           4  stm32h7xx_hal.o(.bss.uwTick)
    volt_fi                                  0x20000538   Data           4  main.o(.bss.volt_fi)
    volt_rate                                0x2000053c   Data           4  main.o(.bss.volt_rate)
    __heap_base                              0x20000540   Data           0  startup_stm32h750xx.o(HEAP)
    __heap_limit                             0x20000740   Data           0  startup_stm32h750xx.o(HEAP)
    __initial_sp                             0x20000b40   Data           0  startup_stm32h750xx.o(STACK)
    adc1_value                               0x24000000   Data         256  main.o(.ARM.__at_0x24000000)
    adc2_value                               0x24010000   Data         256  main.o(.ARM.__at_0x24010000)
    adc3_value                               0x38000000   Data         128  main.o(.ARM.__at_0x38000000)



==============================================================================

Memory Map of the image

  Image Entry point : 0x08000299

  Load Region LR_IROM1 (Base: 0x08000000, Size: 0x00018ae0, Max: 0x00200000, ABSOLUTE, COMPRESSED[0x00008be8])

    Execution Region ER_IROM1 (Exec base: 0x08000000, Load base: 0x08000000, Size: 0x0000892c, Max: 0x00200000, ABSOLUTE)

    Exec Addr    Load Addr    Size         Type   Attr      Idx    E Section Name        Object

    0x08000000   0x08000000   0x00000298   Data   RO            3    RESET               startup_stm32h750xx.o
    0x08000298   0x08000298   0x00000000   Code   RO         1894  * .ARM.Collect$$$$00000000  mc_w.l(entry.o)
    0x08000298   0x08000298   0x00000004   Code   RO         1943    .ARM.Collect$$$$00000001  mc_w.l(entry2.o)
    0x0800029c   0x0800029c   0x00000004   Code   RO         1946    .ARM.Collect$$$$00000004  mc_w.l(entry5.o)
    0x080002a0   0x080002a0   0x00000000   Code   RO         1948    .ARM.Collect$$$$00000008  mc_w.l(entry7b.o)
    0x080002a0   0x080002a0   0x00000000   Code   RO         1950    .ARM.Collect$$$$0000000A  mc_w.l(entry8b.o)
    0x080002a0   0x080002a0   0x00000008   Code   RO         1951    .ARM.Collect$$$$0000000B  mc_w.l(entry9a.o)
    0x080002a8   0x080002a8   0x00000000   Code   RO         1953    .ARM.Collect$$$$0000000D  mc_w.l(entry10a.o)
    0x080002a8   0x080002a8   0x00000000   Code   RO         1955    .ARM.Collect$$$$0000000F  mc_w.l(entry11a.o)
    0x080002a8   0x080002a8   0x00000004   Code   RO         1944    .ARM.Collect$$$$00002712  mc_w.l(entry2.o)
    0x080002ac   0x080002ac   0x00000024   Code   RO            4    .text               startup_stm32h750xx.o
    0x080002d0   0x080002d0   0x00000062   Code   RO         1897    .text               mc_w.l(uldiv.o)
    0x08000332   0x08000332   0x00000024   Code   RO         1905    .text               mc_w.l(memseta.o)
    0x08000356   0x08000356   0x0000000e   Code   RO         1907    .text               mc_w.l(strlen.o)
    0x08000364   0x08000364   0x0000001e   Code   RO         1957    .text               mc_w.l(llshl.o)
    0x08000382   0x08000382   0x00000020   Code   RO         1959    .text               mc_w.l(llushr.o)
    0x080003a2   0x080003a2   0x00000002   PAD
    0x080003a4   0x080003a4   0x00000030   Code   RO         1963    .text               mc_w.l(init.o)
    0x080003d4   0x080003d4   0x0000003a   Code   RO         1973    .text               mc_w.l(__dczerorl.o)
    0x0800040e   0x0800040e   0x00000002   PAD
    0x08000410   0x08000410   0x00000116   Code   RO          331    .text.ADC_ConfigureBoostMode  stm32h7xx_hal_adc.o
    0x08000526   0x08000526   0x00000002   PAD
    0x08000528   0x08000528   0x0000005c   Code   RO          357    .text.ADC_DMAConvCplt  stm32h7xx_hal_adc.o
    0x08000584   0x08000584   0x00000004   PAD
    0x08000588   0x08000588   0x00000016   Code   RO          361    .text.ADC_DMAError  stm32h7xx_hal_adc.o
    0x0800059e   0x0800059e   0x00000002   PAD
    0x080005a0   0x080005a0   0x00000006   Code   RO          359    .text.ADC_DMAHalfConvCplt  stm32h7xx_hal_adc.o
    0x080005a6   0x080005a6   0x00000002   PAD
    0x080005a8   0x080005a8   0x0000007a   Code   RO          337    .text.ADC_Disable   stm32h7xx_hal_adc.o
    0x08000622   0x08000622   0x00000006   PAD
    0x08000628   0x08000628   0x000000ac   Code   RO          343    .text.ADC_Enable    stm32h7xx_hal_adc.o
    0x080006d4   0x080006d4   0x00000004   PAD
    0x080006d8   0x080006d8   0x000000ac   Code   RO          310    .text.BDMA_Channel0_IRQHandler  stm32h7xx_it.o
    0x08000784   0x08000784   0x00000004   PAD
    0x08000788   0x08000788   0x00000002   Code   RO          288    .text.BusFault_Handler  stm32h7xx_it.o
    0x0800078a   0x0800078a   0x00000006   PAD
    0x08000790   0x08000790   0x0000000c   Code   RO          300    .text.DMA1_Stream0_IRQHandler  stm32h7xx_it.o
    0x0800079c   0x0800079c   0x00000004   PAD
    0x080007a0   0x080007a0   0x0000000c   Code   RO          302    .text.DMA1_Stream1_IRQHandler  stm32h7xx_it.o
    0x080007ac   0x080007ac   0x00000004   PAD
    0x080007b0   0x080007b0   0x0000000c   Code   RO          304    .text.DMA1_Stream2_IRQHandler  stm32h7xx_it.o
    0x080007bc   0x080007bc   0x00000004   PAD
    0x080007c0   0x080007c0   0x0000000c   Code   RO          306    .text.DMA1_Stream3_IRQHandler  stm32h7xx_it.o
    0x080007cc   0x080007cc   0x00000004   PAD
    0x080007d0   0x080007d0   0x00000118   Code   RO          678    .text.DMA_CalcBaseAndBitshift  stm32h7xx_hal_dma.o
    0x080008e8   0x080008e8   0x000002f4   Code   RO          684    .text.DMA_SetConfig  stm32h7xx_hal_dma.o
    0x08000bdc   0x08000bdc   0x00000004   PAD
    0x08000be0   0x08000be0   0x0000002e   Code   RO           51    .text.DWT_Init      i2c_hal.o
    0x08000c0e   0x08000c0e   0x00000002   PAD
    0x08000c10   0x08000c10   0x00000002   Code   RO          294    .text.DebugMon_Handler  stm32h7xx_it.o
    0x08000c12   0x08000c12   0x00000006   PAD
    0x08000c18   0x08000c18   0x0000000a   Code   RO          117    .text.Error_Handler  main.o
    0x08000c22   0x08000c22   0x00000006   PAD
    0x08000c28   0x08000c28   0x0000009a   Code   RO          393    .text.HAL_ADCEx_Calibration_Start  stm32h7xx_hal_adc_ex.o
    0x08000cc2   0x08000cc2   0x00000006   PAD
    0x08000cc8   0x08000cc8   0x00000102   Code   RO          443    .text.HAL_ADCEx_MultiModeConfigChannel  stm32h7xx_hal_adc_ex.o
    0x08000dca   0x08000dca   0x00000006   PAD
    0x08000dd0   0x08000dd0   0x00000114   Code   RO          415    .text.HAL_ADCEx_MultiModeStart_DMA  stm32h7xx_hal_adc_ex.o
    0x08000ee4   0x08000ee4   0x00000004   PAD
    0x08000ee8   0x08000ee8   0x00000458   Code   RO          377    .text.HAL_ADC_ConfigChannel  stm32h7xx_hal_adc.o
    0x08001340   0x08001340   0x00000078   Code   RO          123    .text.HAL_ADC_ConvCpltCallback  main.o
    0x080013b8   0x080013b8   0x00000078   Code   RO          121    .text.HAL_ADC_ConvHalfCpltCallback  main.o
    0x08001430   0x08001430   0x00000002   Code   RO          373    .text.HAL_ADC_ErrorCallback  stm32h7xx_hal_adc.o
    0x08001432   0x08001432   0x00000006   PAD
    0x08001438   0x08001438   0x00000228   Code   RO          327    .text.HAL_ADC_Init  stm32h7xx_hal_adc.o
    0x08001660   0x08001660   0x000001f6   Code   RO          181    .text.HAL_ADC_MspInit  adc.o
    0x08001856   0x08001856   0x00000002   PAD
    0x08001858   0x08001858   0x000000fc   Code   RO          341    .text.HAL_ADC_Start  stm32h7xx_hal_adc.o
    0x08001954   0x08001954   0x00000004   PAD
    0x08001958   0x08001958   0x0000016e   Code   RO         1309    .text.HAL_DAC_ConfigChannel  stm32h7xx_hal_dac.o
    0x08001ac6   0x08001ac6   0x00000002   PAD
    0x08001ac8   0x08001ac8   0x0000002c   Code   RO         1273    .text.HAL_DAC_Init  stm32h7xx_hal_dac.o
    0x08001af4   0x08001af4   0x00000004   PAD
    0x08001af8   0x08001af8   0x00000068   Code   RO          211    .text.HAL_DAC_MspInit  dac.o
    0x08001b60   0x08001b60   0x000004e0   Code   RO          688    .text.HAL_DMA_Abort  stm32h7xx_hal_dma.o
    0x08002040   0x08002040   0x00000298   Code   RO          690    .text.HAL_DMA_Abort_IT  stm32h7xx_hal_dma.o
    0x080022d8   0x080022d8   0x00000a7c   Code   RO          694    .text.HAL_DMA_IRQHandler  stm32h7xx_hal_dma.o
    0x08002d54   0x08002d54   0x00000004   PAD
    0x08002d58   0x08002d58   0x0000061e   Code   RO          676    .text.HAL_DMA_Init  stm32h7xx_hal_dma.o
    0x08003376   0x08003376   0x00000002   PAD
    0x08003378   0x08003378   0x00000386   Code   RO          686    .text.HAL_DMA_Start_IT  stm32h7xx_hal_dma.o
    0x080036fe   0x080036fe   0x00000002   PAD
    0x08003700   0x08003700   0x00000028   Code   RO          986    .text.HAL_Delay     stm32h7xx_hal.o
    0x08003728   0x08003728   0x000001a2   Code   RO          622    .text.HAL_GPIO_Init  stm32h7xx_hal_gpio.o
    0x080038ca   0x080038ca   0x00000006   PAD
    0x080038d0   0x080038d0   0x0000000a   Code   RO          626    .text.HAL_GPIO_ReadPin  stm32h7xx_hal_gpio.o
    0x080038da   0x080038da   0x00000006   PAD
    0x080038e0   0x080038e0   0x0000000a   Code   RO          628    .text.HAL_GPIO_WritePin  stm32h7xx_hal_gpio.o
    0x080038ea   0x080038ea   0x00000006   PAD
    0x080038f0   0x080038f0   0x0000000e   Code   RO          994    .text.HAL_GetREVID  stm32h7xx_hal.o
    0x080038fe   0x080038fe   0x00000002   PAD
    0x08003900   0x08003900   0x0000000c   Code   RO          978    .text.HAL_GetTick   stm32h7xx_hal.o
    0x0800390c   0x0800390c   0x00000004   PAD
    0x08003910   0x08003910   0x0000004a   Code   RO         1227    .text.HAL_I2CEx_ConfigAnalogFilter  stm32h7xx_hal_i2c_ex.o
    0x0800395a   0x0800395a   0x00000006   PAD
    0x08003960   0x08003960   0x00000048   Code   RO         1229    .text.HAL_I2CEx_ConfigDigitalFilter  stm32h7xx_hal_i2c_ex.o
    0x080039a8   0x080039a8   0x000000a8   Code   RO         1073    .text.HAL_I2C_Init  stm32h7xx_hal_i2c.o
    0x08003a50   0x08003a50   0x00000090   Code   RO          235    .text.HAL_I2C_MspInit  i2c.o
    0x08003ae0   0x08003ae0   0x0000001a   Code   RO          976    .text.HAL_IncTick   stm32h7xx_hal.o
    0x08003afa   0x08003afa   0x00000006   PAD
    0x08003b00   0x08003b00   0x00000064   Code   RO          966    .text.HAL_Init      stm32h7xx_hal.o
    0x08003b64   0x08003b64   0x00000004   PAD
    0x08003b68   0x08003b68   0x00000058   Code   RO          968    .text.HAL_InitTick  stm32h7xx_hal.o
    0x08003bc0   0x08003bc0   0x00000020   Code   RO          319    .text.HAL_MspInit   stm32h7xx_hal_msp.o
    0x08003be0   0x08003be0   0x00000022   Code   RO          918    .text.HAL_NVIC_EnableIRQ  stm32h7xx_hal_cortex.o
    0x08003c02   0x08003c02   0x00000006   PAD
    0x08003c08   0x08003c08   0x0000005a   Code   RO          916    .text.HAL_NVIC_SetPriority  stm32h7xx_hal_cortex.o
    0x08003c62   0x08003c62   0x00000006   PAD
    0x08003c68   0x08003c68   0x00000020   Code   RO          914    .text.HAL_NVIC_SetPriorityGrouping  stm32h7xx_hal_cortex.o
    0x08003c88   0x08003c88   0x00000048   Code   RO          826    .text.HAL_PWREx_ConfigSupply  stm32h7xx_hal_pwr_ex.o
    0x08003cd0   0x08003cd0   0x00000026   Code   RO          513    .text.HAL_RCCEx_GetD3PCLK1Freq  stm32h7xx_hal_rcc_ex.o
    0x08003cf6   0x08003cf6   0x00000002   PAD
    0x08003cf8   0x08003cf8   0x0000012c   Code   RO          507    .text.HAL_RCCEx_GetPLL1ClockFreq  stm32h7xx_hal_rcc_ex.o
    0x08003e24   0x08003e24   0x00000004   PAD
    0x08003e28   0x08003e28   0x00000128   Code   RO          509    .text.HAL_RCCEx_GetPLL2ClockFreq  stm32h7xx_hal_rcc_ex.o
    0x08003f50   0x08003f50   0x00000128   Code   RO          511    .text.HAL_RCCEx_GetPLL3ClockFreq  stm32h7xx_hal_rcc_ex.o
    0x08004078   0x08004078   0x000003ce   Code   RO          505    .text.HAL_RCCEx_GetPeriphCLKFreq  stm32h7xx_hal_rcc_ex.o
    0x08004446   0x08004446   0x00000002   PAD
    0x08004448   0x08004448   0x00000a32   Code   RO          497    .text.HAL_RCCEx_PeriphCLKConfig  stm32h7xx_hal_rcc_ex.o
    0x08004e7a   0x08004e7a   0x00000006   PAD
    0x08004e80   0x08004e80   0x0000024a   Code   RO          465    .text.HAL_RCC_ClockConfig  stm32h7xx_hal_rcc.o
    0x080050ca   0x080050ca   0x00000006   PAD
    0x080050d0   0x080050d0   0x0000004c   Code   RO          475    .text.HAL_RCC_GetHCLKFreq  stm32h7xx_hal_rcc.o
    0x0800511c   0x0800511c   0x00000004   PAD
    0x08005120   0x08005120   0x00000060   Code   RO          477    .text.HAL_RCC_GetPCLK1Freq  stm32h7xx_hal_rcc.o
    0x08005180   0x08005180   0x00000060   Code   RO          479    .text.HAL_RCC_GetPCLK2Freq  stm32h7xx_hal_rcc.o
    0x080051e0   0x080051e0   0x0000010c   Code   RO          467    .text.HAL_RCC_GetSysClockFreq  stm32h7xx_hal_rcc.o
    0x080052ec   0x080052ec   0x00000004   PAD
    0x080052f0   0x080052f0   0x0000062e   Code   RO          463    .text.HAL_RCC_OscConfig  stm32h7xx_hal_rcc.o
    0x0800591e   0x0800591e   0x00000002   PAD
    0x08005920   0x08005920   0x0000002c   Code   RO          926    .text.HAL_SYSTICK_Config  stm32h7xx_hal_cortex.o
    0x0800594c   0x0800594c   0x00000004   PAD
    0x08005950   0x08005950   0x000000d0   Code   RO         1662    .text.HAL_TIMEx_MasterConfigSynchronization  stm32h7xx_hal_tim_ex.o
    0x08005a20   0x08005a20   0x00000060   Code   RO         1367    .text.HAL_TIM_Base_Init  stm32h7xx_hal_tim.o
    0x08005a80   0x08005a80   0x00000030   Code   RO          250    .text.HAL_TIM_Base_MspInit  tim.o
    0x08005ab0   0x08005ab0   0x000000aa   Code   RO         1377    .text.HAL_TIM_Base_Start  stm32h7xx_hal_tim.o
    0x08005b5a   0x08005b5a   0x00000006   PAD
    0x08005b60   0x08005b60   0x0000004a   Code   RO         1551    .text.HAL_TIM_SlaveConfigSynchro  stm32h7xx_hal_tim.o
    0x08005baa   0x08005baa   0x00000006   PAD
    0x08005bb0   0x08005bb0   0x00000036   Code   RO         1857    .text.HAL_UARTEx_DisableFifoMode  stm32h7xx_hal_uart_ex.o
    0x08005be6   0x08005be6   0x00000002   PAD
    0x08005be8   0x08005be8   0x0000005a   Code   RO         1867    .text.HAL_UARTEx_ReceiveToIdle_DMA  stm32h7xx_hal_uart_ex.o
    0x08005c42   0x08005c42   0x00000006   PAD
    0x08005c48   0x08005c48   0x00000026   Code   RO          269    .text.HAL_UARTEx_RxEventCallback  usart.o
    0x08005c6e   0x08005c6e   0x00000002   PAD
    0x08005c70   0x08005c70   0x00000002   Code   RO         1843    .text.HAL_UARTEx_RxFifoFullCallback  stm32h7xx_hal_uart_ex.o
    0x08005c72   0x08005c72   0x00000006   PAD
    0x08005c78   0x08005c78   0x00000092   Code   RO         1861    .text.HAL_UARTEx_SetRxFifoThreshold  stm32h7xx_hal_uart_ex.o
    0x08005d0a   0x08005d0a   0x00000006   PAD
    0x08005d10   0x08005d10   0x00000092   Code   RO         1859    .text.HAL_UARTEx_SetTxFifoThreshold  stm32h7xx_hal_uart_ex.o
    0x08005da2   0x08005da2   0x00000006   PAD
    0x08005da8   0x08005da8   0x00000002   Code   RO         1845    .text.HAL_UARTEx_TxFifoEmptyCallback  stm32h7xx_hal_uart_ex.o
    0x08005daa   0x08005daa   0x00000006   PAD
    0x08005db0   0x08005db0   0x00000002   Code   RO         1841    .text.HAL_UARTEx_WakeupCallback  stm32h7xx_hal_uart_ex.o
    0x08005db2   0x08005db2   0x00000006   PAD
    0x08005db8   0x08005db8   0x00000002   Code   RO         1782    .text.HAL_UART_ErrorCallback  stm32h7xx_hal_uart.o
    0x08005dba   0x08005dba   0x00000006   PAD
    0x08005dc0   0x08005dc0   0x000003ae   Code   RO         1778    .text.HAL_UART_IRQHandler  stm32h7xx_hal_uart.o
    0x0800616e   0x0800616e   0x00000002   PAD
    0x08006170   0x08006170   0x00000064   Code   RO         1694    .text.HAL_UART_Init  stm32h7xx_hal_uart.o
    0x080061d4   0x080061d4   0x00000004   PAD
    0x080061d8   0x080061d8   0x00000118   Code   RO          265    .text.HAL_UART_MspInit  usart.o
    0x080062f0   0x080062f0   0x0000005e   Code   RO         1730    .text.HAL_UART_Receive_IT  stm32h7xx_hal_uart.o
    0x0800634e   0x0800634e   0x00000002   PAD
    0x08006350   0x08006350   0x00000034   Code   RO          119    .text.HAL_UART_RxCpltCallback  main.o
    0x08006384   0x08006384   0x00000004   PAD
    0x08006388   0x08006388   0x00000002   Code   RO         1792    .text.HAL_UART_RxHalfCpltCallback  stm32h7xx_hal_uart.o
    0x0800638a   0x0800638a   0x00000006   PAD
    0x08006390   0x08006390   0x00000100   Code   RO         1714    .text.HAL_UART_Transmit  stm32h7xx_hal_uart.o
    0x08006490   0x08006490   0x000000a6   Code   RO         1734    .text.HAL_UART_Transmit_DMA  stm32h7xx_hal_uart.o
    0x08006536   0x08006536   0x00000002   PAD
    0x08006538   0x08006538   0x00000002   Code   RO         1786    .text.HAL_UART_TxCpltCallback  stm32h7xx_hal_uart.o
    0x0800653a   0x0800653a   0x00000006   PAD
    0x08006540   0x08006540   0x00000002   Code   RO         1788    .text.HAL_UART_TxHalfCpltCallback  stm32h7xx_hal_uart.o
    0x08006542   0x08006542   0x00000006   PAD
    0x08006548   0x08006548   0x00000002   Code   RO          284    .text.HardFault_Handler  stm32h7xx_it.o
    0x0800654a   0x0800654a   0x00000006   PAD
    0x08006550   0x08006550   0x00000028   Code   RO           79    .text.I2CInit       i2c_hal.o
    0x08006578   0x08006578   0x000000be   Code   RO           77    .text.I2CReceiveByte  i2c_hal.o
    0x08006636   0x08006636   0x00000002   PAD
    0x08006638   0x08006638   0x00000092   Code   RO           75    .text.I2CSendByte   i2c_hal.o
    0x080066ca   0x080066ca   0x00000006   PAD
    0x080066d0   0x080066d0   0x00000074   Code   RO           65    .text.I2CStart      i2c_hal.o
    0x08006744   0x08006744   0x00000004   PAD
    0x08006748   0x08006748   0x00000074   Code   RO           67    .text.I2CStop       i2c_hal.o
    0x080067bc   0x080067bc   0x00000004   PAD
    0x080067c0   0x080067c0   0x000000d0   Code   RO           69    .text.I2CWaitAck    i2c_hal.o
    0x08006890   0x08006890   0x0000011e   Code   RO           85    .text.I2C_FDC_Read  i2c_hal.o
    0x080069ae   0x080069ae   0x00000002   PAD
    0x080069b0   0x080069b0   0x000000be   Code   RO          175    .text.MX_ADC1_Init  adc.o
    0x08006a6e   0x08006a6e   0x00000002   PAD
    0x08006a70   0x08006a70   0x0000008a   Code   RO          177    .text.MX_ADC2_Init  adc.o
    0x08006afa   0x08006afa   0x00000006   PAD
    0x08006b00   0x08006b00   0x00000094   Code   RO          179    .text.MX_ADC3_Init  adc.o
    0x08006b94   0x08006b94   0x00000004   PAD
    0x08006b98   0x08006b98   0x00000034   Code   RO          200    .text.MX_BDMA_Init  bdma.o
    0x08006bcc   0x08006bcc   0x00000004   PAD
    0x08006bd0   0x08006bd0   0x00000052   Code   RO          209    .text.MX_DAC1_Init  dac.o
    0x08006c22   0x08006c22   0x00000006   PAD
    0x08006c28   0x08006c28   0x00000064   Code   RO          224    .text.MX_DMA_Init   dma.o
    0x08006c8c   0x08006c8c   0x00000004   PAD
    0x08006c90   0x08006c90   0x00000056   Code   RO          167    .text.MX_GPIO_Init  gpio.o
    0x08006ce6   0x08006ce6   0x00000002   PAD
    0x08006ce8   0x08006ce8   0x00000062   Code   RO          233    .text.MX_I2C1_Init  i2c.o
    0x08006d4a   0x08006d4a   0x00000006   PAD
    0x08006d50   0x08006d50   0x0000007e   Code   RO          248    .text.MX_TIM8_Init  tim.o
    0x08006dce   0x08006dce   0x00000002   PAD
    0x08006dd0   0x08006dd0   0x0000007c   Code   RO          263    .text.MX_USART1_UART_Init  usart.o
    0x08006e4c   0x08006e4c   0x00000004   PAD
    0x08006e50   0x08006e50   0x00000002   Code   RO          286    .text.MemManage_Handler  stm32h7xx_it.o
    0x08006e52   0x08006e52   0x00000006   PAD
    0x08006e58   0x08006e58   0x00000002   Code   RO          282    .text.NMI_Handler   stm32h7xx_it.o
    0x08006e5a   0x08006e5a   0x00000006   PAD
    0x08006e60   0x08006e60   0x00000002   Code   RO          296    .text.PendSV_Handler  stm32h7xx_it.o
    0x08006e62   0x08006e62   0x00000006   PAD
    0x08006e68   0x08006e68   0x0000011e   Code   RO          499    .text.RCCEx_PLL2_Config  stm32h7xx_hal_rcc_ex.o
    0x08006f86   0x08006f86   0x00000002   PAD
    0x08006f88   0x08006f88   0x0000011e   Code   RO          501    .text.RCCEx_PLL3_Config  stm32h7xx_hal_rcc_ex.o
    0x080070a6   0x080070a6   0x00000002   PAD
    0x080070a8   0x080070a8   0x00000002   Code   RO          292    .text.SVC_Handler   stm32h7xx_it.o
    0x080070aa   0x080070aa   0x00000006   PAD
    0x080070b0   0x080070b0   0x00000004   Code   RO          298    .text.SysTick_Handler  stm32h7xx_it.o
    0x080070b4   0x080070b4   0x00000004   PAD
    0x080070b8   0x080070b8   0x000000c6   Code   RO          113    .text.SystemClock_Config  main.o
    0x0800717e   0x0800717e   0x00000002   PAD
    0x08007180   0x08007180   0x000000cc   Code   RO         1880    .text.SystemInit    system_stm32h7xx.o
    0x0800724c   0x0800724c   0x00000004   PAD
    0x08007250   0x08007250   0x00000140   Code   RO         1371    .text.TIM_Base_SetConfig  stm32h7xx_hal_tim.o
    0x08007390   0x08007390   0x00000176   Code   RO         1553    .text.TIM_SlaveTimer_SetConfig  stm32h7xx_hal_tim.o
    0x08007506   0x08007506   0x00000002   PAD
    0x08007508   0x08007508   0x000000e0   Code   RO         1698    .text.UART_AdvFeatureConfig  stm32h7xx_hal_uart.o
    0x080075e8   0x080075e8   0x000000ba   Code   RO         1702    .text.UART_CheckIdleState  stm32h7xx_hal_uart.o
    0x080076a2   0x080076a2   0x00000006   PAD
    0x080076a8   0x080076a8   0x0000000c   Code   RO         1780    .text.UART_DMAAbortOnError  stm32h7xx_hal_uart.o
    0x080076b4   0x080076b4   0x00000004   PAD
    0x080076b8   0x080076b8   0x000000c8   Code   RO         1740    .text.UART_DMAError  stm32h7xx_hal_uart.o
    0x08007780   0x08007780   0x00000082   Code   RO         1824    .text.UART_DMAReceiveCplt  stm32h7xx_hal_uart.o
    0x08007802   0x08007802   0x00000006   PAD
    0x08007808   0x08007808   0x0000001a   Code   RO         1826    .text.UART_DMARxHalfCplt  stm32h7xx_hal_uart.o
    0x08007822   0x08007822   0x00000006   PAD
    0x08007828   0x08007828   0x0000003e   Code   RO         1736    .text.UART_DMATransmitCplt  stm32h7xx_hal_uart.o
    0x08007866   0x08007866   0x00000002   PAD
    0x08007868   0x08007868   0x00000006   Code   RO         1738    .text.UART_DMATxHalfCplt  stm32h7xx_hal_uart.o
    0x0800786e   0x0800786e   0x00000002   PAD
    0x08007870   0x08007870   0x000000ce   Code   RO         1820    .text.UART_RxISR_16BIT  stm32h7xx_hal_uart.o
    0x0800793e   0x0800793e   0x00000002   PAD
    0x08007940   0x08007940   0x000001c6   Code   RO         1816    .text.UART_RxISR_16BIT_FIFOEN  stm32h7xx_hal_uart.o
    0x08007b06   0x08007b06   0x00000002   PAD
    0x08007b08   0x08007b08   0x000000ce   Code   RO         1822    .text.UART_RxISR_8BIT  stm32h7xx_hal_uart.o
    0x08007bd6   0x08007bd6   0x00000002   PAD
    0x08007bd8   0x08007bd8   0x000001ca   Code   RO         1818    .text.UART_RxISR_8BIT_FIFOEN  stm32h7xx_hal_uart.o
    0x08007da2   0x08007da2   0x00000006   PAD
    0x08007da8   0x08007da8   0x00000448   Code   RO         1700    .text.UART_SetConfig  stm32h7xx_hal_uart.o
    0x080081f0   0x080081f0   0x000000a0   Code   RO         1744    .text.UART_Start_Receive_DMA  stm32h7xx_hal_uart.o
    0x08008290   0x08008290   0x0000011c   Code   RO         1732    .text.UART_Start_Receive_IT  stm32h7xx_hal_uart.o
    0x080083ac   0x080083ac   0x00000004   PAD
    0x080083b0   0x080083b0   0x0000013e   Code   RO         1716    .text.UART_WaitOnFlagUntilTimeout  stm32h7xx_hal_uart.o
    0x080084ee   0x080084ee   0x00000002   PAD
    0x080084f0   0x080084f0   0x0000000c   Code   RO          308    .text.USART1_IRQHandler  stm32h7xx_it.o
    0x080084fc   0x080084fc   0x00000004   PAD
    0x08008500   0x08008500   0x00000002   Code   RO          290    .text.UsageFault_Handler  stm32h7xx_it.o
    0x08008502   0x08008502   0x00000006   PAD
    0x08008508   0x08008508   0x0000002c   Code   RO           11    .text.createMovingAverageFilter  filters.o
    0x08008534   0x08008534   0x00000004   PAD
    0x08008538   0x08008538   0x00000278   Code   RO          111    .text.main          main.o
    0x080087b0   0x080087b0   0x0000006c   Code   RO           15    .text.updateMovingAverage  filters.o
    0x0800881c   0x0800881c   0x0000000e   Code   RO         1967    i.__scatterload_copy  mc_w.l(handlers.o)
    0x0800882a   0x0800882a   0x00000002   Code   RO         1968    i.__scatterload_null  mc_w.l(handlers.o)
    0x0800882c   0x0800882c   0x0000000e   Code   RO         1969    i.__scatterload_zeroinit  mc_w.l(handlers.o)
    0x0800883a   0x0800883a   0x00000002   PAD
    0x0800883c   0x0800883c   0x0000006c   Code   RO         1914    i.malloc            mc_w.l(malloc.o)
    0x080088a8   0x080088a8   0x00000006   Data   RO         1829    .rodata..Lswitch.table.UART_SetConfig.5  stm32h7xx_hal_uart.o
    0x080088ae   0x080088ae   0x00000006   Data   RO         1830    .rodata..Lswitch.table.UART_SetConfig.7  stm32h7xx_hal_uart.o
    0x080088b4   0x080088b4   0x00000010   Data   RO         1886    .rodata.D1CorePrescTable  system_stm32h7xx.o
    0x080088c4   0x080088c4   0x00000018   Data   RO         1828    .rodata.UARTPrescTable  stm32h7xx_hal_uart.o
    0x080088dc   0x080088dc   0x00000010   Data   RO         1871    .rodata.cst8        stm32h7xx_hal_uart_ex.o
    0x080088ec   0x080088ec   0x00000040   Data   RO         1966    Region$$Table       anon$$obj.o


    Execution Region RW_IRAM1 (Exec base: 0x20000000, Load base: 0x08008930, Size: 0x00000b40, Max: 0x00020000, ABSOLUTE)

    Exec Addr    Load Addr    Size         Type   Attr      Idx    E Section Name        Object

    0x20000000   0x08008930   0x00000004   Data   RW         1961    .data               mc_w.l(mvars.o)
    0x20000004   0x08008934   0x00000004   Data   RW         1962    .data               mc_w.l(mvars.o)
    0x20000008   0x08008938   0x00000004   Data   RW          125    .data.Psd_Lx        main.o
    0x2000000c   0x0800893c   0x00000004   Data   RW         1884    .data.SystemCoreClock  system_stm32h7xx.o
    0x20000010   0x08008940   0x00000004   Data   RW         1885    .data.SystemD2Clock  system_stm32h7xx.o
    0x20000014   0x08008944   0x00000004   Data   RW          131    .data.adc3_ave      main.o
    0x20000018   0x08008948   0x00000001   Data   RW         1063    .data.uwTickFreq    stm32h7xx_hal.o
    0x20000019   0x08008949   0x00000003   PAD
    0x2000001c   0x0800894c   0x00000004   Data   RW         1062    .data.uwTickPrio    stm32h7xx_hal.o
    0x20000020        -       0x00000004   Zero   RW          188    .bss.HAL_RCC_ADC12_CLK_ENABLED  adc.o
    0x20000024        -       0x00000004   Zero   RW          142    .bss.adc1_ave       main.o
    0x20000028        -       0x00000004   Zero   RW          143    .bss.adc2_ave       main.o
    0x2000002c        -       0x00000001   Zero   RW          140    .bss.adc3flag       main.o
    0x2000002d        -       0x00000002   Zero   RW          137    .bss.add            main.o
    0x2000002f   0x08008950   0x00000001   PAD
    0x20000030        -       0x00000064   Zero   RW          185    .bss.hadc1          adc.o
    0x20000094        -       0x00000064   Zero   RW          186    .bss.hadc2          adc.o
    0x200000f8        -       0x00000064   Zero   RW          187    .bss.hadc3          adc.o
    0x2000015c        -       0x00000014   Zero   RW          215    .bss.hdac1          dac.o
    0x20000170        -       0x00000078   Zero   RW          189    .bss.hdma_adc1      adc.o
    0x200001e8        -       0x00000078   Zero   RW          190    .bss.hdma_adc2      adc.o
    0x20000260        -       0x00000078   Zero   RW          191    .bss.hdma_adc3      adc.o
    0x200002d8        -       0x00000078   Zero   RW          272    .bss.hdma_usart1_rx  usart.o
    0x20000350        -       0x00000078   Zero   RW          273    .bss.hdma_usart1_tx  usart.o
    0x200003c8        -       0x00000054   Zero   RW          239    .bss.hi2c1          i2c.o
    0x2000041c        -       0x0000004c   Zero   RW          254    .bss.htim8          tim.o
    0x20000468        -       0x00000094   Zero   RW          271    .bss.huart1         usart.o
    0x200004fc        -       0x00000004   Zero   RW          145    .bss.i              main.o
    0x20000500        -       0x00000002   Zero   RW          138    .bss.myid           main.o
    0x20000502   0x08008950   0x00000002   PAD
    0x20000504        -       0x00000004   Zero   RW          126    .bss.postion_x      main.o
    0x20000508        -       0x00000014   Zero   RW          147    .bss.rx_buf         main.o
    0x2000051c        -       0x00000001   Zero   RW          148    .bss.rx_count       main.o
    0x2000051d        -       0x00000001   Zero   RW          135    .bss.rx_data        main.o
    0x2000051e   0x08008950   0x00000002   PAD
    0x20000520        -       0x00000014   Zero   RW          136    .bss.tx_buf         main.o
    0x20000534        -       0x00000004   Zero   RW         1064    .bss.uwTick         stm32h7xx_hal.o
    0x20000538        -       0x00000004   Zero   RW          146    .bss.volt_fi        main.o
    0x2000053c        -       0x00000004   Zero   RW          144    .bss.volt_rate      main.o
    0x20000540        -       0x00000200   Zero   RW            2    HEAP                startup_stm32h750xx.o
    0x20000740        -       0x00000400   Zero   RW            1    STACK               startup_stm32h750xx.o


    Execution Region RW_IRAM2 (Exec base: 0x24000000, Load base: 0x08008950, Size: 0x00010100, Max: 0x00080000, ABSOLUTE, COMPRESSED[0x00000208])

    Exec Addr    Load Addr    Size         Type   Attr      Idx    E Section Name        Object

    0x24000000   COMPRESSED   0x00000100   Data   RW          139    .ARM.__at_0x24000000  main.o
    0x24000100   COMPRESSED   0x0000ff00   PAD
    0x24010000   COMPRESSED   0x00000100   Data   RW          157    .ARM.__at_0x24010000  main.o


    Execution Region RW_IRAM3 (Exec base: 0x30000000, Load base: 0x08008b58, Size: 0x00000000, Max: 0x00048000, ABSOLUTE)

    **** No section assigned to this execution region ****


    Execution Region RW_IRAM4 (Exec base: 0x38000000, Load base: 0x08008b68, Size: 0x00000080, Max: 0x00010000, ABSOLUTE)

    Exec Addr    Load Addr    Size         Type   Attr      Idx    E Section Name        Object

    0x38000000   0x08008b68   0x00000080   Data   RW          141    .ARM.__at_0x38000000  main.o


==============================================================================

Image component sizes


      Code (inc. data)   RO Data    RW Data    ZI Data      Debug   Object Name

       978          0          0          0        664       8501   adc.o
        52          0          0          0          0       5499   bdma.o
       186          0          0          0         20       6129   dac.o
       100          0          0          0          0       5502   dma.o
       152          0          0          0          0       6384   filters.o
        86          0          0          0          0       2278   gpio.o
       242          0          0          0         84       8086   i2c.o
      1148          0          0          0          0      13454   i2c_hal.o
      1132         36          0        648         71      13596   main.o
        36          8        664          0       1536        820   startup_stm32h750xx.o
       280          0          0          5          4      14988   stm32h7xx_hal.o
      2610         12          0          0          0      25313   stm32h7xx_hal_adc.o
       688          0          0          0          0      26116   stm32h7xx_hal_adc_ex.o
       200          0          0          0          0      12508   stm32h7xx_hal_cortex.o
       410          0          0          0          0       9284   stm32h7xx_hal_dac.o
      8100         12          0          0          0      17862   stm32h7xx_hal_dma.o
       438          0          0          0          0       6969   stm32h7xx_hal_gpio.o
       168          0          0          0          0      65851   stm32h7xx_hal_i2c.o
       146          0          0          0          0       7578   stm32h7xx_hal_i2c_ex.o
        32          0          0          0          0       2225   stm32h7xx_hal_msp.o
        72          0          0          0          0      10596   stm32h7xx_hal_pwr_ex.o
      2704         16          0          0          0      11663   stm32h7xx_hal_rcc.o
      5086        210          0          0          0      17912   stm32h7xx_hal_rcc_ex.o
      1034          0          0          0          0      66614   stm32h7xx_hal_tim.o
       208          0          0          0          0      25627   stm32h7xx_hal_tim_ex.o
      5594        300         36          0          0      36879   stm32h7xx_hal_uart.o
       442          0         16          0          0      11031   stm32h7xx_hal_uart_ex.o
       252          0          0          0          0       5730   stm32h7xx_it.o
       204          0         16          8          0       5869   system_stm32h7xx.o
       174          0          0          0         76       6563   tim.o
       442          0          0          0        388      12033   usart.o

    ----------------------------------------------------------------------
     33840        602        796      65944       2848     469460   Object Totals
         0          0         64          0          0          0   (incl. Generated)
       444          8          0      65283          5          0   (incl. Padding)

    ----------------------------------------------------------------------

      Code (inc. data)   RO Data    RW Data    ZI Data      Debug   Library Member Name

        58          0          0          0          0          0   __dczerorl.o
         0          0          0          0          0          0   entry.o
         0          0          0          0          0          0   entry10a.o
         0          0          0          0          0          0   entry11a.o
         8          4          0          0          0          0   entry2.o
         4          0          0          0          0          0   entry5.o
         0          0          0          0          0          0   entry7b.o
         0          0          0          0          0          0   entry8b.o
         8          4          0          0          0          0   entry9a.o
        30          0          0          0          0          0   handlers.o
        48         10          0          0          0         68   init.o
        30          0          0          0          0         68   llshl.o
        32          0          0          0          0         68   llushr.o
       108         16          0          0          0         84   malloc.o
        36          0          0          0          0        108   memseta.o
         0          0          0          8          0          0   mvars.o
        14          0          0          0          0         68   strlen.o
        98          0          0          0          0         92   uldiv.o

    ----------------------------------------------------------------------
       480         34          0          8          0        556   Library Totals
         6          0          0          0          0          0   (incl. Padding)

    ----------------------------------------------------------------------

      Code (inc. data)   RO Data    RW Data    ZI Data      Debug   Library Name

       474         34          0          8          0        556   mc_w.l

    ----------------------------------------------------------------------
       480         34          0          8          0        556   Library Totals

    ----------------------------------------------------------------------

==============================================================================


      Code (inc. data)   RO Data    RW Data    ZI Data      Debug   

     34320        636        796      65952       2848     469564   Grand Totals
     34320        636        796        680       2848     469564   ELF Image Totals (compressed)
     34320        636        796        680          0          0   ROM Totals

==============================================================================

    Total RO  Size (Code + RO Data)                35116 (  34.29kB)
    Total RW  Size (RW Data + ZI Data)             68800 (  67.19kB)
    Total ROM Size (Code + RO Data + RW Data)      35796 (  34.96kB)

==============================================================================

