Component: Arm Compiler for Embedded 6.22 Tool: armlink [5ee90200]

==============================================================================

Section Cross References

    startup_stm32h750xx.o(RESET) refers to startup_stm32h750xx.o(STACK) for __initial_sp
    startup_stm32h750xx.o(RESET) refers to startup_stm32h750xx.o(.text) for Reset_Handler
    startup_stm32h750xx.o(RESET) refers to stm32h7xx_it.o(.text.NMI_Handler) for NMI_Handler
    startup_stm32h750xx.o(RESET) refers to stm32h7xx_it.o(.text.HardFault_Handler) for HardFault_Handler
    startup_stm32h750xx.o(RESET) refers to stm32h7xx_it.o(.text.MemManage_Handler) for MemManage_Handler
    startup_stm32h750xx.o(RESET) refers to stm32h7xx_it.o(.text.BusFault_Handler) for BusFault_Handler
    startup_stm32h750xx.o(RESET) refers to stm32h7xx_it.o(.text.UsageFault_Handler) for UsageFault_Handler
    startup_stm32h750xx.o(RESET) refers to stm32h7xx_it.o(.text.SVC_Handler) for SVC_Handler
    startup_stm32h750xx.o(RESET) refers to stm32h7xx_it.o(.text.DebugMon_Handler) for DebugMon_Handler
    startup_stm32h750xx.o(RESET) refers to stm32h7xx_it.o(.text.PendSV_Handler) for PendSV_Handler
    startup_stm32h750xx.o(RESET) refers to stm32h7xx_it.o(.text.SysTick_Handler) for SysTick_Handler
    startup_stm32h750xx.o(RESET) refers to stm32h7xx_it.o(.text.DMA1_Stream0_IRQHandler) for DMA1_Stream0_IRQHandler
    startup_stm32h750xx.o(RESET) refers to stm32h7xx_it.o(.text.DMA1_Stream1_IRQHandler) for DMA1_Stream1_IRQHandler
    startup_stm32h750xx.o(RESET) refers to stm32h7xx_it.o(.text.DMA1_Stream2_IRQHandler) for DMA1_Stream2_IRQHandler
    startup_stm32h750xx.o(RESET) refers to stm32h7xx_it.o(.text.DMA1_Stream3_IRQHandler) for DMA1_Stream3_IRQHandler
    startup_stm32h750xx.o(RESET) refers to stm32h7xx_it.o(.text.USART1_IRQHandler) for USART1_IRQHandler
    startup_stm32h750xx.o(RESET) refers to stm32h7xx_it.o(.text.BDMA_Channel0_IRQHandler) for BDMA_Channel0_IRQHandler
    startup_stm32h750xx.o(.text) refers to system_stm32h7xx.o(.text.SystemInit) for SystemInit
    startup_stm32h750xx.o(.text) refers to entry.o(.ARM.Collect$$$$00000000) for __main
    filters.o(.text.createMovingAverageFilter) refers to malloc.o(i.malloc) for malloc
    filters.o(.text.createMovingAverageFilter) refers to memseta.o(.text) for __aeabi_memclr4
    filters.o(.ARM.exidx.text.createMovingAverageFilter) refers to filters.o(.text.createMovingAverageFilter) for [Anonymous Symbol]
    filters.o(.ARM.exidx.text.AverageFilter) refers to filters.o(.text.AverageFilter) for [Anonymous Symbol]
    filters.o(.ARM.exidx.text.updateMovingAverage) refers to filters.o(.text.updateMovingAverage) for [Anonymous Symbol]
    filters.o(.ARM.exidx.text.compareFloat) refers to filters.o(.text.compareFloat) for [Anonymous Symbol]
    filters.o(.text.createMedianFilter) refers to malloc.o(i.malloc) for malloc
    filters.o(.text.createMedianFilter) refers to memseta.o(.text) for __aeabi_memclr4
    filters.o(.ARM.exidx.text.createMedianFilter) refers to filters.o(.text.createMedianFilter) for [Anonymous Symbol]
    filters.o(.text.updateMedianFilter) refers to memmovea.o(.text) for __aeabi_memmove4
    filters.o(.text.updateMedianFilter) refers to filters.o(.text.compareFloat) for compareFloat
    filters.o(.text.updateMedianFilter) refers to qsort.o(.text) for qsort
    filters.o(.ARM.exidx.text.updateMedianFilter) refers to filters.o(.text.updateMedianFilter) for [Anonymous Symbol]
    filters.o(.ARM.exidx.text.initKalmanFilter) refers to filters.o(.text.initKalmanFilter) for [Anonymous Symbol]
    filters.o(.ARM.exidx.text.updateKalmanFilter) refers to filters.o(.text.updateKalmanFilter) for [Anonymous Symbol]
    filters.o(.ARM.exidx.text.initLowPassFilter) refers to filters.o(.text.initLowPassFilter) for [Anonymous Symbol]
    filters.o(.ARM.exidx.text.updateLowPassFilter) refers to filters.o(.text.updateLowPassFilter) for [Anonymous Symbol]
    filters.o(.ARM.exidx.text.initHighPassFilter) refers to filters.o(.text.initHighPassFilter) for [Anonymous Symbol]
    filters.o(.ARM.exidx.text.updateHighPassFilter) refers to filters.o(.text.updateHighPassFilter) for [Anonymous Symbol]
    filters.o(.text.create_volt_ratio_filter) refers to malloc.o(i.malloc) for malloc
    filters.o(.text.create_volt_ratio_filter) refers to calloc.o(.text) for calloc
    filters.o(.ARM.exidx.text.create_volt_ratio_filter) refers to filters.o(.text.create_volt_ratio_filter) for [Anonymous Symbol]
    filters.o(.text.update_volt_ratio) refers to filters.o(.bss.update_volt_ratio.hist_idx) for update_volt_ratio.hist_idx
    filters.o(.text.update_volt_ratio) refers to filters.o(.bss.update_volt_ratio.history) for update_volt_ratio.history
    filters.o(.text.update_volt_ratio) refers to filters.o(.text.compare_float) for compare_float
    filters.o(.text.update_volt_ratio) refers to qsort.o(.text) for qsort
[...]
    main.c                                   0x00000000   Number         0  main.o ABSOLUTE
    memorymap.c                              0x00000000   Number         0  memorymap.o ABSOLUTE
    startup_stm32h750xx.s                    0x00000000   Number         0  startup_stm32h750xx.o ABSOLUTE
    stm32h7xx_hal.c                          0x00000000   Number         0  stm32h7xx_hal.o ABSOLUTE
    stm32h7xx_hal_adc.c                      0x00000000   Number         0  stm32h7xx_hal_adc.o ABSOLUTE
    stm32h7xx_hal_adc_ex.c                   0x00000000   Number         0  stm32h7xx_hal_adc_ex.o ABSOLUTE
    stm32h7xx_hal_cortex.c                   0x00000000   Number         0  stm32h7xx_hal_cortex.o ABSOLUTE
    stm32h7xx_hal_dac.c                      0x00000000   Number         0  stm32h7xx_hal_dac.o ABSOLUTE
    stm32h7xx_hal_dac_ex.c                   0x00000000   Number         0  stm32h7xx_hal_dac_ex.o ABSOLUTE
    stm32h7xx_hal_dma.c                      0x00000000   Number         0  stm32h7xx_hal_dma.o ABSOLUTE
    stm32h7xx_hal_dma_ex.c                   0x00000000   Number         0  stm32h7xx_hal_dma_ex.o ABSOLUTE
    stm32h7xx_hal_exti.c                     0x00000000   Number         0  stm32h7xx_hal_exti.o ABSOLUTE
    stm32h7xx_hal_flash.c                    0x00000000   Number         0  stm32h7xx_hal_flash.o ABSOLUTE
    stm32h7xx_hal_flash_ex.c                 0x00000000   Number         0  stm32h7xx_hal_flash_ex.o ABSOLUTE
    stm32h7xx_hal_gpio.c                     0x00000000   Number         0  stm32h7xx_hal_gpio.o ABSOLUTE
    stm32h7xx_hal_hsem.c                     0x00000000   Number         0  stm32h7xx_hal_hsem.o ABSOLUTE
    stm32h7xx_hal_i2c.c                      0x00000000   Number         0  stm32h7xx_hal_i2c.o ABSOLUTE
    stm32h7xx_hal_i2c_ex.c                   0x00000000   Number         0  stm32h7xx_hal_i2c_ex.o ABSOLUTE
    stm32h7xx_hal_mdma.c                     0x00000000   Number         0  stm32h7xx_hal_mdma.o ABSOLUTE
    stm32h7xx_hal_msp.c                      0x00000000   Number         0  stm32h7xx_hal_msp.o ABSOLUTE
    stm32h7xx_hal_pwr.c                      0x00000000   Number         0  stm32h7xx_hal_pwr.o ABSOLUTE
    stm32h7xx_hal_pwr_ex.c                   0x00000000   Number         0  stm32h7xx_hal_pwr_ex.o ABSOLUTE
    stm32h7xx_hal_rcc.c                      0x00000000   Number         0  stm32h7xx_hal_rcc.o ABSOLUTE
    stm32h7xx_hal_rcc_ex.c                   0x00000000   Number         0  stm32h7xx_hal_rcc_ex.o ABSOLUTE
    stm32h7xx_hal_uart.c                     0x00000000   Number         0  stm32h7xx_hal_uart.o ABSOLUTE
    stm32h7xx_hal_uart_ex.c                  0x00000000   Number         0  stm32h7xx_hal_uart_ex.o ABSOLUTE
    stm32h7xx_it.c                           0x00000000   Number         0  stm32h7xx_it.o ABSOLUTE
    system_stm32h7xx.c                       0x00000000   Number         0  system_stm32h7xx.o ABSOLUTE
    usart.c                                  0x00000000   Number         0  usart.o ABSOLUTE
    RESET                                    0x08000000   Section      664  startup_stm32h750xx.o(RESET)
    .ARM.Collect$$$$00000000                 0x08000298   Section        0  entry.o(.ARM.Collect$$$$00000000)
    .ARM.Collect$$$$00000001                 0x08000298   Section        4  entry2.o(.ARM.Collect$$$$00000001)
    .ARM.Collect$$$$00000004                 0x0800029c   Section        4  entry5.o(.ARM.Collect$$$$00000004)
    .ARM.Collect$$$$00000008                 0x080002a0   Section        0  entry7b.o(.ARM.Collect$$$$00000008)
    .ARM.Collect$$$$0000000A                 0x080002a0   Section        0  entry8b.o(.ARM.Collect$$$$0000000A)
    .ARM.Collect$$$$0000000B                 0x080002a0   Section        8  entry9a.o(.ARM.Collect$$$$0000000B)
    __lit__00000000                          0x080002a8   Data           4  entry2.o(.ARM.Collect$$$$00002712)
    .ARM.Collect$$$$0000000D                 0x080002a8   Section        0  entry10a.o(.ARM.Collect$$$$0000000D)
    .ARM.Collect$$$$0000000F                 0x080002a8   Section        0  entry11a.o(.ARM.Collect$$$$0000000F)
    .ARM.Collect$$$$00002712                 0x080002a8   Section        4  entry2.o(.ARM.Collect$$$$00002712)
    $v0                                      0x080002ac   Number         0  startup_stm32h750xx.o(.text)
    .text                                    0x080002ac   Section       36  startup_stm32h750xx.o(.text)
    .text                                    0x080002d0   Section        0  uldiv.o(.text)
    .text                                    0x08000332   Section        0  memseta.o(.text)
    .text                                    0x08000356   Section        0  strlen.o(.text)
    .text                                    0x08000364   Section        0  calloc.o(.text)
    .text                                    0x08000380   Section        0  llshl.o(.text)
    .text                                    0x0800039e   Section        0  llushr.o(.text)
    .text                                    0x080003c0   Section       48  init.o(.text)
    .text                                    0x080003f0   Section        0  __dczerorl.o(.text)
    [Anonymous Symbol]                       0x08000430   Section        0  stm32h7xx_hal_adc.o(.text.ADC_ConfigureBoostMode)
    [Anonymous Symbol]                       0x08000548   Section        0  stm32h7xx_hal_adc.o(.text.ADC_DMAConvCplt)
    [Anonymous Symbol]                       0x080005a8   Section        0  stm32h7xx_hal_adc.o(.text.ADC_DMAError)
    [Anonymous Symbol]                       0x080005c0   Section        0  stm32h7xx_hal_adc.o(.text.ADC_DMAHalfConvCplt)
    [Anonymous Symbol]                       0x080005c8   Section        0  stm32h7xx_hal_adc.o(.text.ADC_Disable)
    [Anonymous Symbol]                       0x08000648   Section        0  stm32h7xx_hal_adc.o(.text.ADC_Enable)
    [Anonymous Symbol]                       0x080006f8   Section        0  stm32h7xx_it.o(.text.BDMA_Channel0_IRQHandler)
    [Anonymous Symbol]                       0x080007a8   Section        0  stm32h7xx_it.o(.text.BusFault_Handler)
    [Anonymous Symbol]                       0x080007b0   Section        0  stm32h7xx_it.o(.text.DMA1_Stream0_IRQHandler)
    [Anonymous Symbol]                       0x080007c0   Section        0  stm32h7xx_it.o(.text.DMA1_Stream1_IRQHandler)
    [Anonymous Symbol]                       0x080007d0   Section        0  stm32h7xx_it.o(.text.DMA1_Stream2_IRQHandler)
    [Anonymous Symbol]                       0x08000890   Section        0  stm32h7xx_it.o(.text.DMA1_Stream3_IRQHandler)
    DMA_CalcBaseAndBitshift                  0x08000951   Thumb Code   272  stm32h7xx_hal_dma.o(.text.DMA_CalcBaseAndBitshift)
    [Anonymous Symbol]                       0x08000950   Section        0  stm32h7xx_hal_dma.o(.text.DMA_CalcBaseAndBitshift)
    DMA_CalcBaseAndBitshift.flagBitshiftOffset 0x08000a60   Number         0  stm32h7xx_hal_dma.o(.text.DMA_CalcBaseAndBitshift)
    DMA_SetConfig                            0x08000a69   Thumb Code   756  stm32h7xx_hal_dma.o(.text.DMA_SetConfig)
    [Anonymous Symbol]                       0x08000a68   Section        0  stm32h7xx_hal_dma.o(.text.DMA_SetConfig)
    [Anonymous Symbol]                       0x08000d60   Section        0  i2c_hal.o(.text.DWT_Init)
    [Anonymous Symbol]                       0x08000d90   Section        0  stm32h7xx_it.o(.text.DebugMon_Handler)
    [Anonymous Symbol]                       0x08000d98   Section        0  main.o(.text.Error_Handler)
    [Anonymous Symbol]                       0x08000da0   Section        0  stm32h7xx_hal_adc_ex.o(.text.HAL_ADCEx_Calibration_Start)
    [Anonymous Symbol]                       0x08000e40   Section        0  stm32h7xx_hal_adc_ex.o(.text.HAL_ADCEx_MultiModeConfigChannel)
    [Anonymous Symbol]                       0x08000f48   Section        0  stm32h7xx_hal_adc.o(.text.HAL_ADC_ConfigChannel)
    [Anonymous Symbol]                       0x080013a0   Section        0  stm32h7xx_hal_adc.o(.text.HAL_ADC_ConvCpltCallback)
    [Anonymous Symbol]                       0x080013a8   Section        0  stm32h7xx_hal_adc.o(.text.HAL_ADC_ConvHalfCpltCallback)
    [Anonymous Symbol]                       0x080013b0   Section        0  stm32h7xx_hal_adc.o(.text.HAL_ADC_ErrorCallback)
    [Anonymous Symbol]                       0x080013b8   Section        0  stm32h7xx_hal_adc.o(.text.HAL_ADC_Init)
    [Anonymous Symbol]                       0x080015e0   Section        0  adc.o(.text.HAL_ADC_MspInit)
    [Anonymous Symbol]                       0x080017b0   Section        0  stm32h7xx_hal_adc.o(.text.HAL_ADC_Start_DMA)
    [Anonymous Symbol]                       0x080018c0   Section        0  stm32h7xx_hal_dac.o(.text.HAL_DAC_ConfigChannel)
    [Anonymous Symbol]                       0x08001a30   Section        0  stm32h7xx_hal_dac.o(.text.HAL_DAC_Init)
    [Anonymous Symbol]                       0x08001a60   Section        0  dac.o(.text.HAL_DAC_MspInit)
    [Anonymous Symbol]                       0x08001ac8   Section        0  stm32h7xx_hal_dma.o(.text.HAL_DMA_Abort)
    [Anonymous Symbol]                       0x08001fa8   Section        0  stm32h7xx_hal_dma.o(.text.HAL_DMA_Abort_IT)
    [Anonymous Symbol]                       0x08002240   Section        0  stm32h7xx_hal_dma.o(.text.HAL_DMA_IRQHandler)
    [Anonymous Symbol]                       0x08002cc0   Section        0  stm32h7xx_hal_dma.o(.text.HAL_DMA_Init)
    [Anonymous Symbol]                       0x080032e0   Section        0  stm32h7xx_hal_dma.o(.text.HAL_DMA_Start_IT)
    [Anonymous Symbol]                       0x08003668   Section        0  stm32h7xx_hal.o(.text.HAL_Delay)
    [Anonymous Symbol]                       0x08003690   Section        0  stm32h7xx_hal_gpio.o(.text.HAL_GPIO_Init)
    [Anonymous Symbol]                       0x08003838   Section        0  stm32h7xx_hal_gpio.o(.text.HAL_GPIO_ReadPin)
    [Anonymous Symbol]                       0x08003848   Section        0  stm32h7xx_hal_gpio.o(.text.HAL_GPIO_WritePin)
    [Anonymous Symbol]                       0x08003858   Section        0  stm32h7xx_hal.o(.text.HAL_GetREVID)
    [Anonymous Symbol]                       0x08003868   Section        0  stm32h7xx_hal.o(.text.HAL_GetTick)
    [Anonymous Symbol]                       0x08003878   Section        0  stm32h7xx_hal.o(.text.HAL_IncTick)
    [Anonymous Symbol]                       0x08003898   Section        0  stm32h7xx_hal.o(.text.HAL_Init)
    [Anonymous Symbol]                       0x08003900   Section        0  stm32h7xx_hal.o(.text.HAL_InitTick)
    [Anonymous Symbol]                       0x08003958   Section        0  stm32h7xx_hal_msp.o(.text.HAL_MspInit)
    [Anonymous Symbol]                       0x08003978   Section        0  stm32h7xx_hal_cortex.o(.text.HAL_NVIC_EnableIRQ)
    [Anonymous Symbol]                       0x080039a0   Section        0  stm32h7xx_hal_cortex.o(.text.HAL_NVIC_SetPriority)
    [Anonymous Symbol]                       0x08003a00   Section        0  stm32h7xx_hal_cortex.o(.text.HAL_NVIC_SetPriorityGrouping)
    [Anonymous Symbol]                       0x08003a20   Section        0  stm32h7xx_hal_pwr_ex.o(.text.HAL_PWREx_ConfigSupply)
    [Anonymous Symbol]                       0x08003a68   Section        0  stm32h7xx_hal_rcc_ex.o(.text.HAL_RCCEx_GetD3PCLK1Freq)
    [Anonymous Symbol]                       0x08003a90   Section        0  stm32h7xx_hal_rcc_ex.o(.text.HAL_RCCEx_GetPLL1ClockFreq)
    [Anonymous Symbol]                       0x08003bc0   Section        0  stm32h7xx_hal_rcc_ex.o(.text.HAL_RCCEx_GetPLL2ClockFreq)
    [Anonymous Symbol]                       0x08003ce8   Section        0  stm32h7xx_hal_rcc_ex.o(.text.HAL_RCCEx_GetPLL3ClockFreq)
    [Anonymous Symbol]                       0x08003e10   Section        0  stm32h7xx_hal_rcc_ex.o(.text.HAL_RCCEx_GetPeriphCLKFreq)
    [Anonymous Symbol]                       0x080041e0   Section        0  stm32h7xx_hal_rcc_ex.o(.text.HAL_RCCEx_PeriphCLKConfig)
    [Anonymous Symbol]                       0x08004c18   Section        0  stm32h7xx_hal_rcc.o(.text.HAL_RCC_ClockConfig)
    [Anonymous Symbol]                       0x08004e68   Section        0  stm32h7xx_hal_rcc.o(.text.HAL_RCC_GetHCLKFreq)
    [Anonymous Symbol]                       0x08004eb8   Section        0  stm32h7xx_hal_rcc.o(.text.HAL_RCC_GetPCLK1Freq)
    [Anonymous Symbol]                       0x08004f18   Section        0  stm32h7xx_hal_rcc.o(.text.HAL_RCC_GetPCLK2Freq)
    [Anonymous Symbol]                       0x08004f78   Section        0  stm32h7xx_hal_rcc.o(.text.HAL_RCC_GetSysClockFreq)
    [Anonymous Symbol]                       0x08005088   Section        0  stm32h7xx_hal_rcc.o(.text.HAL_RCC_OscConfig)
    [Anonymous Symbol]                       0x080056b8   Section        0  stm32h7xx_hal_cortex.o(.text.HAL_SYSTICK_Config)
    [Anonymous Symbol]                       0x080056e8   Section        0  stm32h7xx_hal_uart_ex.o(.text.HAL_UARTEx_DisableFifoMode)
    [Anonymous Symbol]                       0x08005720   Section        0  stm32h7xx_hal_uart_ex.o(.text.HAL_UARTEx_ReceiveToIdle_DMA)
    [Anonymous Symbol]                       0x08005780   Section        0  usart.o(.text.HAL_UARTEx_RxEventCallback)
    [Anonymous Symbol]                       0x080057a8   Section        0  stm32h7xx_hal_uart_ex.o(.text.HAL_UARTEx_RxFifoFullCallback)
    [Anonymous Symbol]                       0x080057b0   Section        0  stm32h7xx_hal_uart_ex.o(.text.HAL_UARTEx_SetRxFifoThreshold)
    [Anonymous Symbol]                       0x08005848   Section        0  stm32h7xx_hal_uart_ex.o(.text.HAL_UARTEx_SetTxFifoThreshold)
    [Anonymous Symbol]                       0x080058e0   Section        0  stm32h7xx_hal_uart_ex.o(.text.HAL_UARTEx_TxFifoEmptyCallback)
    [Anonymous Symbol]                       0x080058e8   Section        0  stm32h7xx_hal_uart_ex.o(.text.HAL_UARTEx_WakeupCallback)
    [Anonymous Symbol]                       0x080058f0   Section        0  stm32h7xx_hal_uart.o(.text.HAL_UART_ErrorCallback)
    [Anonymous Symbol]                       0x080058f8   Section        0  stm32h7xx_hal_uart.o(.text.HAL_UART_IRQHandler)
    [Anonymous Symbol]                       0x08005ca8   Section        0  stm32h7xx_hal_uart.o(.text.HAL_UART_Init)
    [Anonymous Symbol]                       0x08005d10   Section        0  usart.o(.text.HAL_UART_MspInit)
    [Anonymous Symbol]                       0x08005e28   Section        0  stm32h7xx_hal_uart.o(.text.HAL_UART_Receive_IT)
    [Anonymous Symbol]                       0x08005e88   Section        0  main.o(.text.HAL_UART_RxCpltCallback)
    [Anonymous Symbol]                       0x08005ec0   Section        0  stm32h7xx_hal_uart.o(.text.HAL_UART_RxHalfCpltCallback)
    [Anonymous Symbol]                       0x08005ec8   Section        0  stm32h7xx_hal_uart.o(.text.HAL_UART_Transmit)
    [Anonymous Symbol]                       0x08005fc8   Section        0  stm32h7xx_hal_uart.o(.text.HAL_UART_Transmit_DMA)
    [Anonymous Symbol]                       0x08006070   Section        0  stm32h7xx_hal_uart.o(.text.HAL_UART_TxCpltCallback)
    [Anonymous Symbol]                       0x08006078   Section        0  stm32h7xx_hal_uart.o(.text.HAL_UART_TxHalfCpltCallback)
    [Anonymous Symbol]                       0x08006080   Section        0  stm32h7xx_it.o(.text.HardFault_Handler)
    [Anonymous Symbol]                       0x08006088   Section        0  i2c_hal.o(.text.I2CInit)
    [Anonymous Symbol]                       0x080060b0   Section        0  i2c_hal.o(.text.I2CRead)
    [Anonymous Symbol]                       0x080061e0   Section        0  i2c_hal.o(.text.I2CReceiveByte)
    [Anonymous Symbol]                       0x080062a0   Section        0  i2c_hal.o(.text.I2CSendByte)
    [Anonymous Symbol]                       0x08006338   Section        0  i2c_hal.o(.text.I2CStart)
    [Anonymous Symbol]                       0x080063b0   Section        0  i2c_hal.o(.text.I2CStop)
    [Anonymous Symbol]                       0x08006428   Section        0  i2c_hal.o(.text.I2CWaitAck)
    [Anonymous Symbol]                       0x080064f8   Section        0  i2c_hal.o(.text.I2CWrite)
    [Anonymous Symbol]                       0x08006558   Section        0  adc.o(.text.MX_ADC1_Init)
    [Anonymous Symbol]                       0x08006610   Section        0  adc.o(.text.MX_ADC2_Init)
    [Anonymous Symbol]                       0x080066a8   Section        0  adc.o(.text.MX_ADC3_Init)
    [Anonymous Symbol]                       0x08006740   Section        0  bdma.o(.text.MX_BDMA_Init)
    [Anonymous Symbol]                       0x08006778   Section        0  dac.o(.text.MX_DAC1_Init)
    [Anonymous Symbol]                       0x080067d0   Section        0  dma.o(.text.MX_DMA_Init)
    [Anonymous Symbol]                       0x08006838   Section        0  gpio.o(.text.MX_GPIO_Init)
    [Anonymous Symbol]                       0x08006890   Section        0  usart.o(.text.MX_USART1_UART_Init)
    [Anonymous Symbol]                       0x08006910   Section        0  stm32h7xx_it.o(.text.MemManage_Handler)
    [Anonymous Symbol]                       0x08006918   Section        0  stm32h7xx_it.o(.text.NMI_Handler)
    [Anonymous Symbol]                       0x08006920   Section        0  stm32h7xx_it.o(.text.PendSV_Handler)
    RCCEx_PLL2_Config                        0x08006929   Thumb Code   286  stm32h7xx_hal_rcc_ex.o(.text.RCCEx_PLL2_Config)
    [Anonymous Symbol]                       0x08006928   Section        0  stm32h7xx_hal_rcc_ex.o(.text.RCCEx_PLL2_Config)
    RCCEx_PLL3_Config                        0x08006a49   Thumb Code   286  stm32h7xx_hal_rcc_ex.o(.text.RCCEx_PLL3_Config)
    [Anonymous Symbol]                       0x08006a48   Section        0  stm32h7xx_hal_rcc_ex.o(.text.RCCEx_PLL3_Config)
    [Anonymous Symbol]                       0x08006b68   Section        0  stm32h7xx_it.o(.text.SVC_Handler)
    [Anonymous Symbol]                       0x08006b70   Section        0  stm32h7xx_it.o(.text.SysTick_Handler)
    [Anonymous Symbol]                       0x08006b78   Section        0  main.o(.text.SystemClock_Config)
    [Anonymous Symbol]                       0x08006c38   Section        0  system_stm32h7xx.o(.text.SystemInit)
    [Anonymous Symbol]                       0x08006d08   Section        0  stm32h7xx_hal_uart.o(.text.UART_AdvFeatureConfig)
    [Anonymous Symbol]                       0x08006de8   Section        0  stm32h7xx_hal_uart.o(.text.UART_CheckIdleState)
    UART_DMAAbortOnError                     0x08006ea9   Thumb Code    12  stm32h7xx_hal_uart.o(.text.UART_DMAAbortOnError)
    [Anonymous Symbol]                       0x08006ea8   Section        0  stm32h7xx_hal_uart.o(.text.UART_DMAAbortOnError)
    UART_DMAError                            0x08006eb9   Thumb Code   200  stm32h7xx_hal_uart.o(.text.UART_DMAError)
    [Anonymous Symbol]                       0x08006eb8   Section        0  stm32h7xx_hal_uart.o(.text.UART_DMAError)
    UART_DMAReceiveCplt                      0x08006f81   Thumb Code   130  stm32h7xx_hal_uart.o(.text.UART_DMAReceiveCplt)
    [Anonymous Symbol]                       0x08006f80   Section        0  stm32h7xx_hal_uart.o(.text.UART_DMAReceiveCplt)
    UART_DMARxHalfCplt                       0x08007009   Thumb Code    26  stm32h7xx_hal_uart.o(.text.UART_DMARxHalfCplt)
    [Anonymous Symbol]                       0x08007008   Section        0  stm32h7xx_hal_uart.o(.text.UART_DMARxHalfCplt)
    UART_DMATransmitCplt                     0x08007029   Thumb Code    62  stm32h7xx_hal_uart.o(.text.UART_DMATransmitCplt)
    [Anonymous Symbol]                       0x08007028   Section        0  stm32h7xx_hal_uart.o(.text.UART_DMATransmitCplt)
    UART_DMATxHalfCplt                       0x08007069   Thumb Code     6  stm32h7xx_hal_uart.o(.text.UART_DMATxHalfCplt)
    [Anonymous Symbol]                       0x08007068   Section        0  stm32h7xx_hal_uart.o(.text.UART_DMATxHalfCplt)
    UART_RxISR_16BIT                         0x08007071   Thumb Code   206  stm32h7xx_hal_uart.o(.text.UART_RxISR_16BIT)
    [Anonymous Symbol]                       0x08007070   Section        0  stm32h7xx_hal_uart.o(.text.UART_RxISR_16BIT)
    UART_RxISR_16BIT_FIFOEN                  0x08007141   Thumb Code   454  stm32h7xx_hal_uart.o(.text.UART_RxISR_16BIT_FIFOEN)
    [Anonymous Symbol]                       0x08007140   Section        0  stm32h7xx_hal_uart.o(.text.UART_RxISR_16BIT_FIFOEN)
    UART_RxISR_8BIT                          0x08007309   Thumb Code   206  stm32h7xx_hal_uart.o(.text.UART_RxISR_8BIT)
    [Anonymous Symbol]                       0x08007308   Section        0  stm32h7xx_hal_uart.o(.text.UART_RxISR_8BIT)
    UART_RxISR_8BIT_FIFOEN                   0x080073d9   Thumb Code   458  stm32h7xx_hal_uart.o(.text.UART_RxISR_8BIT_FIFOEN)
    [Anonymous Symbol]                       0x080073d8   Section        0  stm32h7xx_hal_uart.o(.text.UART_RxISR_8BIT_FIFOEN)
    [Anonymous Symbol]                       0x080075a8   Section        0  stm32h7xx_hal_uart.o(.text.UART_SetConfig)
    [Anonymous Symbol]                       0x080079f0   Section        0  stm32h7xx_hal_uart.o(.text.UART_Start_Receive_DMA)
    [Anonymous Symbol]                       0x08007a90   Section        0  stm32h7xx_hal_uart.o(.text.UART_Start_Receive_IT)
    [Anonymous Symbol]                       0x08007bb0   Section        0  stm32h7xx_hal_uart.o(.text.UART_WaitOnFlagUntilTimeout)
    [Anonymous Symbol]                       0x08007cf0   Section        0  stm32h7xx_it.o(.text.USART1_IRQHandler)
    [Anonymous Symbol]                       0x08007d00   Section        0  stm32h7xx_it.o(.text.UsageFault_Handler)
    [Anonymous Symbol]                       0x08007d08   Section        0  filters.o(.text.createMovingAverageFilter)
    [Anonymous Symbol]                       0x08007d38   Section        0  filters.o(.text.create_volt_ratio_filter)
    [Anonymous Symbol]                       0x08007d90   Section        0  filters.o(.text.initLowPassFilter)
    [Anonymous Symbol]                       0x08007d98   Section        0  main.o(.text.main)
    [Anonymous Symbol]                       0x08008148   Section        0  filters.o(.text.updateMovingAverage)
    i.__scatterload_copy                     0x080081b4   Section       14  handlers.o(i.__scatterload_copy)
    i.__scatterload_null                     0x080081c2   Section        2  handlers.o(i.__scatterload_null)
    i.__scatterload_zeroinit                 0x080081c4   Section       14  handlers.o(i.__scatterload_zeroinit)
    i.malloc                                 0x080081d4   Section        0  malloc.o(i.malloc)
    .Lswitch.table.UART_SetConfig.5          0x08008240   Data           6  stm32h7xx_hal_uart.o(.rodata..Lswitch.table.UART_SetConfig.5)
    .Lswitch.table.UART_SetConfig.7          0x08008246   Data           6  stm32h7xx_hal_uart.o(.rodata..Lswitch.table.UART_SetConfig.7)
    UARTEx_SetNbDataToProcess.numerator      0x08008274   Data           8  stm32h7xx_hal_uart_ex.o(.rodata.cst8)
    [Anonymous Symbol]                       0x08008274   Section        0  stm32h7xx_hal_uart_ex.o(.rodata.cst8)
    UARTEx_SetNbDataToProcess.denominator    0x0800827c   Data           8  stm32h7xx_hal_uart_ex.o(.rodata.cst8)
    .data                                    0x20000000   Section        4  mvars.o(.data)
    .data                                    0x20000004   Section        4  mvars.o(.data)
    HAL_RCC_ADC12_CLK_ENABLED                0x20000020   Data           4  adc.o(.bss.HAL_RCC_ADC12_CLK_ENABLED)
    [Anonymous Symbol]                       0x20000020   Section        0  adc.o(.bss.HAL_RCC_ADC12_CLK_ENABLED)
    HEAP                                     0x200004b0   Section      512  startup_stm32h750xx.o(HEAP)
    STACK                                    0x200006b0   Section     1024  startup_stm32h750xx.o(STACK)

    Global Symbols

    Symbol Name                              Value     Ov Type        Size  Object(Section)

    BuildAttributes$$THM_ISAv4$E$P$D$K$B$S$7EM$VFPv5_D16$PE$PLD8$A:L22UL41UL21$X:L11$S22US41US21$IEEE1$IW$~IW$USESV6$~STKCKD$USESV7$~SHL$OTIME$EBA8$MICROLIB$REQ8$PRES8$EABIv2 0x00000000   Number         0  anon$$obj.o ABSOLUTE
    __cpp_initialize__aeabi_                  - Undefined Weak Reference
    __cxa_finalize                            - Undefined Weak Reference
    _clock_init                               - Undefined Weak Reference
    _microlib_exit                            - Undefined Weak Reference
    __Vectors_Size                           0x00000298   Number         0  startup_stm32h750xx.o ABSOLUTE
    __Vectors                                0x08000000   Data           4  startup_stm32h750xx.o(RESET)
    __Vectors_End                            0x08000298   Data           0  startup_stm32h750xx.o(RESET)
    __main                                   0x08000299   Thumb Code     0  entry.o(.ARM.Collect$$$$00000000)
    _main_stk                                0x08000299   Thumb Code     0  entry2.o(.ARM.Collect$$$$00000001)
    _main_scatterload                        0x0800029d   Thumb Code     0  entry5.o(.ARM.Collect$$$$00000004)
    __main_after_scatterload                 0x080002a1   Thumb Code     0  entry5.o(.ARM.Collect$$$$00000004)
    _main_clock                              0x080002a1   Thumb Code     0  entry7b.o(.ARM.Collect$$$$00000008)
    _main_cpp_init                           0x080002a1   Thumb Code     0  entry8b.o(.ARM.Collect$$$$0000000A)
    _main_init                               0x080002a1   Thumb Code     0  entry9a.o(.ARM.Collect$$$$0000000B)
    __rt_final_cpp                           0x080002a9   Thumb Code     0  entry10a.o(.ARM.Collect$$$$0000000D)
    __rt_final_exit                          0x080002a9   Thumb Code     0  entry11a.o(.ARM.Collect$$$$0000000F)
    Reset_Handler                            0x080002ad   Thumb Code     8  startup_stm32h750xx.o(.text)
    ADC3_IRQHandler                          0x080002c7   Thumb Code     0  startup_stm32h750xx.o(.text)
    ADC_IRQHandler                           0x080002c7   Thumb Code     0  startup_stm32h750xx.o(.text)
    BDMA_Channel1_IRQHandler                 0x080002c7   Thumb Code     0  startup_stm32h750xx.o(.text)
    BDMA_Channel2_IRQHandler                 0x080002c7   Thumb Code     0  startup_stm32h750xx.o(.text)
    BDMA_Channel3_IRQHandler                 0x080002c7   Thumb Code     0  startup_stm32h750xx.o(.text)
    BDMA_Channel4_IRQHandler                 0x080002c7   Thumb Code     0  startup_stm32h750xx.o(.text)
    BDMA_Channel5_IRQHandler                 0x080002c7   Thumb Code     0  startup_stm32h750xx.o(.text)
    BDMA_Channel6_IRQHandler                 0x080002c7   Thumb Code     0  startup_stm32h750xx.o(.text)
    BDMA_Channel7_IRQHandler                 0x080002c7   Thumb Code     0  startup_stm32h750xx.o(.text)
    CEC_IRQHandler                           0x080002c7   Thumb Code     0  startup_stm32h750xx.o(.text)
    COMP1_IRQHandler                         0x080002c7   Thumb Code     0  startup_stm32h750xx.o(.text)
    CRS_IRQHandler                           0x080002c7   Thumb Code     0  startup_stm32h750xx.o(.text)
    CRYP_IRQHandler                          0x080002c7   Thumb Code     0  startup_stm32h750xx.o(.text)
    DCMI_IRQHandler                          0x080002c7   Thumb Code     0  startup_stm32h750xx.o(.text)
    DFSDM1_FLT0_IRQHandler                   0x080002c7   Thumb Code     0  startup_stm32h750xx.o(.text)
    DFSDM1_FLT1_IRQHandler                   0x080002c7   Thumb Code     0  startup_stm32h750xx.o(.text)
    DFSDM1_FLT2_IRQHandler                   0x080002c7   Thumb Code     0  startup_stm32h750xx.o(.text)
    DFSDM1_FLT3_IRQHandler                   0x080002c7   Thumb Code     0  startup_stm32h750xx.o(.text)
    DMA1_Stream4_IRQHandler                  0x080002c7   Thumb Code     0  startup_stm32h750xx.o(.text)
    DMA1_Stream5_IRQHandler                  0x080002c7   Thumb Code     0  startup_stm32h750xx.o(.text)
    DMA1_Stream6_IRQHandler                  0x080002c7   Thumb Code     0  startup_stm32h750xx.o(.text)
    DMA1_Stream7_IRQHandler                  0x080002c7   Thumb Code     0  startup_stm32h750xx.o(.text)
    DMA2D_IRQHandler                         0x080002c7   Thumb Code     0  startup_stm32h750xx.o(.text)
    DMA2_Stream0_IRQHandler                  0x080002c7   Thumb Code     0  startup_stm32h750xx.o(.text)
    DMA2_Stream1_IRQHandler                  0x080002c7   Thumb Code     0  startup_stm32h750xx.o(.text)
    DMA2_Stream2_IRQHandler                  0x080002c7   Thumb Code     0  startup_stm32h750xx.o(.text)
    DMA2_Stream3_IRQHandler                  0x080002c7   Thumb Code     0  startup_stm32h750xx.o(.text)
    DMA2_Stream4_IRQHandler                  0x080002c7   Thumb Code     0  startup_stm32h750xx.o(.text)
    DMA2_Stream5_IRQHandler                  0x080002c7   Thumb Code     0  startup_stm32h750xx.o(.text)
    DMA2_Stream6_IRQHandler                  0x080002c7   Thumb Code     0  startup_stm32h750xx.o(.text)
    DMA2_Stream7_IRQHandler                  0x080002c7   Thumb Code     0  startup_stm32h750xx.o(.text)
    DMAMUX1_OVR_IRQHandler                   0x080002c7   Thumb Code     0  startup_stm32h750xx.o(.text)
    DMAMUX2_OVR_IRQHandler                   0x080002c7   Thumb Code     0  startup_stm32h750xx.o(.text)
    ECC_IRQHandler                           0x080002c7   Thumb Code     0  startup_stm32h750xx.o(.text)
    ETH_IRQHandler                           0x080002c7   Thumb Code     0  startup_stm32h750xx.o(.text)
    ETH_WKUP_IRQHandler                      0x080002c7   Thumb Code     0  startup_stm32h750xx.o(.text)
    EXTI0_IRQHandler                         0x080002c7   Thumb Code     0  startup_stm32h750xx.o(.text)
    EXTI15_10_IRQHandler                     0x080002c7   Thumb Code     0  startup_stm32h750xx.o(.text)
    EXTI1_IRQHandler                         0x080002c7   Thumb Code     0  startup_stm32h750xx.o(.text)
    EXTI2_IRQHandler                         0x080002c7   Thumb Code     0  startup_stm32h750xx.o(.text)
    EXTI3_IRQHandler                         0x080002c7   Thumb Code     0  startup_stm32h750xx.o(.text)
    EXTI4_IRQHandler                         0x080002c7   Thumb Code     0  startup_stm32h750xx.o(.text)
    EXTI9_5_IRQHandler                       0x080002c7   Thumb Code     0  startup_stm32h750xx.o(.text)
    FDCAN1_IT0_IRQHandler                    0x080002c7   Thumb Code     0  startup_stm32h750xx.o(.text)
    FDCAN1_IT1_IRQHandler                    0x080002c7   Thumb Code     0  startup_stm32h750xx.o(.text)
    FDCAN2_IT0_IRQHandler                    0x080002c7   Thumb Code     0  startup_stm32h750xx.o(.text)
    FDCAN2_IT1_IRQHandler                    0x080002c7   Thumb Code     0  startup_stm32h750xx.o(.text)
    FDCAN_CAL_IRQHandler                     0x080002c7   Thumb Code     0  startup_stm32h750xx.o(.text)
    FLASH_IRQHandler                         0x080002c7   Thumb Code     0  startup_stm32h750xx.o(.text)
    FMC_IRQHandler                           0x080002c7   Thumb Code     0  startup_stm32h750xx.o(.text)
    FPU_IRQHandler                           0x080002c7   Thumb Code     0  startup_stm32h750xx.o(.text)
    HASH_RNG_IRQHandler                      0x080002c7   Thumb Code     0  startup_stm32h750xx.o(.text)
    HRTIM1_FLT_IRQHandler                    0x080002c7   Thumb Code     0  startup_stm32h750xx.o(.text)
    HRTIM1_Master_IRQHandler                 0x080002c7   Thumb Code     0  startup_stm32h750xx.o(.text)
    HRTIM1_TIMA_IRQHandler                   0x080002c7   Thumb Code     0  startup_stm32h750xx.o(.text)
    HRTIM1_TIMB_IRQHandler                   0x080002c7   Thumb Code     0  startup_stm32h750xx.o(.text)
    HRTIM1_TIMC_IRQHandler                   0x080002c7   Thumb Code     0  startup_stm32h750xx.o(.text)
    HRTIM1_TIMD_IRQHandler                   0x080002c7   Thumb Code     0  startup_stm32h750xx.o(.text)
    HRTIM1_TIME_IRQHandler                   0x080002c7   Thumb Code     0  startup_stm32h750xx.o(.text)
    HSEM1_IRQHandler                         0x080002c7   Thumb Code     0  startup_stm32h750xx.o(.text)
    I2C1_ER_IRQHandler                       0x080002c7   Thumb Code     0  startup_stm32h750xx.o(.text)
    I2C1_EV_IRQHandler                       0x080002c7   Thumb Code     0  startup_stm32h750xx.o(.text)
    I2C2_ER_IRQHandler                       0x080002c7   Thumb Code     0  startup_stm32h750xx.o(.text)
    I2C2_EV_IRQHandler                       0x080002c7   Thumb Code     0  startup_stm32h750xx.o(.text)
    I2C3_ER_IRQHandler                       0x080002c7   Thumb Code     0  startup_stm32h750xx.o(.text)
    I2C3_EV_IRQHandler                       0x080002c7   Thumb Code     0  startup_stm32h750xx.o(.text)
    I2C4_ER_IRQHandler                       0x080002c7   Thumb Code     0  startup_stm32h750xx.o(.text)
    I2C4_EV_IRQHandler                       0x080002c7   Thumb Code     0  startup_stm32h750xx.o(.text)
    JPEG_IRQHandler                          0x080002c7   Thumb Code     0  startup_stm32h750xx.o(.text)
    LPTIM1_IRQHandler                        0x080002c7   Thumb Code     0  startup_stm32h750xx.o(.text)
    LPTIM2_IRQHandler                        0x080002c7   Thumb Code     0  startup_stm32h750xx.o(.text)
    LPTIM3_IRQHandler                        0x080002c7   Thumb Code     0  startup_stm32h750xx.o(.text)
    LPTIM4_IRQHandler                        0x080002c7   Thumb Code     0  startup_stm32h750xx.o(.text)
    LPTIM5_IRQHandler                        0x080002c7   Thumb Code     0  startup_stm32h750xx.o(.text)
    LPUART1_IRQHandler                       0x080002c7   Thumb Code     0  startup_stm32h750xx.o(.text)
    LTDC_ER_IRQHandler                       0x080002c7   Thumb Code     0  startup_stm32h750xx.o(.text)
    LTDC_IRQHandler                          0x080002c7   Thumb Code     0  startup_stm32h750xx.o(.text)
    MDIOS_IRQHandler                         0x080002c7   Thumb Code     0  startup_stm32h750xx.o(.text)
    MDIOS_WKUP_IRQHandler                    0x080002c7   Thumb Code     0  startup_stm32h750xx.o(.text)
    MDMA_IRQHandler                          0x080002c7   Thumb Code     0  startup_stm32h750xx.o(.text)
    OTG_FS_EP1_IN_IRQHandler                 0x080002c7   Thumb Code     0  startup_stm32h750xx.o(.text)
    OTG_FS_EP1_OUT_IRQHandler                0x080002c7   Thumb Code     0  startup_stm32h750xx.o(.text)
    OTG_FS_IRQHandler                        0x080002c7   Thumb Code     0  startup_stm32h750xx.o(.text)
    OTG_FS_WKUP_IRQHandler                   0x080002c7   Thumb Code     0  startup_stm32h750xx.o(.text)
    OTG_HS_EP1_IN_IRQHandler                 0x080002c7   Thumb Code     0  startup_stm32h750xx.o(.text)
    OTG_HS_EP1_OUT_IRQHandler                0x080002c7   Thumb Code     0  startup_stm32h750xx.o(.text)
    OTG_HS_IRQHandler                        0x080002c7   Thumb Code     0  startup_stm32h750xx.o(.text)
    OTG_HS_WKUP_IRQHandler                   0x080002c7   Thumb Code     0  startup_stm32h750xx.o(.text)
    PVD_AVD_IRQHandler                       0x080002c7   Thumb Code     0  startup_stm32h750xx.o(.text)
    QUADSPI_IRQHandler                       0x080002c7   Thumb Code     0  startup_stm32h750xx.o(.text)
    RCC_IRQHandler                           0x080002c7   Thumb Code     0  startup_stm32h750xx.o(.text)
    RTC_Alarm_IRQHandler                     0x080002c7   Thumb Code     0  startup_stm32h750xx.o(.text)
    RTC_WKUP_IRQHandler                      0x080002c7   Thumb Code     0  startup_stm32h750xx.o(.text)
    SAI1_IRQHandler                          0x080002c7   Thumb Code     0  startup_stm32h750xx.o(.text)
    SAI2_IRQHandler                          0x080002c7   Thumb Code     0  startup_stm32h750xx.o(.text)
    SAI3_IRQHandler                          0x080002c7   Thumb Code     0  startup_stm32h750xx.o(.text)
    SAI4_IRQHandler                          0x080002c7   Thumb Code     0  startup_stm32h750xx.o(.text)
    SDMMC1_IRQHandler                        0x080002c7   Thumb Code     0  startup_stm32h750xx.o(.text)
    SDMMC2_IRQHandler                        0x080002c7   Thumb Code     0  startup_stm32h750xx.o(.text)
    SPDIF_RX_IRQHandler                      0x080002c7   Thumb Code     0  startup_stm32h750xx.o(.text)
    SPI1_IRQHandler                          0x080002c7   Thumb Code     0  startup_stm32h750xx.o(.text)
    SPI2_IRQHandler                          0x080002c7   Thumb Code     0  startup_stm32h750xx.o(.text)
    SPI3_IRQHandler                          0x080002c7   Thumb Code     0  startup_stm32h750xx.o(.text)
    SPI4_IRQHandler                          0x080002c7   Thumb Code     0  startup_stm32h750xx.o(.text)
    SPI5_IRQHandler                          0x080002c7   Thumb Code     0  startup_stm32h750xx.o(.text)
    SPI6_IRQHandler                          0x080002c7   Thumb Code     0  startup_stm32h750xx.o(.text)
    SWPMI1_IRQHandler                        0x080002c7   Thumb Code     0  startup_stm32h750xx.o(.text)
    TAMP_STAMP_IRQHandler                    0x080002c7   Thumb Code     0  startup_stm32h750xx.o(.text)
    TIM15_IRQHandler                         0x080002c7   Thumb Code     0  startup_stm32h750xx.o(.text)
    TIM16_IRQHandler                         0x080002c7   Thumb Code     0  startup_stm32h750xx.o(.text)
    TIM17_IRQHandler                         0x080002c7   Thumb Code     0  startup_stm32h750xx.o(.text)
    TIM1_BRK_IRQHandler                      0x080002c7   Thumb Code     0  startup_stm32h750xx.o(.text)
    TIM1_CC_IRQHandler                       0x080002c7   Thumb Code     0  startup_stm32h750xx.o(.text)
    TIM1_TRG_COM_IRQHandler                  0x080002c7   Thumb Code     0  startup_stm32h750xx.o(.text)
    TIM1_UP_IRQHandler                       0x080002c7   Thumb Code     0  startup_stm32h750xx.o(.text)
    TIM2_IRQHandler                          0x080002c7   Thumb Code     0  startup_stm32h750xx.o(.text)
    TIM3_IRQHandler                          0x080002c7   Thumb Code     0  startup_stm32h750xx.o(.text)
    TIM4_IRQHandler                          0x080002c7   Thumb Code     0  startup_stm32h750xx.o(.text)
    TIM5_IRQHandler                          0x080002c7   Thumb Code     0  startup_stm32h750xx.o(.text)
    TIM6_DAC_IRQHandler                      0x080002c7   Thumb Code     0  startup_stm32h750xx.o(.text)
    TIM7_IRQHandler                          0x080002c7   Thumb Code     0  startup_stm32h750xx.o(.text)
    TIM8_BRK_TIM12_IRQHandler                0x080002c7   Thumb Code     0  startup_stm32h750xx.o(.text)
    TIM8_CC_IRQHandler                       0x080002c7   Thumb Code     0  startup_stm32h750xx.o(.text)
    TIM8_TRG_COM_TIM14_IRQHandler            0x080002c7   Thumb Code     0  startup_stm32h750xx.o(.text)
    TIM8_UP_TIM13_IRQHandler                 0x080002c7   Thumb Code     0  startup_stm32h750xx.o(.text)
    UART4_IRQHandler                         0x080002c7   Thumb Code     0  startup_stm32h750xx.o(.text)
    UART5_IRQHandler                         0x080002c7   Thumb Code     0  startup_stm32h750xx.o(.text)
    UART7_IRQHandler                         0x080002c7   Thumb Code     0  startup_stm32h750xx.o(.text)
    UART8_IRQHandler                         0x080002c7   Thumb Code     0  startup_stm32h750xx.o(.text)
    USART2_IRQHandler                        0x080002c7   Thumb Code     0  startup_stm32h750xx.o(.text)
    USART3_IRQHandler                        0x080002c7   Thumb Code     0  startup_stm32h750xx.o(.text)
    USART6_IRQHandler                        0x080002c7   Thumb Code     0  startup_stm32h750xx.o(.text)
    WAKEUP_PIN_IRQHandler                    0x080002c7   Thumb Code     0  startup_stm32h750xx.o(.text)
    WWDG_IRQHandler                          0x080002c7   Thumb Code     0  startup_stm32h750xx.o(.text)
    __aeabi_uldivmod                         0x080002d1   Thumb Code    98  uldiv.o(.text)
    __aeabi_memset                           0x08000333   Thumb Code    14  memseta.o(.text)
    __aeabi_memset4                          0x08000333   Thumb Code     0  memseta.o(.text)
    __aeabi_memset8                          0x08000333   Thumb Code     0  memseta.o(.text)
    __aeabi_memclr                           0x08000341   Thumb Code     4  memseta.o(.text)
    __aeabi_memclr4                          0x08000341   Thumb Code     0  memseta.o(.text)
    __aeabi_memclr8                          0x08000341   Thumb Code     0  memseta.o(.text)
    _memset$wrapper                          0x08000345   Thumb Code    18  memseta.o(.text)
    strlen                                   0x08000357   Thumb Code    14  strlen.o(.text)
    calloc                                   0x08000365   Thumb Code    28  calloc.o(.text)
    __aeabi_llsl                             0x08000381   Thumb Code    30  llshl.o(.text)
    _ll_shift_l                              0x08000381   Thumb Code     0  llshl.o(.text)
    __aeabi_llsr                             0x0800039f   Thumb Code    32  llushr.o(.text)
    _ll_ushift_r                             0x0800039f   Thumb Code     0  llushr.o(.text)
    __scatterload                            0x080003c1   Thumb Code    38  init.o(.text)
    __scatterload_rt2                        0x080003c1   Thumb Code     0  init.o(.text)
    __decompress                             0x080003f1   Thumb Code     0  __dczerorl.o(.text)
    __decompress0                            0x080003f1   Thumb Code    58  __dczerorl.o(.text)
    ADC_ConfigureBoostMode                   0x08000431   Thumb Code   278  stm32h7xx_hal_adc.o(.text.ADC_ConfigureBoostMode)
    ADC_DMAConvCplt                          0x08000549   Thumb Code    92  stm32h7xx_hal_adc.o(.text.ADC_DMAConvCplt)
    ADC_DMAError                             0x080005a9   Thumb Code    22  stm32h7xx_hal_adc.o(.text.ADC_DMAError)
    ADC_DMAHalfConvCplt                      0x080005c1   Thumb Code     6  stm32h7xx_hal_adc.o(.text.ADC_DMAHalfConvCplt)
    ADC_Disable                              0x080005c9   Thumb Code   122  stm32h7xx_hal_adc.o(.text.ADC_Disable)
    ADC_Enable                               0x08000649   Thumb Code   172  stm32h7xx_hal_adc.o(.text.ADC_Enable)
    BDMA_Channel0_IRQHandler                 0x080006f9   Thumb Code   172  stm32h7xx_it.o(.text.BDMA_Channel0_IRQHandler)
    BusFault_Handler                         0x080007a9   Thumb Code     2  stm32h7xx_it.o(.text.BusFault_Handler)
    DMA1_Stream0_IRQHandler                  0x080007b1   Thumb Code    12  stm32h7xx_it.o(.text.DMA1_Stream0_IRQHandler)
    DMA1_Stream1_IRQHandler                  0x080007c1   Thumb Code    12  stm32h7xx_it.o(.text.DMA1_Stream1_IRQHandler)
    DMA1_Stream2_IRQHandler                  0x080007d1   Thumb Code   188  stm32h7xx_it.o(.text.DMA1_Stream2_IRQHandler)
    DMA1_Stream3_IRQHandler                  0x08000891   Thumb Code   188  stm32h7xx_it.o(.text.DMA1_Stream3_IRQHandler)
    DWT_Init                                 0x08000d61   Thumb Code    46  i2c_hal.o(.text.DWT_Init)
    DebugMon_Handler                         0x08000d91   Thumb Code     2  stm32h7xx_it.o(.text.DebugMon_Handler)
    Error_Handler                            0x08000d99   Thumb Code     6  main.o(.text.Error_Handler)
    HAL_ADCEx_Calibration_Start              0x08000da1   Thumb Code   154  stm32h7xx_hal_adc_ex.o(.text.HAL_ADCEx_Calibration_Start)
    HAL_ADCEx_MultiModeConfigChannel         0x08000e41   Thumb Code   258  stm32h7xx_hal_adc_ex.o(.text.HAL_ADCEx_MultiModeConfigChannel)
    HAL_ADC_ConfigChannel                    0x08000f49   Thumb Code  1112  stm32h7xx_hal_adc.o(.text.HAL_ADC_ConfigChannel)
    HAL_ADC_ConvCpltCallback                 0x080013a1   Thumb Code     2  stm32h7xx_hal_adc.o(.text.HAL_ADC_ConvCpltCallback)
    HAL_ADC_ConvHalfCpltCallback             0x080013a9   Thumb Code     2  stm32h7xx_hal_adc.o(.text.HAL_ADC_ConvHalfCpltCallback)
    HAL_ADC_ErrorCallback                    0x080013b1   Thumb Code     2  stm32h7xx_hal_adc.o(.text.HAL_ADC_ErrorCallback)
    HAL_ADC_Init                             0x080013b9   Thumb Code   552  stm32h7xx_hal_adc.o(.text.HAL_ADC_Init)
    HAL_ADC_MspInit                          0x080015e1   Thumb Code   464  adc.o(.text.HAL_ADC_MspInit)
    HAL_ADC_Start_DMA                        0x080017b1   Thumb Code   268  stm32h7xx_hal_adc.o(.text.HAL_ADC_Start_DMA)
    HAL_DAC_ConfigChannel                    0x080018c1   Thumb Code   366  stm32h7xx_hal_dac.o(.text.HAL_DAC_ConfigChannel)
    HAL_DAC_Init                             0x08001a31   Thumb Code    44  stm32h7xx_hal_dac.o(.text.HAL_DAC_Init)
    HAL_DAC_MspInit                          0x08001a61   Thumb Code   104  dac.o(.text.HAL_DAC_MspInit)
    HAL_DMA_Abort                            0x08001ac9   Thumb Code  1248  stm32h7xx_hal_dma.o(.text.HAL_DMA_Abort)
    HAL_DMA_Abort_IT                         0x08001fa9   Thumb Code   664  stm32h7xx_hal_dma.o(.text.HAL_DMA_Abort_IT)
    HAL_DMA_IRQHandler                       0x08002241   Thumb Code  2684  stm32h7xx_hal_dma.o(.text.HAL_DMA_IRQHandler)
    HAL_DMA_Init                             0x08002cc1   Thumb Code  1566  stm32h7xx_hal_dma.o(.text.HAL_DMA_Init)
    HAL_DMA_Start_IT                         0x080032e1   Thumb Code   902  stm32h7xx_hal_dma.o(.text.HAL_DMA_Start_IT)
    HAL_Delay                                0x08003669   Thumb Code    40  stm32h7xx_hal.o(.text.HAL_Delay)
    HAL_GPIO_Init                            0x08003691   Thumb Code   418  stm32h7xx_hal_gpio.o(.text.HAL_GPIO_Init)
    HAL_GPIO_ReadPin                         0x08003839   Thumb Code    10  stm32h7xx_hal_gpio.o(.text.HAL_GPIO_ReadPin)
    HAL_GPIO_WritePin                        0x08003849   Thumb Code    10  stm32h7xx_hal_gpio.o(.text.HAL_GPIO_WritePin)
    HAL_GetREVID                             0x08003859   Thumb Code    14  stm32h7xx_hal.o(.text.HAL_GetREVID)
    HAL_GetTick                              0x08003869   Thumb Code    12  stm32h7xx_hal.o(.text.HAL_GetTick)
    HAL_IncTick                              0x08003879   Thumb Code    26  stm32h7xx_hal.o(.text.HAL_IncTick)
    HAL_Init                                 0x08003899   Thumb Code   100  stm32h7xx_hal.o(.text.HAL_Init)
    HAL_InitTick                             0x08003901   Thumb Code    88  stm32h7xx_hal.o(.text.HAL_InitTick)
    HAL_MspInit                              0x08003959   Thumb Code    32  stm32h7xx_hal_msp.o(.text.HAL_MspInit)
    HAL_NVIC_EnableIRQ                       0x08003979   Thumb Code    34  stm32h7xx_hal_cortex.o(.text.HAL_NVIC_EnableIRQ)
    HAL_NVIC_SetPriority                     0x080039a1   Thumb Code    90  stm32h7xx_hal_cortex.o(.text.HAL_NVIC_SetPriority)
    HAL_NVIC_SetPriorityGrouping             0x08003a01   Thumb Code    32  stm32h7xx_hal_cortex.o(.text.HAL_NVIC_SetPriorityGrouping)
    HAL_PWREx_ConfigSupply                   0x08003a21   Thumb Code    72  stm32h7xx_hal_pwr_ex.o(.text.HAL_PWREx_ConfigSupply)
    HAL_RCCEx_GetD3PCLK1Freq                 0x08003a69   Thumb Code    38  stm32h7xx_hal_rcc_ex.o(.text.HAL_RCCEx_GetD3PCLK1Freq)
    HAL_RCCEx_GetPLL1ClockFreq               0x08003a91   Thumb Code   284  stm32h7xx_hal_rcc_ex.o(.text.HAL_RCCEx_GetPLL1ClockFreq)
    HAL_RCCEx_GetPLL2ClockFreq               0x08003bc1   Thumb Code   280  stm32h7xx_hal_rcc_ex.o(.text.HAL_RCCEx_GetPLL2ClockFreq)
    HAL_RCCEx_GetPLL3ClockFreq               0x08003ce9   Thumb Code   280  stm32h7xx_hal_rcc_ex.o(.text.HAL_RCCEx_GetPLL3ClockFreq)
    HAL_RCCEx_GetPeriphCLKFreq               0x08003e11   Thumb Code   974  stm32h7xx_hal_rcc_ex.o(.text.HAL_RCCEx_GetPeriphCLKFreq)
    HAL_RCCEx_PeriphCLKConfig                0x080041e1   Thumb Code  2610  stm32h7xx_hal_rcc_ex.o(.text.HAL_RCCEx_PeriphCLKConfig)
    HAL_RCC_ClockConfig                      0x08004c19   Thumb Code   586  stm32h7xx_hal_rcc.o(.text.HAL_RCC_ClockConfig)
    HAL_RCC_GetHCLKFreq                      0x08004e69   Thumb Code    76  stm32h7xx_hal_rcc.o(.text.HAL_RCC_GetHCLKFreq)
    HAL_RCC_GetPCLK1Freq                     0x08004eb9   Thumb Code    96  stm32h7xx_hal_rcc.o(.text.HAL_RCC_GetPCLK1Freq)
    HAL_RCC_GetPCLK2Freq                     0x08004f19   Thumb Code    96  stm32h7xx_hal_rcc.o(.text.HAL_RCC_GetPCLK2Freq)
    HAL_RCC_GetSysClockFreq                  0x08004f79   Thumb Code   252  stm32h7xx_hal_rcc.o(.text.HAL_RCC_GetSysClockFreq)
    HAL_RCC_OscConfig                        0x08005089   Thumb Code  1582  stm32h7xx_hal_rcc.o(.text.HAL_RCC_OscConfig)
    HAL_SYSTICK_Config                       0x080056b9   Thumb Code    44  stm32h7xx_hal_cortex.o(.text.HAL_SYSTICK_Config)
    HAL_UARTEx_DisableFifoMode               0x080056e9   Thumb Code    54  stm32h7xx_hal_uart_ex.o(.text.HAL_UARTEx_DisableFifoMode)
    HAL_UARTEx_ReceiveToIdle_DMA             0x08005721   Thumb Code    90  stm32h7xx_hal_uart_ex.o(.text.HAL_UARTEx_ReceiveToIdle_DMA)
    HAL_UARTEx_RxEventCallback               0x08005781   Thumb Code    38  usart.o(.text.HAL_UARTEx_RxEventCallback)
    HAL_UARTEx_RxFifoFullCallback            0x080057a9   Thumb Code     2  stm32h7xx_hal_uart_ex.o(.text.HAL_UARTEx_RxFifoFullCallback)
    HAL_UARTEx_SetRxFifoThreshold            0x080057b1   Thumb Code   146  stm32h7xx_hal_uart_ex.o(.text.HAL_UARTEx_SetRxFifoThreshold)
    HAL_UARTEx_SetTxFifoThreshold            0x08005849   Thumb Code   146  stm32h7xx_hal_uart_ex.o(.text.HAL_UARTEx_SetTxFifoThreshold)
    HAL_UARTEx_TxFifoEmptyCallback           0x080058e1   Thumb Code     2  stm32h7xx_hal_uart_ex.o(.text.HAL_UARTEx_TxFifoEmptyCallback)
    HAL_UARTEx_WakeupCallback                0x080058e9   Thumb Code     2  stm32h7xx_hal_uart_ex.o(.text.HAL_UARTEx_WakeupCallback)
    HAL_UART_ErrorCallback                   0x080058f1   Thumb Code     2  stm32h7xx_hal_uart.o(.text.HAL_UART_ErrorCallback)
    HAL_UART_IRQHandler                      0x080058f9   Thumb Code   942  stm32h7xx_hal_uart.o(.text.HAL_UART_IRQHandler)
    HAL_UART_Init                            0x08005ca9   Thumb Code   100  stm32h7xx_hal_uart.o(.text.HAL_UART_Init)
    HAL_UART_MspInit                         0x08005d11   Thumb Code   280  usart.o(.text.HAL_UART_MspInit)
    HAL_UART_Receive_IT                      0x08005e29   Thumb Code    94  stm32h7xx_hal_uart.o(.text.HAL_UART_Receive_IT)
    HAL_UART_RxCpltCallback                  0x08005e89   Thumb Code    52  main.o(.text.HAL_UART_RxCpltCallback)
    HAL_UART_RxHalfCpltCallback              0x08005ec1   Thumb Code     2  stm32h7xx_hal_uart.o(.text.HAL_UART_RxHalfCpltCallback)
    HAL_UART_Transmit                        0x08005ec9   Thumb Code   256  stm32h7xx_hal_uart.o(.text.HAL_UART_Transmit)
    HAL_UART_Transmit_DMA                    0x08005fc9   Thumb Code   166  stm32h7xx_hal_uart.o(.text.HAL_UART_Transmit_DMA)
    HAL_UART_TxCpltCallback                  0x08006071   Thumb Code     2  stm32h7xx_hal_uart.o(.text.HAL_UART_TxCpltCallback)
    HAL_UART_TxHalfCpltCallback              0x08006079   Thumb Code     2  stm32h7xx_hal_uart.o(.text.HAL_UART_TxHalfCpltCallback)
    HardFault_Handler                        0x08006081   Thumb Code     2  stm32h7xx_it.o(.text.HardFault_Handler)
    I2CInit                                  0x08006089   Thumb Code    40  i2c_hal.o(.text.I2CInit)
    I2CRead                                  0x080060b1   Thumb Code   298  i2c_hal.o(.text.I2CRead)
    I2CReceiveByte                           0x080061e1   Thumb Code   190  i2c_hal.o(.text.I2CReceiveByte)
    I2CSendByte                              0x080062a1   Thumb Code   146  i2c_hal.o(.text.I2CSendByte)
    I2CStart                                 0x08006339   Thumb Code   116  i2c_hal.o(.text.I2CStart)
    I2CStop                                  0x080063b1   Thumb Code   116  i2c_hal.o(.text.I2CStop)
    I2CWaitAck                               0x08006429   Thumb Code   208  i2c_hal.o(.text.I2CWaitAck)
    I2CWrite                                 0x080064f9   Thumb Code    92  i2c_hal.o(.text.I2CWrite)
    MX_ADC1_Init                             0x08006559   Thumb Code   178  adc.o(.text.MX_ADC1_Init)
    MX_ADC2_Init                             0x08006611   Thumb Code   146  adc.o(.text.MX_ADC2_Init)
    MX_ADC3_Init                             0x080066a9   Thumb Code   146  adc.o(.text.MX_ADC3_Init)
    MX_BDMA_Init                             0x08006741   Thumb Code    52  bdma.o(.text.MX_BDMA_Init)
    MX_DAC1_Init                             0x08006779   Thumb Code    82  dac.o(.text.MX_DAC1_Init)
    MX_DMA_Init                              0x080067d1   Thumb Code   100  dma.o(.text.MX_DMA_Init)
    MX_GPIO_Init                             0x08006839   Thumb Code    86  gpio.o(.text.MX_GPIO_Init)
    MX_USART1_UART_Init                      0x08006891   Thumb Code   124  usart.o(.text.MX_USART1_UART_Init)
    MemManage_Handler                        0x08006911   Thumb Code     2  stm32h7xx_it.o(.text.MemManage_Handler)
    NMI_Handler                              0x08006919   Thumb Code     2  stm32h7xx_it.o(.text.NMI_Handler)
    PendSV_Handler                           0x08006921   Thumb Code     2  stm32h7xx_it.o(.text.PendSV_Handler)
    SVC_Handler                              0x08006b69   Thumb Code     2  stm32h7xx_it.o(.text.SVC_Handler)
    SysTick_Handler                          0x08006b71   Thumb Code     4  stm32h7xx_it.o(.text.SysTick_Handler)
    SystemClock_Config                       0x08006b79   Thumb Code   190  main.o(.text.SystemClock_Config)
    SystemInit                               0x08006c39   Thumb Code   204  system_stm32h7xx.o(.text.SystemInit)
    UART_AdvFeatureConfig                    0x08006d09   Thumb Code   224  stm32h7xx_hal_uart.o(.text.UART_AdvFeatureConfig)
    UART_CheckIdleState                      0x08006de9   Thumb Code   186  stm32h7xx_hal_uart.o(.text.UART_CheckIdleState)
    UART_SetConfig                           0x080075a9   Thumb Code  1088  stm32h7xx_hal_uart.o(.text.UART_SetConfig)
    UART_Start_Receive_DMA                   0x080079f1   Thumb Code   160  stm32h7xx_hal_uart.o(.text.UART_Start_Receive_DMA)
    UART_Start_Receive_IT                    0x08007a91   Thumb Code   284  stm32h7xx_hal_uart.o(.text.UART_Start_Receive_IT)
    UART_WaitOnFlagUntilTimeout              0x08007bb1   Thumb Code   318  stm32h7xx_hal_uart.o(.text.UART_WaitOnFlagUntilTimeout)
    USART1_IRQHandler                        0x08007cf1   Thumb Code    12  stm32h7xx_it.o(.text.USART1_IRQHandler)
    UsageFault_Handler                       0x08007d01   Thumb Code     2  stm32h7xx_it.o(.text.UsageFault_Handler)
    createMovingAverageFilter                0x08007d09   Thumb Code    44  filters.o(.text.createMovingAverageFilter)
    create_volt_ratio_filter                 0x08007d39   Thumb Code    86  filters.o(.text.create_volt_ratio_filter)
    initLowPassFilter                        0x08007d91   Thumb Code     6  filters.o(.text.initLowPassFilter)
    main                                     0x08007d99   Thumb Code   924  main.o(.text.main)
    updateMovingAverage                      0x08008149   Thumb Code   108  filters.o(.text.updateMovingAverage)
    __scatterload_copy                       0x080081b5   Thumb Code    14  handlers.o(i.__scatterload_copy)
    __scatterload_null                       0x080081c3   Thumb Code     2  handlers.o(i.__scatterload_null)
    __scatterload_zeroinit                   0x080081c5   Thumb Code    14  handlers.o(i.__scatterload_zeroinit)
    malloc                                   0x080081d5   Thumb Code    92  malloc.o(i.malloc)
    D1CorePrescTable                         0x0800824c   Data          16  system_stm32h7xx.o(.rodata.D1CorePrescTable)
    UARTPrescTable                           0x0800825c   Data          24  stm32h7xx_hal_uart.o(.rodata.UARTPrescTable)
    Region$$Table$$Base                      0x08008284   Number         0  anon$$obj.o(Region$$Table)
    Region$$Table$$Limit                     0x080082c4   Number         0  anon$$obj.o(Region$$Table)
    __microlib_freelist                      0x20000000   Data           4  mvars.o(.data)
    __microlib_freelist_initialised          0x20000004   Data           4  mvars.o(.data)
    Psd_Lx                                   0x20000008   Data           4  main.o(.data.Psd_Lx)
    SystemCoreClock                          0x2000000c   Data           4  system_stm32h7xx.o(.data.SystemCoreClock)
    SystemD2Clock                            0x20000010   Data           4  system_stm32h7xx.o(.data.SystemD2Clock)
    aa                                       0x20000014   Data           1  main.o(.data.aa)
    bb                                       0x20000015   Data           1  main.o(.data.bb)
    uwTickFreq                               0x20000016   Data           1  stm32h7xx_hal.o(.data.uwTickFreq)
    uwTickPrio                               0x20000018   Data           4  stm32h7xx_hal.o(.data.uwTickPrio)
    adc1_ave                                 0x20000024   Data           4  main.o(.bss.adc1_ave)
    adc1flag                                 0x20000028   Data           1  main.o(.bss.adc1flag)
    adc2_ave                                 0x2000002c   Data           4  main.o(.bss.adc2_ave)
    adc2flag                                 0x20000030   Data           1  main.o(.bss.adc2flag)
    adc3_ave                                 0x20000034   Data           4  main.o(.bss.adc3_ave)
    adc3flag                                 0x20000038   Data           1  main.o(.bss.adc3flag)
    dac_value                                0x2000003c   Data           4  main.o(.bss.dac_value)
    hadc1                                    0x20000040   Data         100  adc.o(.bss.hadc1)
    hadc2                                    0x200000a4   Data         100  adc.o(.bss.hadc2)
    hadc3                                    0x20000108   Data         100  adc.o(.bss.hadc3)
    hdac1                                    0x2000016c   Data          20  dac.o(.bss.hdac1)
    hdma_adc1                                0x20000180   Data         120  adc.o(.bss.hdma_adc1)
    hdma_adc2                                0x200001f8   Data         120  adc.o(.bss.hdma_adc2)
    hdma_adc3                                0x20000270   Data         120  adc.o(.bss.hdma_adc3)
    hdma_usart1_rx                           0x200002e8   Data         120  usart.o(.bss.hdma_usart1_rx)
    hdma_usart1_tx                           0x20000360   Data         120  usart.o(.bss.hdma_usart1_tx)
    huart1                                   0x200003d8   Data         148  usart.o(.bss.huart1)
    postion_x                                0x2000046c   Data           4  main.o(.bss.postion_x)
    postion_x1                               0x20000470   Data           4  main.o(.bss.postion_x1)
    postion_x2                               0x20000474   Data           4  main.o(.bss.postion_x2)
    rx_buf                                   0x20000478   Data          20  main.o(.bss.rx_buf)
    rx_count                                 0x2000048c   Data           1  main.o(.bss.rx_count)
    rx_data                                  0x2000048d   Data           1  main.o(.bss.rx_data)
    tx_buf                                   0x20000490   Data          20  main.o(.bss.tx_buf)
    uwTick                                   0x200004a4   Data           4  stm32h7xx_hal.o(.bss.uwTick)
    volt_fi                                  0x200004a8   Data           4  main.o(.bss.volt_fi)
    volt_rate                                0x200004ac   Data           4  main.o(.bss.volt_rate)
    __heap_base                              0x200004b0   Data           0  startup_stm32h750xx.o(HEAP)
    __heap_limit                             0x200006b0   Data           0  startup_stm32h750xx.o(HEAP)
    __initial_sp                             0x20000ab0   Data           0  startup_stm32h750xx.o(STACK)
    adc1_value                               0x24000000   Data          12  main.o(.ARM.__at_0x24000000)
    adc2_value                               0x24010000   Data          12  main.o(.ARM.__at_0x24010000)
    adc3_value                               0x38000000   Data          12  main.o(.ARM.__at_0x38000000)



==============================================================================

Memory Map of the image

  Image Entry point : 0x08000299

  Load Region LR_IROM1 (Base: 0x08000000, Size: 0x0001830c, Max: 0x00200000, ABSOLUTE, COMPRESSED[0x00008508])

    Execution Region ER_IROM1 (Exec base: 0x08000000, Load base: 0x08000000, Size: 0x000082c4, Max: 0x00200000, ABSOLUTE)

    Exec Addr    Load Addr    Size         Type   Attr      Idx    E Section Name        Object

    0x08000000   0x08000000   0x00000298   Data   RO            3    RESET               startup_stm32h750xx.o
    0x08000298   0x08000298   0x00000000   Code   RO         1544  * .ARM.Collect$$$$00000000  mc_w.l(entry.o)
    0x08000298   0x08000298   0x00000004   Code   RO         1593    .ARM.Collect$$$$00000001  mc_w.l(entry2.o)
    0x0800029c   0x0800029c   0x00000004   Code   RO         1596    .ARM.Collect$$$$00000004  mc_w.l(entry5.o)
    0x080002a0   0x080002a0   0x00000000   Code   RO         1598    .ARM.Collect$$$$00000008  mc_w.l(entry7b.o)
    0x080002a0   0x080002a0   0x00000000   Code   RO         1600    .ARM.Collect$$$$0000000A  mc_w.l(entry8b.o)
    0x080002a0   0x080002a0   0x00000008   Code   RO         1601    .ARM.Collect$$$$0000000B  mc_w.l(entry9a.o)
    0x080002a8   0x080002a8   0x00000000   Code   RO         1603    .ARM.Collect$$$$0000000D  mc_w.l(entry10a.o)
    0x080002a8   0x080002a8   0x00000000   Code   RO         1605    .ARM.Collect$$$$0000000F  mc_w.l(entry11a.o)
    0x080002a8   0x080002a8   0x00000004   Code   RO         1594    .ARM.Collect$$$$00002712  mc_w.l(entry2.o)
    0x080002ac   0x080002ac   0x00000024   Code   RO            4    .text               startup_stm32h750xx.o
    0x080002d0   0x080002d0   0x00000062   Code   RO         1547    .text               mc_w.l(uldiv.o)
    0x08000332   0x08000332   0x00000024   Code   RO         1555    .text               mc_w.l(memseta.o)
    0x08000356   0x08000356   0x0000000e   Code   RO         1557    .text               mc_w.l(strlen.o)
    0x08000364   0x08000364   0x0000001c   Code   RO         1591    .text               mc_w.l(calloc.o)
    0x08000380   0x08000380   0x0000001e   Code   RO         1607    .text               mc_w.l(llshl.o)
    0x0800039e   0x0800039e   0x00000020   Code   RO         1609    .text               mc_w.l(llushr.o)
    0x080003be   0x080003be   0x00000002   PAD
    0x080003c0   0x080003c0   0x00000030   Code   RO         1613    .text               mc_w.l(init.o)
    0x080003f0   0x080003f0   0x0000003a   Code   RO         1623    .text               mc_w.l(__dczerorl.o)
    0x0800042a   0x0800042a   0x00000006   PAD
    0x08000430   0x08000430   0x00000116   Code   RO          308    .text.ADC_ConfigureBoostMode  stm32h7xx_hal_adc.o
    0x08000546   0x08000546   0x00000002   PAD
    0x08000548   0x08000548   0x0000005c   Code   RO          334    .text.ADC_DMAConvCplt  stm32h7xx_hal_adc.o
    0x080005a4   0x080005a4   0x00000004   PAD
    0x080005a8   0x080005a8   0x00000016   Code   RO          338    .text.ADC_DMAError  stm32h7xx_hal_adc.o
    0x080005be   0x080005be   0x00000002   PAD
    0x080005c0   0x080005c0   0x00000006   Code   RO          336    .text.ADC_DMAHalfConvCplt  stm32h7xx_hal_adc.o
    0x080005c6   0x080005c6   0x00000002   PAD
    0x080005c8   0x080005c8   0x0000007a   Code   RO          314    .text.ADC_Disable   stm32h7xx_hal_adc.o
    0x08000642   0x08000642   0x00000006   PAD
    0x08000648   0x08000648   0x000000ac   Code   RO          320    .text.ADC_Enable    stm32h7xx_hal_adc.o
    0x080006f4   0x080006f4   0x00000004   PAD
    0x080006f8   0x080006f8   0x000000ac   Code   RO          287    .text.BDMA_Channel0_IRQHandler  stm32h7xx_it.o
    0x080007a4   0x080007a4   0x00000004   PAD
    0x080007a8   0x080007a8   0x00000002   Code   RO          265    .text.BusFault_Handler  stm32h7xx_it.o
    0x080007aa   0x080007aa   0x00000006   PAD
    0x080007b0   0x080007b0   0x0000000c   Code   RO          277    .text.DMA1_Stream0_IRQHandler  stm32h7xx_it.o
    0x080007bc   0x080007bc   0x00000004   PAD
    0x080007c0   0x080007c0   0x0000000c   Code   RO          279    .text.DMA1_Stream1_IRQHandler  stm32h7xx_it.o
    0x080007cc   0x080007cc   0x00000004   PAD
    0x080007d0   0x080007d0   0x000000bc   Code   RO          281    .text.DMA1_Stream2_IRQHandler  stm32h7xx_it.o
    0x0800088c   0x0800088c   0x00000004   PAD
    0x08000890   0x08000890   0x000000bc   Code   RO          283    .text.DMA1_Stream3_IRQHandler  stm32h7xx_it.o
    0x0800094c   0x0800094c   0x00000004   PAD
    0x08000950   0x08000950   0x00000118   Code   RO          655    .text.DMA_CalcBaseAndBitshift  stm32h7xx_hal_dma.o
    0x08000a68   0x08000a68   0x000002f4   Code   RO          661    .text.DMA_SetConfig  stm32h7xx_hal_dma.o
    0x08000d5c   0x08000d5c   0x00000004   PAD
    0x08000d60   0x08000d60   0x0000002e   Code   RO           51    .text.DWT_Init      i2c_hal.o
    0x08000d8e   0x08000d8e   0x00000002   PAD
    0x08000d90   0x08000d90   0x00000002   Code   RO          271    .text.DebugMon_Handler  stm32h7xx_it.o
    0x08000d92   0x08000d92   0x00000006   PAD
    0x08000d98   0x08000d98   0x00000006   Code   RO          115    .text.Error_Handler  main.o
    0x08000d9e   0x08000d9e   0x00000002   PAD
    0x08000da0   0x08000da0   0x0000009a   Code   RO          370    .text.HAL_ADCEx_Calibration_Start  stm32h7xx_hal_adc_ex.o
    0x08000e3a   0x08000e3a   0x00000006   PAD
    0x08000e40   0x08000e40   0x00000102   Code   RO          420    .text.HAL_ADCEx_MultiModeConfigChannel  stm32h7xx_hal_adc_ex.o
    0x08000f42   0x08000f42   0x00000006   PAD
    0x08000f48   0x08000f48   0x00000458   Code   RO          354    .text.HAL_ADC_ConfigChannel  stm32h7xx_hal_adc.o
    0x080013a0   0x080013a0   0x00000002   Code   RO          346    .text.HAL_ADC_ConvCpltCallback  stm32h7xx_hal_adc.o
    0x080013a2   0x080013a2   0x00000006   PAD
    0x080013a8   0x080013a8   0x00000002   Code   RO          352    .text.HAL_ADC_ConvHalfCpltCallback  stm32h7xx_hal_adc.o
    0x080013aa   0x080013aa   0x00000006   PAD
    0x080013b0   0x080013b0   0x00000002   Code   RO          350    .text.HAL_ADC_ErrorCallback  stm32h7xx_hal_adc.o
    0x080013b2   0x080013b2   0x00000006   PAD
    0x080013b8   0x080013b8   0x00000228   Code   RO          304    .text.HAL_ADC_Init  stm32h7xx_hal_adc.o
    0x080015e0   0x080015e0   0x000001d0   Code   RO          172    .text.HAL_ADC_MspInit  adc.o
    0x080017b0   0x080017b0   0x0000010c   Code   RO          332    .text.HAL_ADC_Start_DMA  stm32h7xx_hal_adc.o
    0x080018bc   0x080018bc   0x00000004   PAD
    0x080018c0   0x080018c0   0x0000016e   Code   RO         1286    .text.HAL_DAC_ConfigChannel  stm32h7xx_hal_dac.o
    0x08001a2e   0x08001a2e   0x00000002   PAD
    0x08001a30   0x08001a30   0x0000002c   Code   RO         1250    .text.HAL_DAC_Init  stm32h7xx_hal_dac.o
    0x08001a5c   0x08001a5c   0x00000004   PAD
    0x08001a60   0x08001a60   0x00000068   Code   RO          202    .text.HAL_DAC_MspInit  dac.o
    0x08001ac8   0x08001ac8   0x000004e0   Code   RO          665    .text.HAL_DMA_Abort  stm32h7xx_hal_dma.o
    0x08001fa8   0x08001fa8   0x00000298   Code   RO          667    .text.HAL_DMA_Abort_IT  stm32h7xx_hal_dma.o
    0x08002240   0x08002240   0x00000a7c   Code   RO          671    .text.HAL_DMA_IRQHandler  stm32h7xx_hal_dma.o
    0x08002cbc   0x08002cbc   0x00000004   PAD
    0x08002cc0   0x08002cc0   0x0000061e   Code   RO          653    .text.HAL_DMA_Init  stm32h7xx_hal_dma.o
    0x080032de   0x080032de   0x00000002   PAD
    0x080032e0   0x080032e0   0x00000386   Code   RO          663    .text.HAL_DMA_Start_IT  stm32h7xx_hal_dma.o
    0x08003666   0x08003666   0x00000002   PAD
    0x08003668   0x08003668   0x00000028   Code   RO          963    .text.HAL_Delay     stm32h7xx_hal.o
    0x08003690   0x08003690   0x000001a2   Code   RO          599    .text.HAL_GPIO_Init  stm32h7xx_hal_gpio.o
    0x08003832   0x08003832   0x00000006   PAD
    0x08003838   0x08003838   0x0000000a   Code   RO          603    .text.HAL_GPIO_ReadPin  stm32h7xx_hal_gpio.o
    0x08003842   0x08003842   0x00000006   PAD
    0x08003848   0x08003848   0x0000000a   Code   RO          605    .text.HAL_GPIO_WritePin  stm32h7xx_hal_gpio.o
    0x08003852   0x08003852   0x00000006   PAD
    0x08003858   0x08003858   0x0000000e   Code   RO          971    .text.HAL_GetREVID  stm32h7xx_hal.o
    0x08003866   0x08003866   0x00000002   PAD
    0x08003868   0x08003868   0x0000000c   Code   RO          955    .text.HAL_GetTick   stm32h7xx_hal.o
    0x08003874   0x08003874   0x00000004   PAD
    0x08003878   0x08003878   0x0000001a   Code   RO          953    .text.HAL_IncTick   stm32h7xx_hal.o
    0x08003892   0x08003892   0x00000006   PAD
    0x08003898   0x08003898   0x00000064   Code   RO          943    .text.HAL_Init      stm32h7xx_hal.o
    0x080038fc   0x080038fc   0x00000004   PAD
    0x08003900   0x08003900   0x00000058   Code   RO          945    .text.HAL_InitTick  stm32h7xx_hal.o
    0x08003958   0x08003958   0x00000020   Code   RO          296    .text.HAL_MspInit   stm32h7xx_hal_msp.o
    0x08003978   0x08003978   0x00000022   Code   RO          895    .text.HAL_NVIC_EnableIRQ  stm32h7xx_hal_cortex.o
    0x0800399a   0x0800399a   0x00000006   PAD
    0x080039a0   0x080039a0   0x0000005a   Code   RO          893    .text.HAL_NVIC_SetPriority  stm32h7xx_hal_cortex.o
    0x080039fa   0x080039fa   0x00000006   PAD
    0x08003a00   0x08003a00   0x00000020   Code   RO          891    .text.HAL_NVIC_SetPriorityGrouping  stm32h7xx_hal_cortex.o
    0x08003a20   0x08003a20   0x00000048   Code   RO          803    .text.HAL_PWREx_ConfigSupply  stm32h7xx_hal_pwr_ex.o
    0x08003a68   0x08003a68   0x00000026   Code   RO          490    .text.HAL_RCCEx_GetD3PCLK1Freq  stm32h7xx_hal_rcc_ex.o
    0x08003a8e   0x08003a8e   0x00000002   PAD
    0x08003a90   0x08003a90   0x0000012c   Code   RO          484    .text.HAL_RCCEx_GetPLL1ClockFreq  stm32h7xx_hal_rcc_ex.o
    0x08003bbc   0x08003bbc   0x00000004   PAD
    0x08003bc0   0x08003bc0   0x00000128   Code   RO          486    .text.HAL_RCCEx_GetPLL2ClockFreq  stm32h7xx_hal_rcc_ex.o
    0x08003ce8   0x08003ce8   0x00000128   Code   RO          488    .text.HAL_RCCEx_GetPLL3ClockFreq  stm32h7xx_hal_rcc_ex.o
    0x08003e10   0x08003e10   0x000003ce   Code   RO          482    .text.HAL_RCCEx_GetPeriphCLKFreq  stm32h7xx_hal_rcc_ex.o
    0x080041de   0x080041de   0x00000002   PAD
    0x080041e0   0x080041e0   0x00000a32   Code   RO          474    .text.HAL_RCCEx_PeriphCLKConfig  stm32h7xx_hal_rcc_ex.o
    0x08004c12   0x08004c12   0x00000006   PAD
    0x08004c18   0x08004c18   0x0000024a   Code   RO          442    .text.HAL_RCC_ClockConfig  stm32h7xx_hal_rcc.o
    0x08004e62   0x08004e62   0x00000006   PAD
    0x08004e68   0x08004e68   0x0000004c   Code   RO          452    .text.HAL_RCC_GetHCLKFreq  stm32h7xx_hal_rcc.o
    0x08004eb4   0x08004eb4   0x00000004   PAD
    0x08004eb8   0x08004eb8   0x00000060   Code   RO          454    .text.HAL_RCC_GetPCLK1Freq  stm32h7xx_hal_rcc.o
    0x08004f18   0x08004f18   0x00000060   Code   RO          456    .text.HAL_RCC_GetPCLK2Freq  stm32h7xx_hal_rcc.o
    0x08004f78   0x08004f78   0x0000010c   Code   RO          444    .text.HAL_RCC_GetSysClockFreq  stm32h7xx_hal_rcc.o
    0x08005084   0x08005084   0x00000004   PAD
    0x08005088   0x08005088   0x0000062e   Code   RO          440    .text.HAL_RCC_OscConfig  stm32h7xx_hal_rcc.o
    0x080056b6   0x080056b6   0x00000002   PAD
    0x080056b8   0x080056b8   0x0000002c   Code   RO          903    .text.HAL_SYSTICK_Config  stm32h7xx_hal_cortex.o
    0x080056e4   0x080056e4   0x00000004   PAD
    0x080056e8   0x080056e8   0x00000036   Code   RO         1507    .text.HAL_UARTEx_DisableFifoMode  stm32h7xx_hal_uart_ex.o
    0x0800571e   0x0800571e   0x00000002   PAD
    0x08005720   0x08005720   0x0000005a   Code   RO         1517    .text.HAL_UARTEx_ReceiveToIdle_DMA  stm32h7xx_hal_uart_ex.o
    0x0800577a   0x0800577a   0x00000006   PAD
    0x08005780   0x08005780   0x00000026   Code   RO          246    .text.HAL_UARTEx_RxEventCallback  usart.o
    0x080057a6   0x080057a6   0x00000002   PAD
    0x080057a8   0x080057a8   0x00000002   Code   RO         1493    .text.HAL_UARTEx_RxFifoFullCallback  stm32h7xx_hal_uart_ex.o
    0x080057aa   0x080057aa   0x00000006   PAD
    0x080057b0   0x080057b0   0x00000092   Code   RO         1511    .text.HAL_UARTEx_SetRxFifoThreshold  stm32h7xx_hal_uart_ex.o
    0x08005842   0x08005842   0x00000006   PAD
    0x08005848   0x08005848   0x00000092   Code   RO         1509    .text.HAL_UARTEx_SetTxFifoThreshold  stm32h7xx_hal_uart_ex.o
    0x080058da   0x080058da   0x00000006   PAD
    0x080058e0   0x080058e0   0x00000002   Code   RO         1495    .text.HAL_UARTEx_TxFifoEmptyCallback  stm32h7xx_hal_uart_ex.o
    0x080058e2   0x080058e2   0x00000006   PAD
    0x080058e8   0x080058e8   0x00000002   Code   RO         1491    .text.HAL_UARTEx_WakeupCallback  stm32h7xx_hal_uart_ex.o
    0x080058ea   0x080058ea   0x00000006   PAD
    0x080058f0   0x080058f0   0x00000002   Code   RO         1432    .text.HAL_UART_ErrorCallback  stm32h7xx_hal_uart.o
    0x080058f2   0x080058f2   0x00000006   PAD
    0x080058f8   0x080058f8   0x000003ae   Code   RO         1428    .text.HAL_UART_IRQHandler  stm32h7xx_hal_uart.o
    0x08005ca6   0x08005ca6   0x00000002   PAD
    0x08005ca8   0x08005ca8   0x00000064   Code   RO         1344    .text.HAL_UART_Init  stm32h7xx_hal_uart.o
    0x08005d0c   0x08005d0c   0x00000004   PAD
    0x08005d10   0x08005d10   0x00000118   Code   RO          242    .text.HAL_UART_MspInit  usart.o
    0x08005e28   0x08005e28   0x0000005e   Code   RO         1380    .text.HAL_UART_Receive_IT  stm32h7xx_hal_uart.o
    0x08005e86   0x08005e86   0x00000002   PAD
    0x08005e88   0x08005e88   0x00000034   Code   RO          117    .text.HAL_UART_RxCpltCallback  main.o
    0x08005ebc   0x08005ebc   0x00000004   PAD
    0x08005ec0   0x08005ec0   0x00000002   Code   RO         1442    .text.HAL_UART_RxHalfCpltCallback  stm32h7xx_hal_uart.o
    0x08005ec2   0x08005ec2   0x00000006   PAD
    0x08005ec8   0x08005ec8   0x00000100   Code   RO         1364    .text.HAL_UART_Transmit  stm32h7xx_hal_uart.o
    0x08005fc8   0x08005fc8   0x000000a6   Code   RO         1384    .text.HAL_UART_Transmit_DMA  stm32h7xx_hal_uart.o
    0x0800606e   0x0800606e   0x00000002   PAD
    0x08006070   0x08006070   0x00000002   Code   RO         1436    .text.HAL_UART_TxCpltCallback  stm32h7xx_hal_uart.o
    0x08006072   0x08006072   0x00000006   PAD
    0x08006078   0x08006078   0x00000002   Code   RO         1438    .text.HAL_UART_TxHalfCpltCallback  stm32h7xx_hal_uart.o
    0x0800607a   0x0800607a   0x00000006   PAD
    0x08006080   0x08006080   0x00000002   Code   RO          261    .text.HardFault_Handler  stm32h7xx_it.o
    0x08006082   0x08006082   0x00000006   PAD
    0x08006088   0x08006088   0x00000028   Code   RO           79    .text.I2CInit       i2c_hal.o
    0x080060b0   0x080060b0   0x0000012a   Code   RO           83    .text.I2CRead       i2c_hal.o
    0x080061da   0x080061da   0x00000006   PAD
    0x080061e0   0x080061e0   0x000000be   Code   RO           77    .text.I2CReceiveByte  i2c_hal.o
    0x0800629e   0x0800629e   0x00000002   PAD
    0x080062a0   0x080062a0   0x00000092   Code   RO           75    .text.I2CSendByte   i2c_hal.o
    0x08006332   0x08006332   0x00000006   PAD
    0x08006338   0x08006338   0x00000074   Code   RO           65    .text.I2CStart      i2c_hal.o
    0x080063ac   0x080063ac   0x00000004   PAD
    0x080063b0   0x080063b0   0x00000074   Code   RO           67    .text.I2CStop       i2c_hal.o
    0x08006424   0x08006424   0x00000004   PAD
    0x08006428   0x08006428   0x000000d0   Code   RO           69    .text.I2CWaitAck    i2c_hal.o
    0x080064f8   0x080064f8   0x0000005c   Code   RO           81    .text.I2CWrite      i2c_hal.o
    0x08006554   0x08006554   0x00000004   PAD
    0x08006558   0x08006558   0x000000b2   Code   RO          166    .text.MX_ADC1_Init  adc.o
    0x0800660a   0x0800660a   0x00000006   PAD
    0x08006610   0x08006610   0x00000092   Code   RO          168    .text.MX_ADC2_Init  adc.o
    0x080066a2   0x080066a2   0x00000006   PAD
    0x080066a8   0x080066a8   0x00000092   Code   RO          170    .text.MX_ADC3_Init  adc.o
    0x0800673a   0x0800673a   0x00000006   PAD
    0x08006740   0x08006740   0x00000034   Code   RO          191    .text.MX_BDMA_Init  bdma.o
    0x08006774   0x08006774   0x00000004   PAD
    0x08006778   0x08006778   0x00000052   Code   RO          200    .text.MX_DAC1_Init  dac.o
    0x080067ca   0x080067ca   0x00000006   PAD
    0x080067d0   0x080067d0   0x00000064   Code   RO          215    .text.MX_DMA_Init   dma.o
    0x08006834   0x08006834   0x00000004   PAD
    0x08006838   0x08006838   0x00000056   Code   RO          158    .text.MX_GPIO_Init  gpio.o
    0x0800688e   0x0800688e   0x00000002   PAD
    0x08006890   0x08006890   0x0000007c   Code   RO          240    .text.MX_USART1_UART_Init  usart.o
    0x0800690c   0x0800690c   0x00000004   PAD
    0x08006910   0x08006910   0x00000002   Code   RO          263    .text.MemManage_Handler  stm32h7xx_it.o
    0x08006912   0x08006912   0x00000006   PAD
    0x08006918   0x08006918   0x00000002   Code   RO          259    .text.NMI_Handler   stm32h7xx_it.o
    0x0800691a   0x0800691a   0x00000006   PAD
    0x08006920   0x08006920   0x00000002   Code   RO          273    .text.PendSV_Handler  stm32h7xx_it.o
    0x08006922   0x08006922   0x00000006   PAD
    0x08006928   0x08006928   0x0000011e   Code   RO          476    .text.RCCEx_PLL2_Config  stm32h7xx_hal_rcc_ex.o
    0x08006a46   0x08006a46   0x00000002   PAD
    0x08006a48   0x08006a48   0x0000011e   Code   RO          478    .text.RCCEx_PLL3_Config  stm32h7xx_hal_rcc_ex.o
    0x08006b66   0x08006b66   0x00000002   PAD
    0x08006b68   0x08006b68   0x00000002   Code   RO          269    .text.SVC_Handler   stm32h7xx_it.o
    0x08006b6a   0x08006b6a   0x00000006   PAD
    0x08006b70   0x08006b70   0x00000004   Code   RO          275    .text.SysTick_Handler  stm32h7xx_it.o
    0x08006b74   0x08006b74   0x00000004   PAD
    0x08006b78   0x08006b78   0x000000be   Code   RO          111    .text.SystemClock_Config  main.o
    0x08006c36   0x08006c36   0x00000002   PAD
    0x08006c38   0x08006c38   0x000000cc   Code   RO         1530    .text.SystemInit    system_stm32h7xx.o
    0x08006d04   0x08006d04   0x00000004   PAD
    0x08006d08   0x08006d08   0x000000e0   Code   RO         1348    .text.UART_AdvFeatureConfig  stm32h7xx_hal_uart.o
    0x08006de8   0x08006de8   0x000000ba   Code   RO         1352    .text.UART_CheckIdleState  stm32h7xx_hal_uart.o
    0x08006ea2   0x08006ea2   0x00000006   PAD
    0x08006ea8   0x08006ea8   0x0000000c   Code   RO         1430    .text.UART_DMAAbortOnError  stm32h7xx_hal_uart.o
    0x08006eb4   0x08006eb4   0x00000004   PAD
    0x08006eb8   0x08006eb8   0x000000c8   Code   RO         1390    .text.UART_DMAError  stm32h7xx_hal_uart.o
    0x08006f80   0x08006f80   0x00000082   Code   RO         1474    .text.UART_DMAReceiveCplt  stm32h7xx_hal_uart.o
    0x08007002   0x08007002   0x00000006   PAD
    0x08007008   0x08007008   0x0000001a   Code   RO         1476    .text.UART_DMARxHalfCplt  stm32h7xx_hal_uart.o
    0x08007022   0x08007022   0x00000006   PAD
    0x08007028   0x08007028   0x0000003e   Code   RO         1386    .text.UART_DMATransmitCplt  stm32h7xx_hal_uart.o
    0x08007066   0x08007066   0x00000002   PAD
    0x08007068   0x08007068   0x00000006   Code   RO         1388    .text.UART_DMATxHalfCplt  stm32h7xx_hal_uart.o
    0x0800706e   0x0800706e   0x00000002   PAD
    0x08007070   0x08007070   0x000000ce   Code   RO         1470    .text.UART_RxISR_16BIT  stm32h7xx_hal_uart.o
    0x0800713e   0x0800713e   0x00000002   PAD
    0x08007140   0x08007140   0x000001c6   Code   RO         1466    .text.UART_RxISR_16BIT_FIFOEN  stm32h7xx_hal_uart.o
    0x08007306   0x08007306   0x00000002   PAD
    0x08007308   0x08007308   0x000000ce   Code   RO         1472    .text.UART_RxISR_8BIT  stm32h7xx_hal_uart.o
    0x080073d6   0x080073d6   0x00000002   PAD
    0x080073d8   0x080073d8   0x000001ca   Code   RO         1468    .text.UART_RxISR_8BIT_FIFOEN  stm32h7xx_hal_uart.o
    0x080075a2   0x080075a2   0x00000006   PAD
    0x080075a8   0x080075a8   0x00000448   Code   RO         1350    .text.UART_SetConfig  stm32h7xx_hal_uart.o
    0x080079f0   0x080079f0   0x000000a0   Code   RO         1394    .text.UART_Start_Receive_DMA  stm32h7xx_hal_uart.o
    0x08007a90   0x08007a90   0x0000011c   Code   RO         1382    .text.UART_Start_Receive_IT  stm32h7xx_hal_uart.o
    0x08007bac   0x08007bac   0x00000004   PAD
    0x08007bb0   0x08007bb0   0x0000013e   Code   RO         1366    .text.UART_WaitOnFlagUntilTimeout  stm32h7xx_hal_uart.o
    0x08007cee   0x08007cee   0x00000002   PAD
    0x08007cf0   0x08007cf0   0x0000000c   Code   RO          285    .text.USART1_IRQHandler  stm32h7xx_it.o
    0x08007cfc   0x08007cfc   0x00000004   PAD
    0x08007d00   0x08007d00   0x00000002   Code   RO          267    .text.UsageFault_Handler  stm32h7xx_it.o
    0x08007d02   0x08007d02   0x00000006   PAD
    0x08007d08   0x08007d08   0x0000002c   Code   RO           11    .text.createMovingAverageFilter  filters.o
    0x08007d34   0x08007d34   0x00000004   PAD
    0x08007d38   0x08007d38   0x00000056   Code   RO           35    .text.create_volt_ratio_filter  filters.o
    0x08007d8e   0x08007d8e   0x00000002   PAD
    0x08007d90   0x08007d90   0x00000006   Code   RO           27    .text.initLowPassFilter  filters.o
    0x08007d96   0x08007d96   0x00000002   PAD
    0x08007d98   0x08007d98   0x000003b0   Code   RO          109    .text.main          main.o
    0x08008148   0x08008148   0x0000006c   Code   RO           15    .text.updateMovingAverage  filters.o
    0x080081b4   0x080081b4   0x0000000e   Code   RO         1617    i.__scatterload_copy  mc_w.l(handlers.o)
    0x080081c2   0x080081c2   0x00000002   Code   RO         1618    i.__scatterload_null  mc_w.l(handlers.o)
    0x080081c4   0x080081c4   0x0000000e   Code   RO         1619    i.__scatterload_zeroinit  mc_w.l(handlers.o)
    0x080081d2   0x080081d2   0x00000002   PAD
    0x080081d4   0x080081d4   0x0000006c   Code   RO         1564    i.malloc            mc_w.l(malloc.o)
    0x08008240   0x08008240   0x00000006   Data   RO         1479    .rodata..Lswitch.table.UART_SetConfig.5  stm32h7xx_hal_uart.o
    0x08008246   0x08008246   0x00000006   Data   RO         1480    .rodata..Lswitch.table.UART_SetConfig.7  stm32h7xx_hal_uart.o
    0x0800824c   0x0800824c   0x00000010   Data   RO         1536    .rodata.D1CorePrescTable  system_stm32h7xx.o
    0x0800825c   0x0800825c   0x00000018   Data   RO         1478    .rodata.UARTPrescTable  stm32h7xx_hal_uart.o
    0x08008274   0x08008274   0x00000010   Data   RO         1521    .rodata.cst8        stm32h7xx_hal_uart_ex.o
    0x08008284   0x08008284   0x00000040   Data   RO         1616    Region$$Table       anon$$obj.o


    Execution Region RW_IRAM1 (Exec base: 0x20000000, Load base: 0x080082c8, Size: 0x00000ab0, Max: 0x00020000, ABSOLUTE)

    Exec Addr    Load Addr    Size         Type   Attr      Idx    E Section Name        Object

    0x20000000   0x080082c8   0x00000004   Data   RW         1611    .data               mc_w.l(mvars.o)
    0x20000004   0x080082cc   0x00000004   Data   RW         1612    .data               mc_w.l(mvars.o)
    0x20000008   0x080082d0   0x00000004   Data   RW          119    .data.Psd_Lx        main.o
    0x2000000c   0x080082d4   0x00000004   Data   RW         1534    .data.SystemCoreClock  system_stm32h7xx.o
    0x20000010   0x080082d8   0x00000004   Data   RW         1535    .data.SystemD2Clock  system_stm32h7xx.o
    0x20000014   0x080082dc   0x00000001   Data   RW          127    .data.aa            main.o
    0x20000015   0x080082dd   0x00000001   Data   RW          126    .data.bb            main.o
    0x20000016   0x080082de   0x00000001   Data   RW         1040    .data.uwTickFreq    stm32h7xx_hal.o
    0x20000017   0x080082df   0x00000001   PAD
    0x20000018   0x080082e0   0x00000004   Data   RW         1039    .data.uwTickPrio    stm32h7xx_hal.o
    0x2000001c   0x080082e4   0x00000004   PAD
    0x20000020        -       0x00000004   Zero   RW          179    .bss.HAL_RCC_ADC12_CLK_ENABLED  adc.o
    0x20000024        -       0x00000004   Zero   RW          136    .bss.adc1_ave       main.o
    0x20000028        -       0x00000001   Zero   RW          135    .bss.adc1flag       main.o
    0x20000029   0x080082e4   0x00000003   PAD
    0x2000002c        -       0x00000004   Zero   RW          138    .bss.adc2_ave       main.o
    0x20000030        -       0x00000001   Zero   RW          137    .bss.adc2flag       main.o
    0x20000031   0x080082e4   0x00000003   PAD
    0x20000034        -       0x00000004   Zero   RW          140    .bss.adc3_ave       main.o
    0x20000038        -       0x00000001   Zero   RW          139    .bss.adc3flag       main.o
    0x20000039   0x080082e4   0x00000003   PAD
    0x2000003c        -       0x00000004   Zero   RW          134    .bss.dac_value      main.o
    0x20000040        -       0x00000064   Zero   RW          176    .bss.hadc1          adc.o
    0x200000a4        -       0x00000064   Zero   RW          177    .bss.hadc2          adc.o
    0x20000108        -       0x00000064   Zero   RW          178    .bss.hadc3          adc.o
    0x2000016c        -       0x00000014   Zero   RW          206    .bss.hdac1          dac.o
    0x20000180        -       0x00000078   Zero   RW          180    .bss.hdma_adc1      adc.o
    0x200001f8        -       0x00000078   Zero   RW          181    .bss.hdma_adc2      adc.o
    0x20000270        -       0x00000078   Zero   RW          182    .bss.hdma_adc3      adc.o
    0x200002e8        -       0x00000078   Zero   RW          249    .bss.hdma_usart1_rx  usart.o
    0x20000360        -       0x00000078   Zero   RW          250    .bss.hdma_usart1_tx  usart.o
    0x200003d8        -       0x00000094   Zero   RW          248    .bss.huart1         usart.o
    0x2000046c        -       0x00000004   Zero   RW          120    .bss.postion_x      main.o
    0x20000470        -       0x00000004   Zero   RW          123    .bss.postion_x1     main.o
    0x20000474        -       0x00000004   Zero   RW          124    .bss.postion_x2     main.o
    0x20000478        -       0x00000014   Zero   RW          143    .bss.rx_buf         main.o
    0x2000048c        -       0x00000001   Zero   RW          144    .bss.rx_count       main.o
    0x2000048d        -       0x00000001   Zero   RW          129    .bss.rx_data        main.o
    0x2000048e   0x080082e4   0x00000002   PAD
    0x20000490        -       0x00000014   Zero   RW          130    .bss.tx_buf         main.o
    0x200004a4        -       0x00000004   Zero   RW         1041    .bss.uwTick         stm32h7xx_hal.o
    0x200004a8        -       0x00000004   Zero   RW          142    .bss.volt_fi        main.o
    0x200004ac        -       0x00000004   Zero   RW          141    .bss.volt_rate      main.o
    0x200004b0        -       0x00000200   Zero   RW            2    HEAP                startup_stm32h750xx.o
    0x200006b0        -       0x00000400   Zero   RW            1    STACK               startup_stm32h750xx.o


    Execution Region RW_IRAM2 (Exec base: 0x24000000, Load base: 0x080082e8, Size: 0x0001000c, Max: 0x00080000, ABSOLUTE, COMPRESSED[0x00000208])

    Exec Addr    Load Addr    Size         Type   Attr      Idx    E Section Name        Object

    0x24000000   COMPRESSED   0x0000000c   Data   RW          131    .ARM.__at_0x24000000  main.o
    0x2400000c   COMPRESSED   0x0000fff4   PAD
    0x24010000   COMPRESSED   0x0000000c   Data   RW          132    .ARM.__at_0x24010000  main.o


    Execution Region RW_IRAM3 (Exec base: 0x30000000, Load base: 0x080084f0, Size: 0x00000000, Max: 0x00048000, ABSOLUTE)

    **** No section assigned to this execution region ****


    Execution Region RW_IRAM4 (Exec base: 0x38000000, Load base: 0x080084fc, Size: 0x0000000c, Max: 0x00010000, ABSOLUTE)

    Exec Addr    Load Addr    Size         Type   Attr      Idx    E Section Name        Object

    0x38000000   0x080084fc   0x0000000c   Data   RW          133    .ARM.__at_0x38000000  main.o


==============================================================================

Image component sizes


      Code (inc. data)   RO Data    RW Data    ZI Data      Debug   Object Name

       934          0          0          0        664       8455   adc.o
        52          0          0          0          0       5499   bdma.o
       186          0          0          0         20       6129   dac.o
       100          0          0          0          0       5502   dma.o
       244          0          0          0          0       6384   filters.o
        86          0          0          0          0       2278   gpio.o
      1252          0          0          0          0      11656   i2c_hal.o
      1192         20          0         42         81      11444   main.o
        36          8        664          0       1536        820   startup_stm32h750xx.o
       280          0          0          5          4      15035   stm32h7xx_hal.o
      2630         12          0          0          0      25313   stm32h7xx_hal_adc.o
       412          0          0          0          0      26116   stm32h7xx_hal_adc_ex.o
       200          0          0          0          0      12578   stm32h7xx_hal_cortex.o
       410          0          0          0          0       9284   stm32h7xx_hal_dac.o
      8100         12          0          0          0      17862   stm32h7xx_hal_dma.o
       438          0          0          0          0       6969   stm32h7xx_hal_gpio.o
        32          0          0          0          0       2225   stm32h7xx_hal_msp.o
        72          0          0          0          0      10535   stm32h7xx_hal_pwr_ex.o
      2704         16          0          0          0      11663   stm32h7xx_hal_rcc.o
      5086        210          0          0          0      17912   stm32h7xx_hal_rcc_ex.o
      5594        300         36          0          0      36879   stm32h7xx_hal_uart.o
       442          0         16          0          0      11031   stm32h7xx_hal_uart_ex.o
       604          0          0          0          0       5906   stm32h7xx_it.o
       204          0         16          8          0       5938   system_stm32h7xx.o
       442          0          0          0        388      12039   usart.o

    ----------------------------------------------------------------------
     32168        586        796      65580       2708     285452   Object Totals
         0          0         64          0          0          0   (incl. Generated)
       436          8          0      65525         15          0   (incl. Padding)

    ----------------------------------------------------------------------

      Code (inc. data)   RO Data    RW Data    ZI Data      Debug   Library Member Name

        58          0          0          0          0          0   __dczerorl.o
        28          0          0          0          0         76   calloc.o
         0          0          0          0          0          0   entry.o
         0          0          0          0          0          0   entry10a.o
         0          0          0          0          0          0   entry11a.o
         8          4          0          0          0          0   entry2.o
         4          0          0          0          0          0   entry5.o
         0          0          0          0          0          0   entry7b.o
         0          0          0          0          0          0   entry8b.o
         8          4          0          0          0          0   entry9a.o
        30          0          0          0          0          0   handlers.o
        48         10          0          0          0         68   init.o
        30          0          0          0          0         68   llshl.o
        32          0          0          0          0         68   llushr.o
       108         16          0          0          0         84   malloc.o
        36          0          0          0          0        108   memseta.o
         0          0          0          8          0          0   mvars.o
        14          0          0          0          0         68   strlen.o
        98          0          0          0          0         92   uldiv.o

    ----------------------------------------------------------------------
       512         34          0          8          0        632   Library Totals
        10          0          0          0          0          0   (incl. Padding)

    ----------------------------------------------------------------------

      Code (inc. data)   RO Data    RW Data    ZI Data      Debug   Library Name

       502         34          0          8          0        632   mc_w.l

    ----------------------------------------------------------------------
       512         34          0          8          0        632   Library Totals

    ----------------------------------------------------------------------

==============================================================================


      Code (inc. data)   RO Data    RW Data    ZI Data      Debug   

     32680        620        796      65588       2708     285700   Grand Totals
     32680        620        796        560       2708     285700   ELF Image Totals (compressed)
     32680        620        796        560          0          0   ROM Totals

==============================================================================

    Total RO  Size (Code + RO Data)                33476 (  32.69kB)
    Total RW  Size (RW Data + ZI Data)             68296 (  66.70kB)
    Total ROM Size (Code + RO Data + RW Data)      34036 (  33.24kB)

==============================================================================

